[21:33:22.550] Running build in Washington, D.C., USA (East) – iad1
[21:33:22.550] Build machine configuration: 2 cores, 8 GB
[21:33:22.563] Cloning github.com/Prthmsh7/Surreal-Sellene (Branch: main, Commit: fb7b28c)
[21:33:23.069] Cloning completed: 506.000ms
[21:33:23.399] Restored build cache from previous deployment (HtdXGtz3CpbGN3fLJfSTWSZb61qP)
[21:33:23.686] Running "vercel build"
[21:33:24.130] Vercel CLI 42.2.0
[21:33:24.709] Running "install" command: `npm install`...
[21:33:29.798] npm warn deprecated rimraf@3.0.2: Rimraf versions prior to v4 are no longer supported
[21:33:30.021] npm warn deprecated querystring@0.2.1: The querystring API is considered Legacy. new code should use the URLSearchParams API instead.
[21:33:30.880] npm warn deprecated lodash.isequal@4.5.0: This package is deprecated. Use require('node:util').isDeepStrictEqual instead.
[21:33:31.423] npm warn deprecated inflight@1.0.6: This module is not supported, and leaks memory. Do not use it. Check out lru-cache if you want a good and tested way to coalesce async requests by a key value, which is much more comprehensive and powerful.
[21:33:31.538] npm warn deprecated glob@7.2.3: Glob versions prior to v9 are no longer supported
[21:33:34.828] npm warn deprecated @walletconnect/modal@2.6.2: Please follow the migration guide on https://docs.reown.com/appkit/upgrade/wcm
[21:33:35.257] npm warn deprecated @humanwhocodes/object-schema@2.0.3: Use @eslint/object-schema instead
[21:33:35.311] npm warn deprecated @humanwhocodes/config-array@0.13.0: Use @eslint/config-array instead
[21:33:35.323] npm warn deprecated @paulmillr/qr@0.2.1: The package is now available as "qr": npm install qr
[21:33:35.591] npm warn deprecated @unimodules/react-native-adapter@6.5.0: replaced by the 'expo' package, learn more: https://blog.expo.dev/whats-new-in-expo-modules-infrastructure-7a7cdda81ebc
[21:33:35.700] npm warn deprecated @unimodules/core@7.2.0: replaced by the 'expo' package, learn more: https://blog.expo.dev/whats-new-in-expo-modules-infrastructure-7a7cdda81ebc
[21:33:36.491] npm warn deprecated @tronweb3/google-protobuf@3.21.4: This package is deprecated. Please use the official package google-protobuf instead.
[21:33:37.584] npm warn deprecated @web3modal/wagmi@5.1.11: Web3Modal is now Reown AppKit. Please follow the upgrade guide at https://docs.reown.com/appkit/upgrade/from-w3m-to-reown
[21:33:38.186] npm warn deprecated @motionone/vue@10.16.4: Motion One for Vue is deprecated. Use Oku Motion instead https://oku-ui.com/motion
[21:33:39.397] npm warn deprecated @web3modal/siwe@5.1.11: Web3Modal is now Reown AppKit. Please follow the upgrade guide at https://docs.reown.com/appkit/upgrade/from-w3m-to-reown
[21:33:39.589] npm warn deprecated expo-random@14.0.1: This package is now deprecated in favor of expo-crypto, which provides the same functionality. To migrate, replace all imports from expo-random with imports from expo-crypto.
[21:33:43.696] npm warn deprecated @web3modal/core@5.1.11: Web3Modal is now Reown AppKit. Please follow the upgrade guide at https://docs.reown.com/appkit/upgrade/from-w3m-to-reown
[21:33:45.330] npm warn deprecated @walletconnect/sign-client@2.16.1: Reliability and performance improvements. See: https://github.com/WalletConnect/walletconnect-monorepo/releases
[21:33:45.592] npm warn deprecated @walletconnect/ethereum-provider@2.16.1: Reliability and performance improvements. See: https://github.com/WalletConnect/walletconnect-monorepo/releases
[21:33:48.324] npm warn deprecated eslint@8.57.1: This version is no longer supported. Please see https://eslint.org/version-support for other options.
[21:33:55.765] npm warn deprecated @web3modal/ui@5.1.11: Web3Modal is now Reown AppKit. Please follow the upgrade guide at https://docs.reown.com/appkit/upgrade/from-w3m-to-reown
[21:34:31.128] 
[21:34:31.129] added 1639 packages, removed 12 packages, changed 1 package, and audited 1659 packages in 1m
[21:34:31.129] 
[21:34:31.131] 198 packages are looking for funding
[21:34:31.131]   run `npm fund` for details
[21:34:31.140] 
[21:34:31.141] 7 vulnerabilities (2 moderate, 5 high)
[21:34:31.141] 
[21:34:31.141] To address all issues (including breaking changes), run:
[21:34:31.142]   npm audit fix --force
[21:34:31.142] 
[21:34:31.142] Run `npm audit` for details.
[21:34:31.319] Running "npm run build"
[21:34:31.438] 
[21:34:31.442] > sellene@0.1.0 build
[21:34:31.442] > tsc && vite build
[21:34:31.442] 
[21:34:39.547] src/App.tsx(1,8): error TS6133: 'React' is declared but its value is never read.
[21:34:39.548] src/App.tsx(1,17): error TS2305: Module '"react"' has no exported member 'Suspense'.
[21:34:39.548] src/App.tsx(1,27): error TS2305: Module '"react"' has no exported member 'lazy'.
[21:34:39.548] src/App.tsx(2,10): error TS2305: Module '"@chakra-ui/react"' has no exported member 'ChakraProvider'.
[21:34:39.548] src/App.tsx(34,4): error TS2786: 'Center' cannot be used as a JSX component.
[21:34:39.548]   Its type 'ComponentType<CenterProps>' is not a valid JSX element type.
[21:34:39.549]     Type 'ComponentType<CenterProps>' is not assignable to type '(props: any, deprecatedLegacyContext?: any) => ReactNode'.
[21:34:39.549]       Type 'Element | null' is not assignable to type 'ReactNode'.
[21:34:39.549]         Type 'Element' is not assignable to type 'ReactNode'.
[21:34:39.549]           Property 'children' is missing in type 'Element' but required in type 'ReactPortal'.
[21:34:39.549] src/App.tsx(35,5): error TS2559: Type 'ReactElement<any, any>' has no properties in common with type 'ReactNode'.
[21:34:39.550] src/App.tsx(35,6): error TS2786: 'Spinner' cannot be used as a JSX component.
[21:34:39.550]   Its type 'ComponentType<SpinnerProps>' is not a valid JSX element type.
[21:34:39.550]     Type 'ComponentType<SpinnerProps>' is not assignable to type '(props: any, deprecatedLegacyContext?: any) => ReactNode'.
[21:34:39.550]       Type 'Element | null' is not assignable to type 'ReactNode'.
[21:34:39.550]         Type 'Element' is not assignable to type 'ReactNode'.
[21:34:39.550]           Property 'children' is missing in type 'Element' but required in type 'ReactPortal'.
[21:34:39.551] src/App.tsx(36,7): error TS2322: Type '{ thickness: string; speed: string; emptyColor: string; color: string; size: string; }' is not assignable to type 'IntrinsicAttributes & SpinnerProps'.
[21:34:39.551]   Property 'thickness' does not exist on type 'IntrinsicAttributes & SpinnerProps'.
[21:34:39.551] src/App.tsx(50,11): error TS2559: Type 'ReactElement<any, any>' has no properties in common with type 'ReactNode'.
[21:34:39.551] src/App.tsx(52,15): error TS2559: Type 'ReactElement<any, any>' has no properties in common with type 'ReactNode'.
[21:34:39.551] src/App.tsx(53,17): error TS2559: Type 'ReactElement<any, any>' has no properties in common with type 'ReactNode'.
[21:34:39.551] src/App.tsx(53,18): error TS2786: 'Router' cannot be used as a JSX component.
[21:34:39.551]   Its type '({ basename, children, future, window, }: BrowserRouterProps) => Element' is not a valid JSX element type.
[21:34:39.551]     Type '({ basename, children, future, window, }: BrowserRouterProps) => Element' is not assignable to type '(props: any, deprecatedLegacyContext?: any) => ReactNode'.
[21:34:39.551]       Type 'Element' is not assignable to type 'ReactNode'.
[21:34:39.551]         Property 'children' is missing in type 'Element' but required in type 'ReactPortal'.
[21:34:39.551] src/App.tsx(54,19): error TS2559: Type 'ReactElement<any, any>' has no properties in common with type 'ReactNode'.
[21:34:39.551] src/App.tsx(58,26): error TS2746: This JSX tag's 'children' prop expects a single child of type 'ReactNode | undefined', but multiple children were provided.
[21:34:39.552] src/App.tsx(60,43): error TS2559: Type 'ReactElement<any, any>' has no properties in common with type 'ReactNode'.
[21:34:39.552] src/App.tsx(61,48): error TS2559: Type 'ReactElement<any, any>' has no properties in common with type 'ReactNode'.
[21:34:39.552] src/App.tsx(62,54): error TS2559: Type 'ReactElement<any, any>' has no properties in common with type 'ReactNode'.
[21:34:39.552] src/App.tsx(63,53): error TS2559: Type 'ReactElement<any, any>' has no properties in common with type 'ReactNode'.
[21:34:39.552] src/App.tsx(64,50): error TS2559: Type 'ReactElement<any, any>' has no properties in common with type 'ReactNode'.
[21:34:39.552] src/App.tsx(65,54): error TS2559: Type 'ReactElement<any, any>' has no properties in common with type 'ReactNode'.
[21:34:39.552] src/App.tsx(66,47): error TS2559: Type 'ReactElement<any, any>' has no properties in common with type 'ReactNode'.
[21:34:39.552] src/App.tsx(67,56): error TS2559: Type 'ReactElement<any, any>' has no properties in common with type 'ReactNode'.
[21:34:39.552] src/App.tsx(70,28): error TS2746: This JSX tag's 'children' prop expects a single child of type 'ReactNode | undefined', but multiple children were provided.
[21:34:39.552] src/App.tsx(70,52): error TS2559: Type 'ReactElement<any, any>' has no properties in common with type 'ReactNode'.
[21:34:39.552] src/App.tsx(71,42): error TS2559: Type 'ReactElement<any, any>' has no properties in common with type 'ReactNode'.
[21:34:39.552] src/App.tsx(72,52): error TS2559: Type 'ReactElement<any, any>' has no properties in common with type 'ReactNode'.
[21:34:39.552] src/App.tsx(73,53): error TS2559: Type 'ReactElement<any, any>' has no properties in common with type 'ReactNode'.
[21:34:39.552] src/App.tsx(74,51): error TS2559: Type 'ReactElement<any, any>' has no properties in common with type 'ReactNode'.
[21:34:39.552] src/App.tsx(75,53): error TS2559: Type 'ReactElement<any, any>' has no properties in common with type 'ReactNode'.
[21:34:39.552] src/App.tsx(76,49): error TS2559: Type 'ReactElement<any, any>' has no properties in common with type 'ReactNode'.
[21:34:39.552] src/App.tsx(80,43): error TS2559: Type 'ReactElement<any, any>' has no properties in common with type 'ReactNode'.
[21:34:39.552] src/components/AnimatedPage.tsx(1,1): error TS6133: 'Box' is declared but its value is never read.
[21:34:39.552] src/components/AnimatedPage.tsx(11,6): error TS2786: 'motion.div' cannot be used as a JSX component.
[21:34:39.552]   Its type 'ForwardRefComponent<HTMLDivElement, HTMLMotionProps<Tag>>' is not a valid JSX element type.
[21:34:39.552]     Type 'ForwardRefComponent<HTMLDivElement, HTMLMotionProps<Tag>>' is not assignable to type '(props: any, deprecatedLegacyContext?: any) => ReactNode'.
[21:34:39.552]       Type 'Element' is not assignable to type 'ReactNode'.
[21:34:39.552]         Property 'children' is missing in type 'Element' but required in type 'ReactPortal'.
[21:34:39.552] src/components/BreakdownChart.tsx(2,21): error TS2305: Module '"@chakra-ui/react"' has no exported member 'useColorModeValue'.
[21:34:39.552] src/components/BreakdownChart.tsx(31,6): error TS2746: This JSX tag's 'children' prop expects a single child of type 'ReactNode | undefined', but multiple children were provided.
[21:34:39.552] src/components/BreakdownChart.tsx(31,6): error TS2786: 'Box' cannot be used as a JSX component.
[21:34:39.552]   Its type 'ComponentType<BoxProps>' is not a valid JSX element type.
[21:34:39.552]     Type 'ComponentType<BoxProps>' is not assignable to type '(props: any, deprecatedLegacyContext?: any) => ReactNode'.
[21:34:39.552]       Type 'Element | null' is not assignable to type 'ReactNode'.
[21:34:39.552]         Type 'Element' is not assignable to type 'ReactNode'.
[21:34:39.553]           Property 'children' is missing in type 'Element' but required in type 'ReactPortal'.
[21:34:39.553] src/components/BreakdownChart.tsx(119,8): error TS2786: 'Box' cannot be used as a JSX component.
[21:34:39.553]   Its type 'ComponentType<BoxProps>' is not a valid JSX element type.
[21:34:39.553]     Type 'ComponentType<BoxProps>' is not assignable to type '(props: any, deprecatedLegacyContext?: any) => ReactNode'.
[21:34:39.553]       Type 'Element | null' is not assignable to type 'ReactNode'.
[21:34:39.553]         Type 'Element' is not assignable to type 'ReactNode'.
[21:34:39.553]           Property 'children' is missing in type 'Element' but required in type 'ReactPortal'.
[21:34:39.553] src/components/BreakdownChart.tsx(132,9): error TS2559: Type 'ReactElement<any, any>' has no properties in common with type 'ReactNode'.
[21:34:39.553] src/components/BreakdownChart.tsx(132,10): error TS2746: This JSX tag's 'children' prop expects a single child of type 'ReactNode | undefined', but multiple children were provided.
[21:34:39.553] src/components/BreakdownChart.tsx(132,10): error TS2786: 'Text' cannot be used as a JSX component.
[21:34:39.553]   Its type 'ComponentType<TextProps>' is not a valid JSX element type.
[21:34:39.553]     Type 'ComponentType<TextProps>' is not assignable to type '(props: any, deprecatedLegacyContext?: any) => ReactNode'.
[21:34:39.553]       Type 'Element | null' is not assignable to type 'ReactNode'.
[21:34:39.553]         Type 'Element' is not assignable to type 'ReactNode'.
[21:34:39.553]           Property 'children' is missing in type 'Element' but required in type 'ReactPortal'.
[21:34:39.553] src/components/CrossChainTransfer.tsx(39,24): error TS2345: Argument of type 'string' is not assignable to parameter of type '`0x${string}`'.
[21:34:39.553] src/components/CrossChainTransfer.tsx(65,6): error TS2786: 'Box' cannot be used as a JSX component.
[21:34:39.553]   Its type 'ComponentType<BoxProps>' is not a valid JSX element type.
[21:34:39.553]     Type 'ComponentType<BoxProps>' is not assignable to type '(props: any, deprecatedLegacyContext?: any) => ReactNode'.
[21:34:39.553]       Type 'Element | null' is not assignable to type 'ReactNode'.
[21:34:39.554]         Type 'Element' is not assignable to type 'ReactNode'.
[21:34:39.554]           Property 'children' is missing in type 'Element' but required in type 'ReactPortal'.
[21:34:39.554] src/components/CrossChainTransfer.tsx(75,7): error TS2559: Type 'ReactElement<any, any>' has no properties in common with type 'ReactNode'.
[21:34:39.554] src/components/CrossChainTransfer.tsx(76,10): error TS2746: This JSX tag's 'children' prop expects a single child of type 'ReactNode | undefined', but multiple children were provided.
[21:34:39.554] src/components/CrossChainTransfer.tsx(76,10): error TS2786: 'VStack' cannot be used as a JSX component.
[21:34:39.554]   Its type 'ComponentType<VStackProps>' is not a valid JSX element type.
[21:34:39.554]     Type 'ComponentType<VStackProps>' is not assignable to type '(props: any, deprecatedLegacyContext?: any) => ReactNode'.
[21:34:39.554]       Type 'Element | null' is not assignable to type 'ReactNode'.
[21:34:39.554]         Type 'Element' is not assignable to type 'ReactNode'.
[21:34:39.554]           Property 'children' is missing in type 'Element' but required in type 'ReactPortal'.
[21:34:39.554] src/components/CrossChainTransfer.tsx(77,12): error TS2786: 'Text' cannot be used as a JSX component.
[21:34:39.554]   Its type 'ComponentType<TextProps>' is not a valid JSX element type.
[21:34:39.554]     Type 'ComponentType<TextProps>' is not assignable to type '(props: any, deprecatedLegacyContext?: any) => ReactNode'.
[21:34:39.554]       Type 'Element | null' is not assignable to type 'ReactNode'.
[21:34:39.554]         Type 'Element' is not assignable to type 'ReactNode'.
[21:34:39.554]           Property 'children' is missing in type 'Element' but required in type 'ReactPortal'.
[21:34:39.554] src/components/CrossChainTransfer.tsx(77,69): error TS2559: Type 'string' has no properties in common with type 'ReactNode'.
[21:34:39.554] src/components/CrossChainTransfer.tsx(81,12): error TS2746: This JSX tag's 'children' prop expects a single child of type 'ReactNode | undefined', but multiple children were provided.
[21:34:39.554] src/components/CrossChainTransfer.tsx(81,12): error TS2786: 'FormControl' cannot be used as a JSX component.
[21:34:39.554]   Its type 'ComponentType<FormControlProps>' is not a valid JSX element type.
[21:34:39.554]     Type 'ComponentType<FormControlProps>' is not assignable to type '(props: any, deprecatedLegacyContext?: any) => ReactNode'.
[21:34:39.554]       Type 'Element | null' is not assignable to type 'ReactNode'.
[21:34:39.555]         Type 'Element' is not assignable to type 'ReactNode'.
[21:34:39.555]           Property 'children' is missing in type 'Element' but required in type 'ReactPortal'.
[21:34:39.555] src/components/CrossChainTransfer.tsx(82,14): error TS2786: 'FormLabel' cannot be used as a JSX component.
[21:34:39.555]   Its type 'ComponentType<FormLabelProps>' is not a valid JSX element type.
[21:34:39.555]     Type 'ComponentType<FormLabelProps>' is not assignable to type '(props: any, deprecatedLegacyContext?: any) => ReactNode'.
[21:34:39.556]       Type 'Element | null' is not assignable to type 'ReactNode'.
[21:34:39.556]         Type 'Element' is not assignable to type 'ReactNode'.
[21:34:39.556]           Property 'children' is missing in type 'Element' but required in type 'ReactPortal'.
[21:34:39.556] src/components/CrossChainTransfer.tsx(82,24): error TS2559: Type 'string' has no properties in common with type 'ReactNode'.
[21:34:39.556] src/components/CrossChainTransfer.tsx(83,14): error TS2786: 'Input' cannot be used as a JSX component.
[21:34:39.557]   Its type 'ComponentType<InputProps>' is not a valid JSX element type.
[21:34:39.557]     Type 'ComponentType<InputProps>' is not assignable to type '(props: any, deprecatedLegacyContext?: any) => ReactNode'.
[21:34:39.557]       Type 'Element | null' is not assignable to type 'ReactNode'.
[21:34:39.557]         Type 'Element' is not assignable to type 'ReactNode'.
[21:34:39.557]           Property 'children' is missing in type 'Element' but required in type 'ReactPortal'.
[21:34:39.558] src/components/CrossChainTransfer.tsx(90,12): error TS2746: This JSX tag's 'children' prop expects a single child of type 'ReactNode | undefined', but multiple children were provided.
[21:34:39.558] src/components/CrossChainTransfer.tsx(90,12): error TS2786: 'FormControl' cannot be used as a JSX component.
[21:34:39.558]   Its type 'ComponentType<FormControlProps>' is not a valid JSX element type.
[21:34:39.558]     Type 'ComponentType<FormControlProps>' is not assignable to type '(props: any, deprecatedLegacyContext?: any) => ReactNode'.
[21:34:39.558]       Type 'Element | null' is not assignable to type 'ReactNode'.
[21:34:39.559]         Type 'Element' is not assignable to type 'ReactNode'.
[21:34:39.559]           Property 'children' is missing in type 'Element' but required in type 'ReactPortal'.
[21:34:39.560] src/components/CrossChainTransfer.tsx(91,14): error TS2786: 'FormLabel' cannot be used as a JSX component.
[21:34:39.560]   Its type 'ComponentType<FormLabelProps>' is not a valid JSX element type.
[21:34:39.560]     Type 'ComponentType<FormLabelProps>' is not assignable to type '(props: any, deprecatedLegacyContext?: any) => ReactNode'.
[21:34:39.560]       Type 'Element | null' is not assignable to type 'ReactNode'.
[21:34:39.561]         Type 'Element' is not assignable to type 'ReactNode'.
[21:34:39.561]           Property 'children' is missing in type 'Element' but required in type 'ReactPortal'.
[21:34:39.561] src/components/CrossChainTransfer.tsx(91,24): error TS2559: Type 'string' has no properties in common with type 'ReactNode'.
[21:34:39.561] src/components/CrossChainTransfer.tsx(92,14): error TS2786: 'Input' cannot be used as a JSX component.
[21:34:39.562]   Its type 'ComponentType<InputProps>' is not a valid JSX element type.
[21:34:39.562]     Type 'ComponentType<InputProps>' is not assignable to type '(props: any, deprecatedLegacyContext?: any) => ReactNode'.
[21:34:39.562]       Type 'Element | null' is not assignable to type 'ReactNode'.
[21:34:39.562]         Type 'Element' is not assignable to type 'ReactNode'.
[21:34:39.562]           Property 'children' is missing in type 'Element' but required in type 'ReactPortal'.
[21:34:39.562] src/components/CrossChainTransfer.tsx(97,15): error TS2322: Type '{ type: string; value: string; onChange: (e: ChangeEvent<HTMLInputElement>) => void; placeholder: string; step: string; }' is not assignable to type 'IntrinsicAttributes & InputProps'.
[21:34:39.563]   Property 'step' does not exist on type 'IntrinsicAttributes & InputProps'.
[21:34:39.563] src/components/CrossChainTransfer.tsx(101,12): error TS2746: This JSX tag's 'children' prop expects a single child of type 'ReactNode | undefined', but multiple children were provided.
[21:34:39.563] src/components/CrossChainTransfer.tsx(101,12): error TS2786: 'FormControl' cannot be used as a JSX component.
[21:34:39.563]   Its type 'ComponentType<FormControlProps>' is not a valid JSX element type.
[21:34:39.563]     Type 'ComponentType<FormControlProps>' is not assignable to type '(props: any, deprecatedLegacyContext?: any) => ReactNode'.
[21:34:39.563]       Type 'Element | null' is not assignable to type 'ReactNode'.
[21:34:39.564]         Type 'Element' is not assignable to type 'ReactNode'.
[21:34:39.564]           Property 'children' is missing in type 'Element' but required in type 'ReactPortal'.
[21:34:39.564] src/components/CrossChainTransfer.tsx(102,14): error TS2786: 'FormLabel' cannot be used as a JSX component.
[21:34:39.564]   Its type 'ComponentType<FormLabelProps>' is not a valid JSX element type.
[21:34:39.564]     Type 'ComponentType<FormLabelProps>' is not assignable to type '(props: any, deprecatedLegacyContext?: any) => ReactNode'.
[21:34:39.565]       Type 'Element | null' is not assignable to type 'ReactNode'.
[21:34:39.565]         Type 'Element' is not assignable to type 'ReactNode'.
[21:34:39.565]           Property 'children' is missing in type 'Element' but required in type 'ReactPortal'.
[21:34:39.565] src/components/CrossChainTransfer.tsx(102,24): error TS2559: Type 'string' has no properties in common with type 'ReactNode'.
[21:34:39.565] src/components/CrossChainTransfer.tsx(103,14): error TS2746: This JSX tag's 'children' prop expects a single child of type 'ReactNode | undefined', but multiple children were provided.
[21:34:39.565] src/components/CrossChainTransfer.tsx(103,14): error TS2786: 'Select' cannot be used as a JSX component.
[21:34:39.565]   Its type 'ComponentType<SelectProps>' is not a valid JSX element type.
[21:34:39.565]     Type 'ComponentType<SelectProps>' is not assignable to type '(props: any, deprecatedLegacyContext?: any) => ReactNode'.
[21:34:39.565]       Type 'Element | null' is not assignable to type 'ReactNode'.
[21:34:39.565]         Type 'Element' is not assignable to type 'ReactNode'.
[21:34:39.565]           Property 'children' is missing in type 'Element' but required in type 'ReactPortal'.
[21:34:39.565] src/components/CrossChainTransfer.tsx(105,26): error TS7006: Parameter 'e' implicitly has an 'any' type.
[21:34:39.565] src/components/CrossChainTransfer.tsx(107,23): error TS2322: Type '1n' is not assignable to type 'string | number | readonly string[] | undefined'.
[21:34:39.565] src/components/CrossChainTransfer.tsx(108,23): error TS2322: Type '137n' is not assignable to type 'string | number | readonly string[] | undefined'.
[21:34:39.565] src/components/CrossChainTransfer.tsx(109,23): error TS2322: Type '56n' is not assignable to type 'string | number | readonly string[] | undefined'.
[21:34:39.565] src/components/CrossChainTransfer.tsx(110,23): error TS2322: Type '88n' is not assignable to type 'string | number | readonly string[] | undefined'.
[21:34:39.565] src/components/CrossChainTransfer.tsx(114,12): error TS2786: 'Button' cannot be used as a JSX component.
[21:34:39.565]   Its type 'ComponentType<ButtonProps>' is not a valid JSX element type.
[21:34:39.565]     Type 'ComponentType<ButtonProps>' is not assignable to type '(props: any, deprecatedLegacyContext?: any) => ReactNode'.
[21:34:39.565]       Type 'Element | null' is not assignable to type 'ReactNode'.
[21:34:39.565]         Type 'Element' is not assignable to type 'ReactNode'.
[21:34:39.565]           Property 'children' is missing in type 'Element' but required in type 'ReactPortal'.
[21:34:39.566] src/components/CrossChainTransfer.tsx(120,12): error TS2559: Type 'string' has no properties in common with type 'ReactNode'.
[21:34:39.566] src/components/CrossChainTransfer.tsx(125,14): error TS2786: 'Text' cannot be used as a JSX component.
[21:34:39.566]   Its type 'ComponentType<TextProps>' is not a valid JSX element type.
[21:34:39.566]     Type 'ComponentType<TextProps>' is not assignable to type '(props: any, deprecatedLegacyContext?: any) => ReactNode'.
[21:34:39.566]       Type 'Element | null' is not assignable to type 'ReactNode'.
[21:34:39.566]         Type 'Element' is not assignable to type 'ReactNode'.
[21:34:39.566]           Property 'children' is missing in type 'Element' but required in type 'ReactPortal'.
[21:34:39.566] src/components/CrossChainTransfer.tsx(126,15): error TS2559: Type 'string' has no properties in common with type 'ReactNode'.
[21:34:39.566] src/components/DashboardLayout.tsx(1,15): error TS2305: Module '"@chakra-ui/react"' has no exported member 'useColorModeValue'.
[21:34:39.566] src/components/DashboardLayout.tsx(1,34): error TS2305: Module '"@chakra-ui/react"' has no exported member 'Flex'.
[21:34:39.566] src/components/DashboardLayout.tsx(1,40): error TS2305: Module '"@chakra-ui/react"' has no exported member 'useDisclosure'.
[21:34:39.566] src/components/DashboardLayout.tsx(3,10): error TS2305: Module '"react-icons/fa"' has no exported member 'FaBars'.
[21:34:39.566] src/components/DashboardLayout.tsx(11,6): error TS2786: 'Box' cannot be used as a JSX component.
[21:34:39.566]   Its type 'ComponentType<BoxProps>' is not a valid JSX element type.
[21:34:39.566]     Type 'ComponentType<BoxProps>' is not assignable to type '(props: any, deprecatedLegacyContext?: any) => ReactNode'.
[21:34:39.566]       Type 'Element | null' is not assignable to type 'ReactNode'.
[21:34:39.566]         Type 'Element' is not assignable to type 'ReactNode'.
[21:34:39.566]           Property 'children' is missing in type 'Element' but required in type 'ReactPortal'.
[21:34:39.566] src/components/DashboardLayout.tsx(12,7): error TS2559: Type 'ReactElement<any, any>' has no properties in common with type 'ReactNode'.
[21:34:39.566] src/components/DashboardLayout.tsx(14,10): error TS2786: 'Button' cannot be used as a JSX component.
[21:34:39.566]   Its type 'ComponentType<ButtonProps>' is not a valid JSX element type.
[21:34:39.566]     Type 'ComponentType<ButtonProps>' is not assignable to type '(props: any, deprecatedLegacyContext?: any) => ReactNode'.
[21:34:39.566]       Type 'Element | null' is not assignable to type 'ReactNode'.
[21:34:39.566]         Type 'Element' is not assignable to type 'ReactNode'.
[21:34:39.566]           Property 'children' is missing in type 'Element' but required in type 'ReactPortal'.
[21:34:39.566] src/components/DashboardLayout.tsx(15,11): error TS2322: Type '{ base: string; md: string; }' is not assignable to type 'string'.
[21:34:39.566] src/components/DashboardLayout.tsx(25,11): error TS2559: Type 'ReactElement<any, any>' has no properties in common with type 'ReactNode'.
[21:34:39.566] src/components/DashboardLayout.tsx(25,12): error TS2786: 'Icon' cannot be used as a JSX component.
[21:34:39.566]   Its type 'ComponentType<IconProps>' is not a valid JSX element type.
[21:34:39.566]     Type 'ComponentType<IconProps>' is not assignable to type '(props: any, deprecatedLegacyContext?: any) => ReactNode'.
[21:34:39.566]       Type 'Element | null' is not assignable to type 'ReactNode'.
[21:34:39.566]         Type 'Element' is not assignable to type 'ReactNode'.
[21:34:39.566]           Property 'children' is missing in type 'Element' but required in type 'ReactPortal'.
[21:34:39.566] src/components/DashboardLayout.tsx(25,29): error TS2322: Type '{ as: any; w: number; h: number; }' is not assignable to type 'IntrinsicAttributes & IconProps'.
[21:34:39.566]   Property 'w' does not exist on type 'IntrinsicAttributes & IconProps'.
[21:34:39.566] src/components/DashboardLayout.tsx(29,10): error TS2786: 'Box' cannot be used as a JSX component.
[21:34:39.566]   Its type 'ComponentType<BoxProps>' is not a valid JSX element type.
[21:34:39.566]     Type 'ComponentType<BoxProps>' is not assignable to type '(props: any, deprecatedLegacyContext?: any) => ReactNode'.
[21:34:39.566]       Type 'Element | null' is not assignable to type 'ReactNode'.
[21:34:39.566]         Type 'Element' is not assignable to type 'ReactNode'.
[21:34:39.566]           Property 'children' is missing in type 'Element' but required in type 'ReactPortal'.
[21:34:39.566] src/components/DashboardLayout.tsx(31,11): error TS2322: Type 'number' is not assignable to type 'string'.
[21:34:39.567] src/components/DashboardLayout.tsx(41,11): error TS2559: Type 'ReactElement<any, any>' has no properties in common with type 'ReactNode'.
[21:34:39.567] src/components/DashboardLayout.tsx(45,10): error TS2786: 'Box' cannot be used as a JSX component.
[21:34:39.567]   Its type 'ComponentType<BoxProps>' is not a valid JSX element type.
[21:34:39.567]     Type 'ComponentType<BoxProps>' is not assignable to type '(props: any, deprecatedLegacyContext?: any) => ReactNode'.
[21:34:39.567]       Type 'Element | null' is not assignable to type 'ReactNode'.
[21:34:39.567]         Type 'Element' is not assignable to type 'ReactNode'.
[21:34:39.567]           Property 'children' is missing in type 'Element' but required in type 'ReactPortal'.
[21:34:39.567] src/components/DashboardLayout.tsx(47,11): error TS2322: Type 'number' is not assignable to type 'string'.
[21:34:39.567] src/components/DashboardLayout.tsx(57,11): error TS2559: Type 'ReactElement<any, any>' has no properties in common with type 'ReactNode'.
[21:34:39.567] src/components/DashboardLayout.tsx(61,10): error TS2786: 'Box' cannot be used as a JSX component.
[21:34:39.567]   Its type 'ComponentType<BoxProps>' is not a valid JSX element type.
[21:34:39.567]     Type 'ComponentType<BoxProps>' is not assignable to type '(props: any, deprecatedLegacyContext?: any) => ReactNode'.
[21:34:39.567]       Type 'Element | null' is not assignable to type 'ReactNode'.
[21:34:39.567]         Type 'Element' is not assignable to type 'ReactNode'.
[21:34:39.567]           Property 'children' is missing in type 'Element' but required in type 'ReactPortal'.
[21:34:39.567] src/components/DashboardLayout.tsx(70,11): error TS2559: Type 'ReactElement<any, any>' has no properties in common with type 'ReactNode'.
[21:34:39.567] src/components/DashboardLayout.tsx(70,12): error TS2786: 'Box' cannot be used as a JSX component.
[21:34:39.567]   Its type 'ComponentType<BoxProps>' is not a valid JSX element type.
[21:34:39.567]     Type 'ComponentType<BoxProps>' is not assignable to type '(props: any, deprecatedLegacyContext?: any) => ReactNode'.
[21:34:39.567]       Type 'Element | null' is not assignable to type 'ReactNode'.
[21:34:39.567]         Type 'Element' is not assignable to type 'ReactNode'.
[21:34:39.567]           Property 'children' is missing in type 'Element' but required in type 'ReactPortal'.
[21:34:39.567] src/components/DashboardLayout.tsx(71,13): error TS2559: Type 'ReactElement<any, any>' has no properties in common with type 'ReactNode'.
[21:34:39.567] src/components/DeBridgeTest.tsx(1,8): error TS6133: 'React' is declared but its value is never read.
[21:34:39.567] src/components/DeBridgeTest.tsx(15,3): error TS2305: Module '"@chakra-ui/react"' has no exported member 'useColorModeValue'.
[21:34:39.567] src/components/DeBridgeTest.tsx(75,6): error TS2786: 'Box' cannot be used as a JSX component.
[21:34:39.567]   Its type 'ComponentType<BoxProps>' is not a valid JSX element type.
[21:34:39.567]     Type 'ComponentType<BoxProps>' is not assignable to type '(props: any, deprecatedLegacyContext?: any) => ReactNode'.
[21:34:39.567]       Type 'Element | null' is not assignable to type 'ReactNode'.
[21:34:39.567]         Type 'Element' is not assignable to type 'ReactNode'.
[21:34:39.567]           Property 'children' is missing in type 'Element' but required in type 'ReactPortal'.
[21:34:39.567] src/components/DeBridgeTest.tsx(83,7): error TS2559: Type 'ReactElement<any, any>' has no properties in common with type 'ReactNode'.
[21:34:39.567] src/components/DeBridgeTest.tsx(83,8): error TS2746: This JSX tag's 'children' prop expects a single child of type 'ReactNode | undefined', but multiple children were provided.
[21:34:39.567] src/components/DeBridgeTest.tsx(83,8): error TS2786: 'VStack' cannot be used as a JSX component.
[21:34:39.567]   Its type 'ComponentType<VStackProps>' is not a valid JSX element type.
[21:34:39.567]     Type 'ComponentType<VStackProps>' is not assignable to type '(props: any, deprecatedLegacyContext?: any) => ReactNode'.
[21:34:39.567]       Type 'Element | null' is not assignable to type 'ReactNode'.
[21:34:39.567]         Type 'Element' is not assignable to type 'ReactNode'.
[21:34:39.567]           Property 'children' is missing in type 'Element' but required in type 'ReactPortal'.
[21:34:39.567] src/components/DeBridgeTest.tsx(84,10): error TS2786: 'Heading' cannot be used as a JSX component.
[21:34:39.567]   Its type 'ComponentType<HeadingProps>' is not a valid JSX element type.
[21:34:39.567]     Type 'ComponentType<HeadingProps>' is not assignable to type '(props: any, deprecatedLegacyContext?: any) => ReactNode'.
[21:34:39.567]       Type 'Element | null' is not assignable to type 'ReactNode'.
[21:34:39.567]         Type 'Element' is not assignable to type 'ReactNode'.
[21:34:39.568]           Property 'children' is missing in type 'Element' but required in type 'ReactPortal'.
[21:34:39.568] src/components/DeBridgeTest.tsx(84,46): error TS2559: Type 'string' has no properties in common with type 'ReactNode'.
[21:34:39.568] src/components/DeBridgeTest.tsx(86,10): error TS2746: This JSX tag's 'children' prop expects a single child of type 'ReactNode | undefined', but multiple children were provided.
[21:34:39.568] src/components/DeBridgeTest.tsx(86,10): error TS2786: 'FormControl' cannot be used as a JSX component.
[21:34:39.568]   Its type 'ComponentType<FormControlProps>' is not a valid JSX element type.
[21:34:39.568]     Type 'ComponentType<FormControlProps>' is not assignable to type '(props: any, deprecatedLegacyContext?: any) => ReactNode'.
[21:34:39.568]       Type 'Element | null' is not assignable to type 'ReactNode'.
[21:34:39.568]         Type 'Element' is not assignable to type 'ReactNode'.
[21:34:39.568]           Property 'children' is missing in type 'Element' but required in type 'ReactPortal'.
[21:34:39.568] src/components/DeBridgeTest.tsx(87,12): error TS2786: 'FormLabel' cannot be used as a JSX component.
[21:34:39.568]   Its type 'ComponentType<FormLabelProps>' is not a valid JSX element type.
[21:34:39.568]     Type 'ComponentType<FormLabelProps>' is not assignable to type '(props: any, deprecatedLegacyContext?: any) => ReactNode'.
[21:34:39.568]       Type 'Element | null' is not assignable to type 'ReactNode'.
[21:34:39.568]         Type 'Element' is not assignable to type 'ReactNode'.
[21:34:39.568]           Property 'children' is missing in type 'Element' but required in type 'ReactPortal'.
[21:34:39.568] src/components/DeBridgeTest.tsx(87,40): error TS2559: Type 'string' has no properties in common with type 'ReactNode'.
[21:34:39.568] src/components/DeBridgeTest.tsx(88,12): error TS2786: 'Input' cannot be used as a JSX component.
[21:34:39.568]   Its type 'ComponentType<InputProps>' is not a valid JSX element type.
[21:34:39.568]     Type 'ComponentType<InputProps>' is not assignable to type '(props: any, deprecatedLegacyContext?: any) => ReactNode'.
[21:34:39.568]       Type 'Element | null' is not assignable to type 'ReactNode'.
[21:34:39.568]         Type 'Element' is not assignable to type 'ReactNode'.
[21:34:39.568]           Property 'children' is missing in type 'Element' but required in type 'ReactPortal'.
[21:34:39.568] src/components/DeBridgeTest.tsx(96,13): error TS2322: Type '{ type: string; value: string; onChange: (e: ChangeEvent<HTMLInputElement>) => void; placeholder: string; bg: any; color: any; borderColor: any; _placeholder: { ...; }; _hover: { ...; }; _focus: { ...; }; }' is not assignable to type 'IntrinsicAttributes & InputProps'.
[21:34:39.568]   Property '_placeholder' does not exist on type 'IntrinsicAttributes & InputProps'. Did you mean 'placeholder'?
[21:34:39.568] src/components/DeBridgeTest.tsx(102,10): error TS2746: This JSX tag's 'children' prop expects a single child of type 'ReactNode | undefined', but multiple children were provided.
[21:34:39.568] src/components/DeBridgeTest.tsx(102,10): error TS2786: 'FormControl' cannot be used as a JSX component.
[21:34:39.568]   Its type 'ComponentType<FormControlProps>' is not a valid JSX element type.
[21:34:39.568]     Type 'ComponentType<FormControlProps>' is not assignable to type '(props: any, deprecatedLegacyContext?: any) => ReactNode'.
[21:34:39.568]       Type 'Element | null' is not assignable to type 'ReactNode'.
[21:34:39.569]         Type 'Element' is not assignable to type 'ReactNode'.
[21:34:39.569]           Property 'children' is missing in type 'Element' but required in type 'ReactPortal'.
[21:34:39.569] src/components/DeBridgeTest.tsx(103,12): error TS2786: 'FormLabel' cannot be used as a JSX component.
[21:34:39.569]   Its type 'ComponentType<FormLabelProps>' is not a valid JSX element type.
[21:34:39.569]     Type 'ComponentType<FormLabelProps>' is not assignable to type '(props: any, deprecatedLegacyContext?: any) => ReactNode'.
[21:34:39.569]       Type 'Element | null' is not assignable to type 'ReactNode'.
[21:34:39.569]         Type 'Element' is not assignable to type 'ReactNode'.
[21:34:39.569]           Property 'children' is missing in type 'Element' but required in type 'ReactPortal'.
[21:34:39.569] src/components/DeBridgeTest.tsx(103,40): error TS2559: Type 'string' has no properties in common with type 'ReactNode'.
[21:34:39.569] src/components/DeBridgeTest.tsx(104,12): error TS2746: This JSX tag's 'children' prop expects a single child of type 'ReactNode | undefined', but multiple children were provided.
[21:34:39.569] src/components/DeBridgeTest.tsx(104,12): error TS2786: 'Select' cannot be used as a JSX component.
[21:34:39.570]   Its type 'ComponentType<SelectProps>' is not a valid JSX element type.
[21:34:39.570]     Type 'ComponentType<SelectProps>' is not assignable to type '(props: any, deprecatedLegacyContext?: any) => ReactNode'.
[21:34:39.570]       Type 'Element | null' is not assignable to type 'ReactNode'.
[21:34:39.570]         Type 'Element' is not assignable to type 'ReactNode'.
[21:34:39.570]           Property 'children' is missing in type 'Element' but required in type 'ReactPortal'.
[21:34:39.571] src/components/DeBridgeTest.tsx(106,24): error TS7006: Parameter 'e' implicitly has an 'any' type.
[21:34:39.571] src/components/DeBridgeTest.tsx(121,10): error TS2786: 'Button' cannot be used as a JSX component.
[21:34:39.571]   Its type 'ComponentType<ButtonProps>' is not a valid JSX element type.
[21:34:39.571]     Type 'ComponentType<ButtonProps>' is not assignable to type '(props: any, deprecatedLegacyContext?: any) => ReactNode'.
[21:34:39.571]       Type 'Element | null' is not assignable to type 'ReactNode'.
[21:34:39.571]         Type 'Element' is not assignable to type 'ReactNode'.
[21:34:39.571]           Property 'children' is missing in type 'Element' but required in type 'ReactPortal'.
[21:34:39.571] src/components/DeBridgeTest.tsx(129,10): error TS2559: Type 'string' has no properties in common with type 'ReactNode'.
[21:34:39.571] src/components/DeBridgeTest.tsx(134,12): error TS2746: This JSX tag's 'children' prop expects a single child of type 'ReactNode | undefined', but multiple children were provided.
[21:34:39.571] src/components/DeBridgeTest.tsx(134,12): error TS2786: 'Text' cannot be used as a JSX component.
[21:34:39.571]   Its type 'ComponentType<TextProps>' is not a valid JSX element type.
[21:34:39.571]     Type 'ComponentType<TextProps>' is not assignable to type '(props: any, deprecatedLegacyContext?: any) => ReactNode'.
[21:34:39.571]       Type 'Element | null' is not assignable to type 'ReactNode'.
[21:34:39.571]         Type 'Element' is not assignable to type 'ReactNode'.
[21:34:39.571]           Property 'children' is missing in type 'Element' but required in type 'ReactPortal'.
[21:34:39.571] src/components/IPRegistration.tsx(2,34): error TS2307: Cannot find module '@story-protocol/react-sdk' or its corresponding type declarations.
[21:34:39.571] src/components/IPRegistration.tsx(50,13): error TS6133: 'result' is declared but its value is never read.
[21:34:39.572] src/components/MarqueeMenu.tsx(7,39): error TS2345: Argument of type 'null' is not assignable to parameter of type 'HTMLElement'.
[21:34:39.572] src/components/MarqueeMenu.tsx(34,6): error TS2786: 'Box' cannot be used as a JSX component.
[21:34:39.572]   Its type 'ComponentType<BoxProps>' is not a valid JSX element type.
[21:34:39.572]     Type 'ComponentType<BoxProps>' is not assignable to type '(props: any, deprecatedLegacyContext?: any) => ReactNode'.
[21:34:39.572]       Type 'Element | null' is not assignable to type 'ReactNode'.
[21:34:39.572]         Type 'Element' is not assignable to type 'ReactNode'.
[21:34:39.572]           Property 'children' is missing in type 'Element' but required in type 'ReactPortal'.
[21:34:39.572] src/components/MarqueeMenu.tsx(35,7): error TS2559: Type 'ReactElement<any, any>' has no properties in common with type 'ReactNode'.
[21:34:39.572] src/components/MarqueeMenu.tsx(35,8): error TS2786: 'Box' cannot be used as a JSX component.
[21:34:39.572]   Its type 'ComponentType<BoxProps>' is not a valid JSX element type.
[21:34:39.572]     Type 'ComponentType<BoxProps>' is not assignable to type '(props: any, deprecatedLegacyContext?: any) => ReactNode'.
[21:34:39.572]       Type 'Element | null' is not assignable to type 'ReactNode'.
[21:34:39.572]         Type 'Element' is not assignable to type 'ReactNode'.
[21:34:39.572]           Property 'children' is missing in type 'Element' but required in type 'ReactPortal'.
[21:34:39.572] src/components/MarqueeMenu.tsx(36,9): error TS2559: Type 'ReactElement<any, any>' has no properties in common with type 'ReactNode'.
[21:34:39.572] src/components/Menu.ts(54,18): error TS2339: Property 'offsetWidth' does not exist on type 'Element'.
[21:34:39.572] src/components/Menu.ts(58,20): error TS2339: Property 'style' does not exist on type 'Element'.
[21:34:39.572] src/components/Menu.ts(73,22): error TS2339: Property 'style' does not exist on type 'Element'.
[21:34:39.573] src/components/Navbar.tsx(3,3): error TS2724: '"@chakra-ui/react"' has no exported member named 'HStack'. Did you mean 'VStack'?
[21:34:39.573] src/components/Navbar.tsx(5,3): error TS2305: Module '"@chakra-ui/react"' has no exported member 'useColorModeValue'.
[21:34:39.573] src/components/Navbar.tsx(7,3): error TS2724: '"@chakra-ui/react"' has no exported member named 'InputGroup'. Did you mean 'InputProps'?
[21:34:39.573] src/components/Navbar.tsx(8,3): error TS2305: Module '"@chakra-ui/react"' has no exported member 'InputLeftElement'.
[21:34:39.573] src/components/Navbar.tsx(9,3): error TS2305: Module '"@chakra-ui/react"' has no exported member 'useDisclosure'.
[21:34:39.573] src/components/Navbar.tsx(10,3): error TS2305: Module '"@chakra-ui/react"' has no exported member 'Drawer'.
[21:34:39.573] src/components/Navbar.tsx(11,3): error TS2305: Module '"@chakra-ui/react"' has no exported member 'DrawerOverlay'.
[21:34:39.573] src/components/Navbar.tsx(12,3): error TS2305: Module '"@chakra-ui/react"' has no exported member 'DrawerContent'.
[21:34:39.573] src/components/Navbar.tsx(13,3): error TS2305: Module '"@chakra-ui/react"' has no exported member 'DrawerCloseButton'.
[21:34:39.573] src/components/Navbar.tsx(14,3): error TS2305: Module '"@chakra-ui/react"' has no exported member 'DrawerHeader'.
[21:34:39.573] src/components/Navbar.tsx(15,3): error TS2305: Module '"@chakra-ui/react"' has no exported member 'DrawerBody'.
[21:34:39.573] src/components/Navbar.tsx(18,3): error TS2305: Module '"@chakra-ui/react"' has no exported member 'Avatar'.
[21:34:39.573] src/components/Navbar.tsx(19,3): error TS2305: Module '"@chakra-ui/react"' has no exported member 'Badge'.
[21:34:39.573] src/components/Navbar.tsx(20,3): error TS2305: Module '"@chakra-ui/react"' has no exported member 'useOutsideClick'.
[21:34:39.573] src/components/Navbar.tsx(21,3): error TS2305: Module '"@chakra-ui/react"' has no exported member 'InputRightElement'.
[21:34:39.573] src/components/Navbar.tsx(22,3): error TS2305: Module '"@chakra-ui/react"' has no exported member 'Flex'.
[21:34:39.573] src/components/Navbar.tsx(23,3): error TS2305: Module '"@chakra-ui/react"' has no exported member 'Container'.
[21:34:39.574] src/components/Navbar.tsx(26,3): error TS2305: Module '"@chakra-ui/react"' has no exported member 'Menu'.
[21:34:39.574] src/components/Navbar.tsx(26,3): error TS6133: 'Menu' is declared but its value is never read.
[21:34:39.574] src/components/Navbar.tsx(27,3): error TS2305: Module '"@chakra-ui/react"' has no exported member 'MenuButton'.
[21:34:39.574] src/components/Navbar.tsx(27,3): error TS6133: 'MenuButton' is declared but its value is never read.
[21:34:39.574] src/components/Navbar.tsx(28,3): error TS2305: Module '"@chakra-ui/react"' has no exported member 'MenuList'.
[21:34:39.574] src/components/Navbar.tsx(28,3): error TS6133: 'MenuList' is declared but its value is never read.
[21:34:39.574] src/components/Navbar.tsx(29,3): error TS2305: Module '"@chakra-ui/react"' has no exported member 'MenuItem'.
[21:34:39.574] src/components/Navbar.tsx(29,3): error TS6133: 'MenuItem' is declared but its value is never read.
[21:34:39.574] src/components/Navbar.tsx(30,3): error TS2305: Module '"@chakra-ui/react"' has no exported member 'useBreakpointValue'.
[21:34:39.574] src/components/Navbar.tsx(31,3): error TS2305: Module '"@chakra-ui/react"' has no exported member 'IconButton'.
[21:34:39.574] src/components/Navbar.tsx(31,3): error TS6133: 'IconButton' is declared but its value is never read.
[21:34:39.574] src/components/Navbar.tsx(34,10): error TS2305: Module '"react-icons/fa"' has no exported member 'FaSearch'.
[21:34:39.574] src/components/Navbar.tsx(34,20): error TS2305: Module '"react-icons/fa"' has no exported member 'FaBars'.
[21:34:39.574] src/components/Navbar.tsx(34,28): error TS2305: Module '"react-icons/fa"' has no exported member 'FaUserCircle'.
[21:34:39.574] src/components/Navbar.tsx(34,28): error TS6133: 'FaUserCircle' is declared but its value is never read.
[21:34:39.574] src/components/Navbar.tsx(34,42): error TS2305: Module '"react-icons/fa"' has no exported member 'FaTimes'.
[21:34:39.574] src/components/Navbar.tsx(39,1): error TS6133: 'DeBridgeTest' is declared but its value is never read.
[21:34:39.575] src/components/Navbar.tsx(42,7): error TS6133: 'MotionBox' is declared but its value is never read.
[21:34:39.575] src/components/Navbar.tsx(49,44): error TS2345: Argument of type 'null' is not assignable to parameter of type 'HTMLDivElement'.
[21:34:39.575] src/components/Navbar.tsx(55,9): error TS6133: 'isMobile' is declared but its value is never read.
[21:34:39.575] src/components/Navbar.tsx(123,6): error TS2746: This JSX tag's 'children' prop expects a single child of type 'ReactNode | undefined', but multiple children were provided.
[21:34:39.575] src/components/Navbar.tsx(123,6): error TS2786: 'Box' cannot be used as a JSX component.
[21:34:39.575]   Its type 'ComponentType<BoxProps>' is not a valid JSX element type.
[21:34:39.575]     Type 'ComponentType<BoxProps>' is not assignable to type '(props: any, deprecatedLegacyContext?: any) => ReactNode'.
[21:34:39.575]       Type 'Element | null' is not assignable to type 'ReactNode'.
[21:34:39.575]         Type 'Element' is not assignable to type 'ReactNode'.
[21:34:39.575]           Property 'children' is missing in type 'Element' but required in type 'ReactPortal'.
[21:34:39.575] src/components/Navbar.tsx(126,7): error TS2322: Type 'number' is not assignable to type 'string'.
[21:34:39.575] src/components/Navbar.tsx(127,7): error TS2322: Type 'number' is not assignable to type 'string'.
[21:34:39.575] src/components/Navbar.tsx(140,14): error TS2786: 'Icon' cannot be used as a JSX component.
[21:34:39.575]   Its type 'ComponentType<IconProps>' is not a valid JSX element type.
[21:34:39.575]     Type 'ComponentType<IconProps>' is not assignable to type '(props: any, deprecatedLegacyContext?: any) => ReactNode'.
[21:34:39.575]       Type 'Element | null' is not assignable to type 'ReactNode'.
[21:34:39.575]         Type 'Element' is not assignable to type 'ReactNode'.
[21:34:39.575]           Property 'children' is missing in type 'Element' but required in type 'ReactPortal'.
[21:34:39.575] src/components/Navbar.tsx(142,15): error TS2322: Type '{ as: any; display: { base: string; md: string; }; color: string; w: number; h: number; cursor: string; onClick: any; }' is not assignable to type 'IntrinsicAttributes & IconProps'.
[21:34:39.575]   Property 'display' does not exist on type 'IntrinsicAttributes & IconProps'.
[21:34:39.575] src/components/Navbar.tsx(151,18): error TS2786: 'Image' cannot be used as a JSX component.
[21:34:39.575]   Its type 'ComponentType<ImageProps>' is not a valid JSX element type.
[21:34:39.575]     Type 'ComponentType<ImageProps>' is not assignable to type '(props: any, deprecatedLegacyContext?: any) => ReactNode'.
[21:34:39.575]       Type 'Element | null' is not assignable to type 'ReactNode'.
[21:34:39.576]         Type 'Element' is not assignable to type 'ReactNode'.
[21:34:39.576]           Property 'children' is missing in type 'Element' but required in type 'ReactPortal'.
[21:34:39.576] src/components/Navbar.tsx(151,42): error TS2322: Type '{ src: string; h: string; alt: string; }' is not assignable to type 'IntrinsicAttributes & ImageProps'.
[21:34:39.576]   Property 'h' does not exist on type 'IntrinsicAttributes & ImageProps'.
[21:34:39.576] src/components/Navbar.tsx(152,18): error TS2786: 'Text' cannot be used as a JSX component.
[21:34:39.576]   Its type 'ComponentType<TextProps>' is not a valid JSX element type.
[21:34:39.576]     Type 'ComponentType<TextProps>' is not assignable to type '(props: any, deprecatedLegacyContext?: any) => ReactNode'.
[21:34:39.576]       Type 'Element | null' is not assignable to type 'ReactNode'.
[21:34:39.576]         Type 'Element' is not assignable to type 'ReactNode'.
[21:34:39.576]           Property 'children' is missing in type 'Element' but required in type 'ReactPortal'.
[21:34:39.576] src/components/Navbar.tsx(159,18): error TS2559: Type 'string' has no properties in common with type 'ReactNode'.
[21:34:39.576] src/components/Navbar.tsx(167,12): error TS2746: This JSX tag's 'children' prop expects a single child of type 'ReactNode | undefined', but multiple children were provided.
[21:34:39.576] src/components/Navbar.tsx(167,12): error TS2786: 'Box' cannot be used as a JSX component.
[21:34:39.576]   Its type 'ComponentType<BoxProps>' is not a valid JSX element type.
[21:34:39.576]     Type 'ComponentType<BoxProps>' is not assignable to type '(props: any, deprecatedLegacyContext?: any) => ReactNode'.
[21:34:39.576]       Type 'Element | null' is not assignable to type 'ReactNode'.
[21:34:39.576]         Type 'Element' is not assignable to type 'ReactNode'.
[21:34:39.576]           Property 'children' is missing in type 'Element' but required in type 'ReactPortal'.
[21:34:39.576] src/components/Navbar.tsx(172,13): error TS2322: Type 'number' is not assignable to type 'string'.
[21:34:39.576] src/components/Navbar.tsx(177,18): error TS2786: 'Icon' cannot be used as a JSX component.
[21:34:39.576]   Its type 'ComponentType<IconProps>' is not a valid JSX element type.
[21:34:39.576]     Type 'ComponentType<IconProps>' is not assignable to type '(props: any, deprecatedLegacyContext?: any) => ReactNode'.
[21:34:39.576]       Type 'Element | null' is not assignable to type 'ReactNode'.
[21:34:39.576]         Type 'Element' is not assignable to type 'ReactNode'.
[21:34:39.576]           Property 'children' is missing in type 'Element' but required in type 'ReactPortal'.
[21:34:39.576] src/components/Navbar.tsx(177,37): error TS2322: Type '{ as: any; color: string; }' is not assignable to type 'IntrinsicAttributes & IconProps'.
[21:34:39.576]   Property 'color' does not exist on type 'IntrinsicAttributes & IconProps'.
[21:34:39.576] src/components/Navbar.tsx(179,16): error TS2786: 'Input' cannot be used as a JSX component.
[21:34:39.576]   Its type 'ComponentType<InputProps>' is not a valid JSX element type.
[21:34:39.576]     Type 'ComponentType<InputProps>' is not assignable to type '(props: any, deprecatedLegacyContext?: any) => ReactNode'.
[21:34:39.576]       Type 'Element | null' is not assignable to type 'ReactNode'.
[21:34:39.576]         Type 'Element' is not assignable to type 'ReactNode'.
[21:34:39.576]           Property 'children' is missing in type 'Element' but required in type 'ReactPortal'.
[21:34:39.576] src/components/Navbar.tsx(183,17): error TS2322: Type '{ placeholder: string; value: string; onChange: (e: ChangeEvent<HTMLInputElement>) => void; onFocus: () => void; bg: string; borderColor: any; _hover: { borderColor: string; }; ... 5 more ...; h: string; }' is not assignable to type 'IntrinsicAttributes & InputProps'.
[21:34:39.576]   Property 'onFocus' does not exist on type 'IntrinsicAttributes & InputProps'.
[21:34:39.576] src/components/Navbar.tsx(196,20): error TS2786: 'Icon' cannot be used as a JSX component.
[21:34:39.577]   Its type 'ComponentType<IconProps>' is not a valid JSX element type.
[21:34:39.577]     Type 'ComponentType<IconProps>' is not assignable to type '(props: any, deprecatedLegacyContext?: any) => ReactNode'.
[21:34:39.577]       Type 'Element | null' is not assignable to type 'ReactNode'.
[21:34:39.577]         Type 'Element' is not assignable to type 'ReactNode'.
[21:34:39.577]           Property 'children' is missing in type 'Element' but required in type 'ReactPortal'.
[21:34:39.577] src/components/Navbar.tsx(198,21): error TS2322: Type '{ as: any; color: string; cursor: string; onClick: () => void; _hover: { color: string; }; }' is not assignable to type 'IntrinsicAttributes & IconProps'.
[21:34:39.577]   Property 'color' does not exist on type 'IntrinsicAttributes & IconProps'.
[21:34:39.577] src/components/Navbar.tsx(209,16): error TS2786: 'Box' cannot be used as a JSX component.
[21:34:39.577]   Its type 'ComponentType<BoxProps>' is not a valid JSX element type.
[21:34:39.578]     Type 'ComponentType<BoxProps>' is not assignable to type '(props: any, deprecatedLegacyContext?: any) => ReactNode'.
[21:34:39.578]       Type 'Element | null' is not assignable to type 'ReactNode'.
[21:34:39.579]         Type 'Element' is not assignable to type 'ReactNode'.
[21:34:39.579]           Property 'children' is missing in type 'Element' but required in type 'ReactPortal'.
[21:34:39.579] src/components/Navbar.tsx(212,17): error TS2322: Type 'number' is not assignable to type 'string'.
[21:34:39.579] src/components/Navbar.tsx(224,17): error TS2559: Type 'ReactElement<any, any>' has no properties in common with type 'ReactNode'.
[21:34:39.580] src/components/Navbar.tsx(224,18): error TS2786: 'VStack' cannot be used as a JSX component.
[21:34:39.580]   Its type 'ComponentType<VStackProps>' is not a valid JSX element type.
[21:34:39.580]     Type 'ComponentType<VStackProps>' is not assignable to type '(props: any, deprecatedLegacyContext?: any) => ReactNode'.
[21:34:39.580]       Type 'Element | null' is not assignable to type 'ReactNode'.
[21:34:39.580]         Type 'Element' is not assignable to type 'ReactNode'.
[21:34:39.580]           Property 'children' is missing in type 'Element' but required in type 'ReactPortal'.
[21:34:39.580] src/components/Navbar.tsx(225,19): error TS2559: Type 'Element[]' has no properties in common with type 'ReactNode'.
[21:34:39.580] src/components/Navbar.tsx(226,22): error TS2786: 'Box' cannot be used as a JSX component.
[21:34:39.580]   Its type 'ComponentType<BoxProps>' is not a valid JSX element type.
[21:34:39.580]     Type 'ComponentType<BoxProps>' is not assignable to type '(props: any, deprecatedLegacyContext?: any) => ReactNode'.
[21:34:39.580]       Type 'Element | null' is not assignable to type 'ReactNode'.
[21:34:39.580]         Type 'Element' is not assignable to type 'ReactNode'.
[21:34:39.580]           Property 'children' is missing in type 'Element' but required in type 'ReactPortal'.
[21:34:39.580] src/components/Navbar.tsx(232,23): error TS2559: Type 'ReactElement<any, any>' has no properties in common with type 'ReactNode'.
[21:34:39.581] src/components/Navbar.tsx(234,26): error TS2746: This JSX tag's 'children' prop expects a single child of type 'ReactNode | undefined', but multiple children were provided.
[21:34:39.581] src/components/Navbar.tsx(234,26): error TS2786: 'Box' cannot be used as a JSX component.
[21:34:39.581]   Its type 'ComponentType<BoxProps>' is not a valid JSX element type.
[21:34:39.581]     Type 'ComponentType<BoxProps>' is not assignable to type '(props: any, deprecatedLegacyContext?: any) => ReactNode'.
[21:34:39.581]       Type 'Element | null' is not assignable to type 'ReactNode'.
[21:34:39.581]         Type 'Element' is not assignable to type 'ReactNode'.
[21:34:39.581]           Property 'children' is missing in type 'Element' but required in type 'ReactPortal'.
[21:34:39.581] src/components/Navbar.tsx(236,30): error TS2786: 'Text' cannot be used as a JSX component.
[21:34:39.581]   Its type 'ComponentType<TextProps>' is not a valid JSX element type.
[21:34:39.581]     Type 'ComponentType<TextProps>' is not assignable to type '(props: any, deprecatedLegacyContext?: any) => ReactNode'.
[21:34:39.581]       Type 'Element | null' is not assignable to type 'ReactNode'.
[21:34:39.581]         Type 'Element' is not assignable to type 'ReactNode'.
[21:34:39.581]           Property 'children' is missing in type 'Element' but required in type 'ReactPortal'.
[21:34:39.581] src/components/Navbar.tsx(237,31): error TS2559: Type 'string' has no properties in common with type 'ReactNode'.
[21:34:39.581] src/components/Navbar.tsx(252,28): error TS2786: 'Text' cannot be used as a JSX component.
[21:34:39.581]   Its type 'ComponentType<TextProps>' is not a valid JSX element type.
[21:34:39.581]     Type 'ComponentType<TextProps>' is not assignable to type '(props: any, deprecatedLegacyContext?: any) => ReactNode'.
[21:34:39.581]       Type 'Element | null' is not assignable to type 'ReactNode'.
[21:34:39.581]         Type 'Element' is not assignable to type 'ReactNode'.
[21:34:39.581]           Property 'children' is missing in type 'Element' but required in type 'ReactPortal'.
[21:34:39.581] src/components/Navbar.tsx(253,29): error TS2559: Type 'string' has no properties in common with type 'ReactNode'.
[21:34:39.581] src/components/Navbar.tsx(268,18): error TS2786: 'Text' cannot be used as a JSX component.
[21:34:39.581]   Its type 'ComponentType<TextProps>' is not a valid JSX element type.
[21:34:39.581]     Type 'ComponentType<TextProps>' is not assignable to type '(props: any, deprecatedLegacyContext?: any) => ReactNode'.
[21:34:39.581]       Type 'Element | null' is not assignable to type 'ReactNode'.
[21:34:39.581]         Type 'Element' is not assignable to type 'ReactNode'.
[21:34:39.581]           Property 'children' is missing in type 'Element' but required in type 'ReactPortal'.
[21:34:39.581] src/components/Navbar.tsx(273,19): error TS2559: Type 'string' has no properties in common with type 'ReactNode'.
[21:34:39.582] src/components/Navbar.tsx(277,14): error TS2786: 'Button' cannot be used as a JSX component.
[21:34:39.582]   Its type 'ComponentType<ButtonProps>' is not a valid JSX element type.
[21:34:39.582]     Type 'ComponentType<ButtonProps>' is not assignable to type '(props: any, deprecatedLegacyContext?: any) => ReactNode'.
[21:34:39.583]       Type 'Element | null' is not assignable to type 'ReactNode'.
[21:34:39.583]         Type 'Element' is not assignable to type 'ReactNode'.
[21:34:39.583]           Property 'children' is missing in type 'Element' but required in type 'ReactPortal'.
[21:34:39.583] src/components/Navbar.tsx(286,15): error TS2559: Type 'string' has no properties in common with type 'ReactNode'.
[21:34:39.583] src/components/Navbar.tsx(291,12): error TS2786: 'Button' cannot be used as a JSX component.
[21:34:39.583]   Its type 'ComponentType<ButtonProps>' is not a valid JSX element type.
[21:34:39.583]     Type 'ComponentType<ButtonProps>' is not assignable to type '(props: any, deprecatedLegacyContext?: any) => ReactNode'.
[21:34:39.583]       Type 'Element | null' is not assignable to type 'ReactNode'.
[21:34:39.583]         Type 'Element' is not assignable to type 'ReactNode'.
[21:34:39.583]           Property 'children' is missing in type 'Element' but required in type 'ReactPortal'.
[21:34:39.583] src/components/Navbar.tsx(292,13): error TS2322: Type '{ base: string; md: string; }' is not assignable to type 'string'.
[21:34:39.583] src/components/Navbar.tsx(301,13): error TS2559: Type 'string' has no properties in common with type 'ReactNode'.
[21:34:39.583] src/components/Navbar.tsx(313,16): error TS2786: 'Image' cannot be used as a JSX component.
[21:34:39.583]   Its type 'ComponentType<ImageProps>' is not a valid JSX element type.
[21:34:39.583]     Type 'ComponentType<ImageProps>' is not assignable to type '(props: any, deprecatedLegacyContext?: any) => ReactNode'.
[21:34:39.584]       Type 'Element | null' is not assignable to type 'ReactNode'.
[21:34:39.584]         Type 'Element' is not assignable to type 'ReactNode'.
[21:34:39.584]           Property 'children' is missing in type 'Element' but required in type 'ReactPortal'.
[21:34:39.584] src/components/Navbar.tsx(313,40): error TS2322: Type '{ src: string; h: string; alt: string; }' is not assignable to type 'IntrinsicAttributes & ImageProps'.
[21:34:39.584]   Property 'h' does not exist on type 'IntrinsicAttributes & ImageProps'.
[21:34:39.584] src/components/Navbar.tsx(314,16): error TS2786: 'Text' cannot be used as a JSX component.
[21:34:39.584]   Its type 'ComponentType<TextProps>' is not a valid JSX element type.
[21:34:39.584]     Type 'ComponentType<TextProps>' is not assignable to type '(props: any, deprecatedLegacyContext?: any) => ReactNode'.
[21:34:39.584]       Type 'Element | null' is not assignable to type 'ReactNode'.
[21:34:39.584]         Type 'Element' is not assignable to type 'ReactNode'.
[21:34:39.584]           Property 'children' is missing in type 'Element' but required in type 'ReactPortal'.
[21:34:39.584] src/components/Navbar.tsx(314,67): error TS2559: Type 'string' has no properties in common with type 'ReactNode'.
[21:34:39.584] src/components/Navbar.tsx(320,14): error TS2786: 'VStack' cannot be used as a JSX component.
[21:34:39.584]   Its type 'ComponentType<VStackProps>' is not a valid JSX element type.
[21:34:39.584]     Type 'ComponentType<VStackProps>' is not assignable to type '(props: any, deprecatedLegacyContext?: any) => ReactNode'.
[21:34:39.584]       Type 'Element | null' is not assignable to type 'ReactNode'.
[21:34:39.585]         Type 'Element' is not assignable to type 'ReactNode'.
[21:34:39.585]           Property 'children' is missing in type 'Element' but required in type 'ReactPortal'.
[21:34:39.585] src/components/Navbar.tsx(321,15): error TS2559: Type 'Element[]' has no properties in common with type 'ReactNode'.
[21:34:39.585] src/components/Navbar.tsx(323,20): error TS2786: 'Text' cannot be used as a JSX component.
[21:34:39.585]   Its type 'ComponentType<TextProps>' is not a valid JSX element type.
[21:34:39.585]     Type 'ComponentType<TextProps>' is not assignable to type '(props: any, deprecatedLegacyContext?: any) => ReactNode'.
[21:34:39.585]       Type 'Element | null' is not assignable to type 'ReactNode'.
[21:34:39.585]         Type 'Element' is not assignable to type 'ReactNode'.
[21:34:39.585]           Property 'children' is missing in type 'Element' but required in type 'ReactPortal'.
[21:34:39.585] src/components/Navbar.tsx(329,21): error TS2559: Type 'string' has no properties in common with type 'ReactNode'.
[21:34:39.585] src/components/OverviewChart.tsx(2,15): error TS2305: Module '"@chakra-ui/react"' has no exported member 'useColorModeValue'.
[21:34:39.585] src/components/OverviewChart.tsx(31,6): error TS2786: 'Box' cannot be used as a JSX component.
[21:34:39.585]   Its type 'ComponentType<BoxProps>' is not a valid JSX element type.
[21:34:39.585]     Type 'ComponentType<BoxProps>' is not assignable to type '(props: any, deprecatedLegacyContext?: any) => ReactNode'.
[21:34:39.585]       Type 'Element | null' is not assignable to type 'ReactNode'.
[21:34:39.585]         Type 'Element' is not assignable to type 'ReactNode'.
[21:34:39.585]           Property 'children' is missing in type 'Element' but required in type 'ReactPortal'.
[21:34:39.586] src/components/OverviewChart.tsx(46,7): error TS2559: Type 'ReactElement<any, any>' has no properties in common with type 'ReactNode'.
[21:34:39.586] src/components/OverviewChart.tsx(110,11): error TS2559: Type 'string' has no properties in common with type 'ReactNode'.
[21:34:39.586] src/components/OverviewChart.tsx(120,11): error TS2559: Type 'string' has no properties in common with type 'ReactNode'.
[21:34:39.586] src/components/SecureAuth.tsx(14,19): error TS2722: Cannot invoke an object which is possibly 'undefined'.
[21:34:39.586] src/components/SecureAuth.tsx(23,10): error TS2786: 'Box' cannot be used as a JSX component.
[21:34:39.586]   Its type 'ComponentType<BoxProps>' is not a valid JSX element type.
[21:34:39.586]     Type 'ComponentType<BoxProps>' is not assignable to type '(props: any, deprecatedLegacyContext?: any) => ReactNode'.
[21:34:39.586]       Type 'Element | null' is not assignable to type 'ReactNode'.
[21:34:39.586]         Type 'Element' is not assignable to type 'ReactNode'.
[21:34:39.586]           Property 'children' is missing in type 'Element' but required in type 'ReactPortal'.
[21:34:39.586] src/components/SecureAuth.tsx(24,13): error TS2559: Type 'ReactElement<any, any>' has no properties in common with type 'ReactNode'.
[21:34:39.586] src/components/SecureAuth.tsx(24,14): error TS2746: This JSX tag's 'children' prop expects a single child of type 'ReactNode | undefined', but multiple children were provided.
[21:34:39.586] src/components/SecureAuth.tsx(24,14): error TS2786: 'VStack' cannot be used as a JSX component.
[21:34:39.586]   Its type 'ComponentType<VStackProps>' is not a valid JSX element type.
[21:34:39.586]     Type 'ComponentType<VStackProps>' is not assignable to type '(props: any, deprecatedLegacyContext?: any) => ReactNode'.
[21:34:39.586]       Type 'Element | null' is not assignable to type 'ReactNode'.
[21:34:39.586]         Type 'Element' is not assignable to type 'ReactNode'.
[21:34:39.587]           Property 'children' is missing in type 'Element' but required in type 'ReactPortal'.
[21:34:39.587] src/components/SecureAuth.tsx(25,18): error TS2786: 'Text' cannot be used as a JSX component.
[21:34:39.587]   Its type 'ComponentType<TextProps>' is not a valid JSX element type.
[21:34:39.587]     Type 'ComponentType<TextProps>' is not assignable to type '(props: any, deprecatedLegacyContext?: any) => ReactNode'.
[21:34:39.587]       Type 'Element | null' is not assignable to type 'ReactNode'.
[21:34:39.587]         Type 'Element' is not assignable to type 'ReactNode'.
[21:34:39.587]           Property 'children' is missing in type 'Element' but required in type 'ReactPortal'.
[21:34:39.587] src/components/SecureAuth.tsx(25,55): error TS2559: Type 'string' has no properties in common with type 'ReactNode'.
[21:34:39.587] src/components/SecureAuth.tsx(27,22): error TS2786: 'Box' cannot be used as a JSX component.
[21:34:39.587]   Its type 'ComponentType<BoxProps>' is not a valid JSX element type.
[21:34:39.587]     Type 'ComponentType<BoxProps>' is not assignable to type '(props: any, deprecatedLegacyContext?: any) => ReactNode'.
[21:34:39.587]       Type 'Element | null' is not assignable to type 'ReactNode'.
[21:34:39.587]         Type 'Element' is not assignable to type 'ReactNode'.
[21:34:39.587]           Property 'children' is missing in type 'Element' but required in type 'ReactPortal'.
[21:34:39.587] src/components/SecureAuth.tsx(28,25): error TS2559: Type 'ReactElement<any, any>' has no properties in common with type 'ReactNode'.
[21:34:39.587] src/components/SecureAuth.tsx(28,26): error TS2786: 'Text' cannot be used as a JSX component.
[21:34:39.587]   Its type 'ComponentType<TextProps>' is not a valid JSX element type.
[21:34:39.587]     Type 'ComponentType<TextProps>' is not assignable to type '(props: any, deprecatedLegacyContext?: any) => ReactNode'.
[21:34:39.587]       Type 'Element | null' is not assignable to type 'ReactNode'.
[21:34:39.587]         Type 'Element' is not assignable to type 'ReactNode'.
[21:34:39.587]           Property 'children' is missing in type 'Element' but required in type 'ReactPortal'.
[21:34:39.587] src/components/SecureAuth.tsx(28,31): error TS2559: Type 'string' has no properties in common with type 'ReactNode'.
[21:34:39.587] src/components/SecureAuth.tsx(31,22): error TS2786: 'Button' cannot be used as a JSX component.
[21:34:39.587]   Its type 'ComponentType<ButtonProps>' is not a valid JSX element type.
[21:34:39.587]     Type 'ComponentType<ButtonProps>' is not assignable to type '(props: any, deprecatedLegacyContext?: any) => ReactNode'.
[21:34:39.587]       Type 'Element | null' is not assignable to type 'ReactNode'.
[21:34:39.587]         Type 'Element' is not assignable to type 'ReactNode'.
[21:34:39.587]           Property 'children' is missing in type 'Element' but required in type 'ReactPortal'.
[21:34:39.587] src/components/SecureAuth.tsx(36,22): error TS2559: Type 'string' has no properties in common with type 'ReactNode'.
[21:34:39.587] src/components/Sidebar.tsx(6,3): error TS2305: Module '"@chakra-ui/react"' has no exported member 'Link'.
[21:34:39.588] src/components/Sidebar.tsx(7,3): error TS2305: Module '"@chakra-ui/react"' has no exported member 'useColorModeValue'.
[21:34:39.588] src/components/Sidebar.tsx(9,3): error TS2305: Module '"@chakra-ui/react"' has no exported member 'Divider'.
[21:34:39.588] src/components/Sidebar.tsx(13,3): error TS2305: Module '"react-icons/fa"' has no exported member 'FaChartLine'.
[21:34:39.588] src/components/Sidebar.tsx(14,3): error TS2305: Module '"react-icons/fa"' has no exported member 'FaGlobe'.
[21:34:39.588] src/components/Sidebar.tsx(15,3): error TS2305: Module '"react-icons/fa"' has no exported member 'FaCalendarAlt'.
[21:34:39.596] src/components/Sidebar.tsx(16,3): error TS2305: Module '"react-icons/fa"' has no exported member 'FaChartPie'.
[21:34:39.596] src/components/Sidebar.tsx(17,3): error TS2305: Module '"react-icons/fa"' has no exported member 'FaCalendarDay'.
[21:34:39.596] src/components/Sidebar.tsx(18,3): error TS2305: Module '"react-icons/fa"' has no exported member 'FaUser'.
[21:34:39.596] src/components/Sidebar.tsx(78,6): error TS2786: 'Box' cannot be used as a JSX component.
[21:34:39.596]   Its type 'ComponentType<BoxProps>' is not a valid JSX element type.
[21:34:39.596]     Type 'ComponentType<BoxProps>' is not assignable to type '(props: any, deprecatedLegacyContext?: any) => ReactNode'.
[21:34:39.596]       Type 'Element | null' is not assignable to type 'ReactNode'.
[21:34:39.596]         Type 'Element' is not assignable to type 'ReactNode'.
[21:34:39.596]           Property 'children' is missing in type 'Element' but required in type 'ReactPortal'.
[21:34:39.596] src/components/Sidebar.tsx(97,7): error TS2559: Type 'ReactElement<any, any>' has no properties in common with type 'ReactNode'.
[21:34:39.596] src/components/Sidebar.tsx(97,8): error TS2786: 'VStack' cannot be used as a JSX component.
[21:34:39.596]   Its type 'ComponentType<VStackProps>' is not a valid JSX element type.
[21:34:39.596]     Type 'ComponentType<VStackProps>' is not assignable to type '(props: any, deprecatedLegacyContext?: any) => ReactNode'.
[21:34:39.597]       Type 'Element | null' is not assignable to type 'ReactNode'.
[21:34:39.597]         Type 'Element' is not assignable to type 'ReactNode'.
[21:34:39.597]           Property 'children' is missing in type 'Element' but required in type 'ReactPortal'.
[21:34:39.597] src/components/Sidebar.tsx(98,9): error TS2559: Type 'Element[]' has no properties in common with type 'ReactNode'.
[21:34:39.597] src/components/Sidebar.tsx(101,16): error TS2746: This JSX tag's 'children' prop expects a single child of type 'ReactNode | undefined', but multiple children were provided.
[21:34:39.597] src/components/Sidebar.tsx(101,16): error TS2786: 'Box' cannot be used as a JSX component.
[21:34:39.597]   Its type 'ComponentType<BoxProps>' is not a valid JSX element type.
[21:34:39.597]     Type 'ComponentType<BoxProps>' is not assignable to type '(props: any, deprecatedLegacyContext?: any) => ReactNode'.
[21:34:39.597]       Type 'Element | null' is not assignable to type 'ReactNode'.
[21:34:39.597]         Type 'Element' is not assignable to type 'ReactNode'.
[21:34:39.597]           Property 'children' is missing in type 'Element' but required in type 'ReactPortal'.
[21:34:39.597] src/components/Sidebar.tsx(102,18): error TS2786: 'Text' cannot be used as a JSX component.
[21:34:39.597]   Its type 'ComponentType<TextProps>' is not a valid JSX element type.
[21:34:39.597]     Type 'ComponentType<TextProps>' is not assignable to type '(props: any, deprecatedLegacyContext?: any) => ReactNode'.
[21:34:39.597]       Type 'Element | null' is not assignable to type 'ReactNode'.
[21:34:39.597]         Type 'Element' is not assignable to type 'ReactNode'.
[21:34:39.597]           Property 'children' is missing in type 'Element' but required in type 'ReactPortal'.
[21:34:39.597] src/components/Sidebar.tsx(110,19): error TS2559: Type 'string' has no properties in common with type 'ReactNode'.
[21:34:39.597] src/components/Sidebar.tsx(125,16): error TS2786: 'MotionBox' cannot be used as a JSX component.
[21:34:39.597]   Its type 'ComponentType<MotionComponentProps<React$1.PropsWithChildren<Props>>>' is not a valid JSX element type.
[21:34:39.597]     Type 'ComponentType<MotionComponentProps<React$1.PropsWithChildren<Props>>>' is not assignable to type '(props: any, deprecatedLegacyContext?: any) => ReactNode'.
[21:34:39.597]       Type 'Element | null' is not assignable to type 'ReactNode'.
[21:34:39.597]         Type 'Element' is not assignable to type 'ReactNode'.
[21:34:39.597]           Property 'children' is missing in type 'Element' but required in type 'ReactPortal'.
[21:34:39.597] src/components/Sidebar.tsx(129,18): error TS2786: 'Button' cannot be used as a JSX component.
[21:34:39.597]   Its type 'ComponentType<ButtonProps>' is not a valid JSX element type.
[21:34:39.597]     Type 'ComponentType<ButtonProps>' is not assignable to type '(props: any, deprecatedLegacyContext?: any) => ReactNode'.
[21:34:39.597]       Type 'Element | null' is not assignable to type 'ReactNode'.
[21:34:39.597]         Type 'Element' is not assignable to type 'ReactNode'.
[21:34:39.597]           Property 'children' is missing in type 'Element' but required in type 'ReactPortal'.
[21:34:39.597] src/components/Sidebar.tsx(133,30): error TS2786: 'Icon' cannot be used as a JSX component.
[21:34:39.597]   Its type 'ComponentType<IconProps>' is not a valid JSX element type.
[21:34:39.598]     Type 'ComponentType<IconProps>' is not assignable to type '(props: any, deprecatedLegacyContext?: any) => ReactNode'.
[21:34:39.598]       Type 'Element | null' is not assignable to type 'ReactNode'.
[21:34:39.598]         Type 'Element' is not assignable to type 'ReactNode'.
[21:34:39.598]           Property 'children' is missing in type 'Element' but required in type 'ReactPortal'.
[21:34:39.598] src/components/Sidebar.tsx(142,19): error TS2559: Type 'ReactElement<any, any>' has no properties in common with type 'ReactNode'.
[21:34:39.598] src/components/Sidebar.tsx(142,20): error TS2786: 'Text' cannot be used as a JSX component.
[21:34:39.598]   Its type 'ComponentType<TextProps>' is not a valid JSX element type.
[21:34:39.598]     Type 'ComponentType<TextProps>' is not assignable to type '(props: any, deprecatedLegacyContext?: any) => ReactNode'.
[21:34:39.598]       Type 'Element | null' is not assignable to type 'ReactNode'.
[21:34:39.598]         Type 'Element' is not assignable to type 'ReactNode'.
[21:34:39.598]           Property 'children' is missing in type 'Element' but required in type 'ReactPortal'.
[21:34:39.598] src/components/Sidebar.tsx(142,25): error TS2559: Type 'string' has no properties in common with type 'ReactNode'.
[21:34:39.598] src/components/StoryIPRegistration.tsx(3,8): error TS6133: 'React' is declared but its value is never read.
[21:34:39.598] src/components/StoryIPRegistration.tsx(36,26): error TS2339: Property 'loading' does not exist on type '{ error: StoryProtocolError | null; isInitialized: boolean; getIPDetails: (address: string) => Promise<never[]>; registerNewIP: (title: string, description: string, file?: File | undefined, type?: "image" | ... 3 more ... | "writing") => Promise<...>; initializeClient: () => Promise<...>; createSPGCollection: (param...'.
[21:34:39.598] src/components/StoryIPRegistration.tsx(36,59): error TS6133: 'clientError' is declared but its value is never read.
[21:34:39.598] src/components/StoryIPRegistration.tsx(95,13): error TS6133: 'response' is declared but its value is never read.
[21:34:39.598] src/components/StoryIPRegistration.tsx(129,8): error TS2786: 'Center' cannot be used as a JSX component.
[21:34:39.598]   Its type 'ComponentType<CenterProps>' is not a valid JSX element type.
[21:34:39.598]     Type 'ComponentType<CenterProps>' is not assignable to type '(props: any, deprecatedLegacyContext?: any) => ReactNode'.
[21:34:39.598]       Type 'Element | null' is not assignable to type 'ReactNode'.
[21:34:39.598]         Type 'Element' is not assignable to type 'ReactNode'.
[21:34:39.598]           Property 'children' is missing in type 'Element' but required in type 'ReactPortal'.
[21:34:39.598] src/components/StoryIPRegistration.tsx(130,9): error TS2559: Type 'ReactElement<any, any>' has no properties in common with type 'ReactNode'.
[21:34:39.598] src/components/StoryIPRegistration.tsx(130,10): error TS2786: 'Text' cannot be used as a JSX component.
[21:34:39.598]   Its type 'ComponentType<TextProps>' is not a valid JSX element type.
[21:34:39.598]     Type 'ComponentType<TextProps>' is not assignable to type '(props: any, deprecatedLegacyContext?: any) => ReactNode'.
[21:34:39.598]       Type 'Element | null' is not assignable to type 'ReactNode'.
[21:34:39.598]         Type 'Element' is not assignable to type 'ReactNode'.
[21:34:39.598]           Property 'children' is missing in type 'Element' but required in type 'ReactPortal'.
[21:34:39.598] src/components/StoryIPRegistration.tsx(130,15): error TS2559: Type 'string' has no properties in common with type 'ReactNode'.
[21:34:39.598] src/components/StoryIPRegistration.tsx(136,6): error TS2786: 'Box' cannot be used as a JSX component.
[21:34:39.598]   Its type 'ComponentType<BoxProps>' is not a valid JSX element type.
[21:34:39.599]     Type 'ComponentType<BoxProps>' is not assignable to type '(props: any, deprecatedLegacyContext?: any) => ReactNode'.
[21:34:39.599]       Type 'Element | null' is not assignable to type 'ReactNode'.
[21:34:39.599]         Type 'Element' is not assignable to type 'ReactNode'.
[21:34:39.599]           Property 'children' is missing in type 'Element' but required in type 'ReactPortal'.
[21:34:39.599] src/components/StoryIPRegistration.tsx(137,7): error TS2559: Type 'ReactElement<any, any>' has no properties in common with type 'ReactNode'.
[21:34:39.599] src/components/StoryIPRegistration.tsx(138,10): error TS2746: This JSX tag's 'children' prop expects a single child of type 'ReactNode | undefined', but multiple children were provided.
[21:34:39.599] src/components/StoryIPRegistration.tsx(138,10): error TS2786: 'VStack' cannot be used as a JSX component.
[21:34:39.599]   Its type 'ComponentType<VStackProps>' is not a valid JSX element type.
[21:34:39.599]     Type 'ComponentType<VStackProps>' is not assignable to type '(props: any, deprecatedLegacyContext?: any) => ReactNode'.
[21:34:39.599]       Type 'Element | null' is not assignable to type 'ReactNode'.
[21:34:39.599]         Type 'Element' is not assignable to type 'ReactNode'.
[21:34:39.599]           Property 'children' is missing in type 'Element' but required in type 'ReactPortal'.
[21:34:39.599] src/components/StoryIPRegistration.tsx(139,12): error TS2746: This JSX tag's 'children' prop expects a single child of type 'ReactNode | undefined', but multiple children were provided.
[21:34:39.599] src/components/StoryIPRegistration.tsx(139,12): error TS2786: 'FormControl' cannot be used as a JSX component.
[21:34:39.599]   Its type 'ComponentType<FormControlProps>' is not a valid JSX element type.
[21:34:39.599]     Type 'ComponentType<FormControlProps>' is not assignable to type '(props: any, deprecatedLegacyContext?: any) => ReactNode'.
[21:34:39.599]       Type 'Element | null' is not assignable to type 'ReactNode'.
[21:34:39.599]         Type 'Element' is not assignable to type 'ReactNode'.
[21:34:39.599]           Property 'children' is missing in type 'Element' but required in type 'ReactPortal'.
[21:34:39.599] src/components/StoryIPRegistration.tsx(140,14): error TS2786: 'FormLabel' cannot be used as a JSX component.
[21:34:39.599]   Its type 'ComponentType<FormLabelProps>' is not a valid JSX element type.
[21:34:39.599]     Type 'ComponentType<FormLabelProps>' is not assignable to type '(props: any, deprecatedLegacyContext?: any) => ReactNode'.
[21:34:39.599]       Type 'Element | null' is not assignable to type 'ReactNode'.
[21:34:39.599]         Type 'Element' is not assignable to type 'ReactNode'.
[21:34:39.599]           Property 'children' is missing in type 'Element' but required in type 'ReactPortal'.
[21:34:39.599] src/components/StoryIPRegistration.tsx(140,24): error TS2559: Type 'string' has no properties in common with type 'ReactNode'.
[21:34:39.599] src/components/StoryIPRegistration.tsx(141,14): error TS2786: 'Input' cannot be used as a JSX component.
[21:34:39.599]   Its type 'ComponentType<InputProps>' is not a valid JSX element type.
[21:34:39.599]     Type 'ComponentType<InputProps>' is not assignable to type '(props: any, deprecatedLegacyContext?: any) => ReactNode'.
[21:34:39.599]       Type 'Element | null' is not assignable to type 'ReactNode'.
[21:34:39.599]         Type 'Element' is not assignable to type 'ReactNode'.
[21:34:39.599]           Property 'children' is missing in type 'Element' but required in type 'ReactPortal'.
[21:34:39.599] src/components/StoryIPRegistration.tsx(153,12): error TS2746: This JSX tag's 'children' prop expects a single child of type 'ReactNode | undefined', but multiple children were provided.
[21:34:39.600] src/components/StoryIPRegistration.tsx(153,12): error TS2786: 'FormControl' cannot be used as a JSX component.
[21:34:39.600]   Its type 'ComponentType<FormControlProps>' is not a valid JSX element type.
[21:34:39.600]     Type 'ComponentType<FormControlProps>' is not assignable to type '(props: any, deprecatedLegacyContext?: any) => ReactNode'.
[21:34:39.600]       Type 'Element | null' is not assignable to type 'ReactNode'.
[21:34:39.600]         Type 'Element' is not assignable to type 'ReactNode'.
[21:34:39.600]           Property 'children' is missing in type 'Element' but required in type 'ReactPortal'.
[21:34:39.600] src/components/StoryIPRegistration.tsx(154,14): error TS2786: 'FormLabel' cannot be used as a JSX component.
[21:34:39.600]   Its type 'ComponentType<FormLabelProps>' is not a valid JSX element type.
[21:34:39.600]     Type 'ComponentType<FormLabelProps>' is not assignable to type '(props: any, deprecatedLegacyContext?: any) => ReactNode'.
[21:34:39.600]       Type 'Element | null' is not assignable to type 'ReactNode'.
[21:34:39.600]         Type 'Element' is not assignable to type 'ReactNode'.
[21:34:39.600]           Property 'children' is missing in type 'Element' but required in type 'ReactPortal'.
[21:34:39.600] src/components/StoryIPRegistration.tsx(154,24): error TS2559: Type 'string' has no properties in common with type 'ReactNode'.
[21:34:39.600] src/components/StoryIPRegistration.tsx(155,14): error TS2786: 'Textarea' cannot be used as a JSX component.
[21:34:39.600]   Its type 'ComponentType<TextareaProps>' is not a valid JSX element type.
[21:34:39.600]     Type 'ComponentType<TextareaProps>' is not assignable to type '(props: any, deprecatedLegacyContext?: any) => ReactNode'.
[21:34:39.600]       Type 'Element | null' is not assignable to type 'ReactNode'.
[21:34:39.600]         Type 'Element' is not assignable to type 'ReactNode'.
[21:34:39.600]           Property 'children' is missing in type 'Element' but required in type 'ReactPortal'.
[21:34:39.600] src/components/StoryIPRegistration.tsx(167,12): error TS2746: This JSX tag's 'children' prop expects a single child of type 'ReactNode | undefined', but multiple children were provided.
[21:34:39.600] src/components/StoryIPRegistration.tsx(167,12): error TS2786: 'FormControl' cannot be used as a JSX component.
[21:34:39.600]   Its type 'ComponentType<FormControlProps>' is not a valid JSX element type.
[21:34:39.600]     Type 'ComponentType<FormControlProps>' is not assignable to type '(props: any, deprecatedLegacyContext?: any) => ReactNode'.
[21:34:39.600]       Type 'Element | null' is not assignable to type 'ReactNode'.
[21:34:39.600]         Type 'Element' is not assignable to type 'ReactNode'.
[21:34:39.600]           Property 'children' is missing in type 'Element' but required in type 'ReactPortal'.
[21:34:39.600] src/components/StoryIPRegistration.tsx(168,14): error TS2786: 'FormLabel' cannot be used as a JSX component.
[21:34:39.600]   Its type 'ComponentType<FormLabelProps>' is not a valid JSX element type.
[21:34:39.602]     Type 'ComponentType<FormLabelProps>' is not assignable to type '(props: any, deprecatedLegacyContext?: any) => ReactNode'.
[21:34:39.602]       Type 'Element | null' is not assignable to type 'ReactNode'.
[21:34:39.602]         Type 'Element' is not assignable to type 'ReactNode'.
[21:34:39.602]           Property 'children' is missing in type 'Element' but required in type 'ReactPortal'.
[21:34:39.602] src/components/StoryIPRegistration.tsx(168,24): error TS2559: Type 'string' has no properties in common with type 'ReactNode'.
[21:34:39.602] src/components/StoryIPRegistration.tsx(169,14): error TS2786: 'Grid' cannot be used as a JSX component.
[21:34:39.602]   Its type 'ComponentType<GridProps>' is not a valid JSX element type.
[21:34:39.602]     Type 'ComponentType<GridProps>' is not assignable to type '(props: any, deprecatedLegacyContext?: any) => ReactNode'.
[21:34:39.602]       Type 'Element | null' is not assignable to type 'ReactNode'.
[21:34:39.602]         Type 'Element' is not assignable to type 'ReactNode'.
[21:34:39.602]           Property 'children' is missing in type 'Element' but required in type 'ReactPortal'.
[21:34:39.602] src/components/StoryIPRegistration.tsx(170,15): error TS2559: Type 'Element[]' has no properties in common with type 'ReactNode'.
[21:34:39.602] src/components/StoryIPRegistration.tsx(171,18): error TS2786: 'GridItem' cannot be used as a JSX component.
[21:34:39.602]   Its type 'ComponentType<GridItemProps>' is not a valid JSX element type.
[21:34:39.602]     Type 'ComponentType<GridItemProps>' is not assignable to type '(props: any, deprecatedLegacyContext?: any) => ReactNode'.
[21:34:39.602]       Type 'Element | null' is not assignable to type 'ReactNode'.
[21:34:39.602]         Type 'Element' is not assignable to type 'ReactNode'.
[21:34:39.602]           Property 'children' is missing in type 'Element' but required in type 'ReactPortal'.
[21:34:39.602] src/components/StoryIPRegistration.tsx(172,19): error TS2559: Type 'ReactElement<any, any>' has no properties in common with type 'ReactNode'.
[21:34:39.602] src/components/StoryIPRegistration.tsx(172,20): error TS2746: This JSX tag's 'children' prop expects a single child of type 'ReactNode | undefined', but multiple children were provided.
[21:34:39.603] src/components/StoryIPRegistration.tsx(172,20): error TS2786: 'Button' cannot be used as a JSX component.
[21:34:39.603]   Its type 'ComponentType<ButtonProps>' is not a valid JSX element type.
[21:34:39.603]     Type 'ComponentType<ButtonProps>' is not assignable to type '(props: any, deprecatedLegacyContext?: any) => ReactNode'.
[21:34:39.603]       Type 'Element | null' is not assignable to type 'ReactNode'.
[21:34:39.603]         Type 'Element' is not assignable to type 'ReactNode'.
[21:34:39.603]           Property 'children' is missing in type 'Element' but required in type 'ReactPortal'.
[21:34:39.603] src/components/StoryIPRegistration.tsx(182,22): error TS2786: 'Icon' cannot be used as a JSX component.
[21:34:39.603]   Its type 'ComponentType<IconProps>' is not a valid JSX element type.
[21:34:39.603]     Type 'ComponentType<IconProps>' is not assignable to type '(props: any, deprecatedLegacyContext?: any) => ReactNode'.
[21:34:39.603]       Type 'Element | null' is not assignable to type 'ReactNode'.
[21:34:39.603]         Type 'Element' is not assignable to type 'ReactNode'.
[21:34:39.603]           Property 'children' is missing in type 'Element' but required in type 'ReactPortal'.
[21:34:39.603] src/components/StoryIPRegistration.tsx(182,27): error TS2322: Type 'IconType' is not assignable to type 'ComponentType'.
[21:34:39.603]   Type 'ReactNode' is missing the following properties from type 'Element': type, props, key
[21:34:39.603] src/components/StoryIPRegistration.tsx(183,22): error TS2786: 'Text' cannot be used as a JSX component.
[21:34:39.603]   Its type 'ComponentType<TextProps>' is not a valid JSX element type.
[21:34:39.604]     Type 'ComponentType<TextProps>' is not assignable to type '(props: any, deprecatedLegacyContext?: any) => ReactNode'.
[21:34:39.604]       Type 'Element | null' is not assignable to type 'ReactNode'.
[21:34:39.604]         Type 'Element' is not assignable to type 'ReactNode'.
[21:34:39.604]           Property 'children' is missing in type 'Element' but required in type 'ReactPortal'.
[21:34:39.604] src/components/StoryIPRegistration.tsx(183,27): error TS2559: Type 'string' has no properties in common with type 'ReactNode'.
[21:34:39.604] src/components/StoryIPRegistration.tsx(190,12): error TS2746: This JSX tag's 'children' prop expects a single child of type 'ReactNode | undefined', but multiple children were provided.
[21:34:39.605] src/components/StoryIPRegistration.tsx(190,12): error TS2786: 'FormControl' cannot be used as a JSX component.
[21:34:39.605]   Its type 'ComponentType<FormControlProps>' is not a valid JSX element type.
[21:34:39.605]     Type 'ComponentType<FormControlProps>' is not assignable to type '(props: any, deprecatedLegacyContext?: any) => ReactNode'.
[21:34:39.605]       Type 'Element | null' is not assignable to type 'ReactNode'.
[21:34:39.605]         Type 'Element' is not assignable to type 'ReactNode'.
[21:34:39.605]           Property 'children' is missing in type 'Element' but required in type 'ReactPortal'.
[21:34:39.605] src/components/StoryIPRegistration.tsx(191,14): error TS2786: 'FormLabel' cannot be used as a JSX component.
[21:34:39.610]   Its type 'ComponentType<FormLabelProps>' is not a valid JSX element type.
[21:34:39.610]     Type 'ComponentType<FormLabelProps>' is not assignable to type '(props: any, deprecatedLegacyContext?: any) => ReactNode'.
[21:34:39.610]       Type 'Element | null' is not assignable to type 'ReactNode'.
[21:34:39.610]         Type 'Element' is not assignable to type 'ReactNode'.
[21:34:39.610]           Property 'children' is missing in type 'Element' but required in type 'ReactPortal'.
[21:34:39.610] src/components/StoryIPRegistration.tsx(191,24): error TS2559: Type 'string' has no properties in common with type 'ReactNode'.
[21:34:39.610] src/components/StoryIPRegistration.tsx(192,14): error TS2786: 'Input' cannot be used as a JSX component.
[21:34:39.610]   Its type 'ComponentType<InputProps>' is not a valid JSX element type.
[21:34:39.611]     Type 'ComponentType<InputProps>' is not assignable to type '(props: any, deprecatedLegacyContext?: any) => ReactNode'.
[21:34:39.611]       Type 'Element | null' is not assignable to type 'ReactNode'.
[21:34:39.611]         Type 'Element' is not assignable to type 'ReactNode'.
[21:34:39.611]           Property 'children' is missing in type 'Element' but required in type 'ReactPortal'.
[21:34:39.611] src/components/StoryIPRegistration.tsx(198,14): error TS2746: This JSX tag's 'children' prop expects a single child of type 'ReactNode | undefined', but multiple children were provided.
[21:34:39.611] src/components/StoryIPRegistration.tsx(198,14): error TS2786: 'Button' cannot be used as a JSX component.
[21:34:39.611]   Its type 'ComponentType<ButtonProps>' is not a valid JSX element type.
[21:34:39.611]     Type 'ComponentType<ButtonProps>' is not assignable to type '(props: any, deprecatedLegacyContext?: any) => ReactNode'.
[21:34:39.611]       Type 'Element | null' is not assignable to type 'ReactNode'.
[21:34:39.611]         Type 'Element' is not assignable to type 'ReactNode'.
[21:34:39.611]           Property 'children' is missing in type 'Element' but required in type 'ReactPortal'.
[21:34:39.611] src/components/StoryIPRegistration.tsx(210,16): error TS2786: 'Icon' cannot be used as a JSX component.
[21:34:39.611]   Its type 'ComponentType<IconProps>' is not a valid JSX element type.
[21:34:39.611]     Type 'ComponentType<IconProps>' is not assignable to type '(props: any, deprecatedLegacyContext?: any) => ReactNode'.
[21:34:39.611]       Type 'Element | null' is not assignable to type 'ReactNode'.
[21:34:39.611]         Type 'Element' is not assignable to type 'ReactNode'.
[21:34:39.611]           Property 'children' is missing in type 'Element' but required in type 'ReactPortal'.
[21:34:39.611] src/components/StoryIPRegistration.tsx(210,21): error TS2322: Type 'IconType' is not assignable to type 'ComponentType'.
[21:34:39.611]   Type 'ReactNode' is missing the following properties from type 'Element': type, props, key
[21:34:39.611] src/components/StoryIPRegistration.tsx(211,16): error TS2786: 'Text' cannot be used as a JSX component.
[21:34:39.611]   Its type 'ComponentType<TextProps>' is not a valid JSX element type.
[21:34:39.611]     Type 'ComponentType<TextProps>' is not assignable to type '(props: any, deprecatedLegacyContext?: any) => ReactNode'.
[21:34:39.611]       Type 'Element | null' is not assignable to type 'ReactNode'.
[21:34:39.611]         Type 'Element' is not assignable to type 'ReactNode'.
[21:34:39.611]           Property 'children' is missing in type 'Element' but required in type 'ReactPortal'.
[21:34:39.611] src/components/StoryIPRegistration.tsx(211,21): error TS2559: Type 'string' has no properties in common with type 'ReactNode'.
[21:34:39.611] src/components/StoryIPRegistration.tsx(216,14): error TS2786: 'Box' cannot be used as a JSX component.
[21:34:39.611]   Its type 'ComponentType<BoxProps>' is not a valid JSX element type.
[21:34:39.611]     Type 'ComponentType<BoxProps>' is not assignable to type '(props: any, deprecatedLegacyContext?: any) => ReactNode'.
[21:34:39.611]       Type 'Element | null' is not assignable to type 'ReactNode'.
[21:34:39.611]         Type 'Element' is not assignable to type 'ReactNode'.
[21:34:39.611]           Property 'children' is missing in type 'Element' but required in type 'ReactPortal'.
[21:34:39.611] src/components/StoryIPRegistration.tsx(217,15): error TS2559: Type 'ReactElement<any, any>' has no properties in common with type 'ReactNode'.
[21:34:39.611] src/components/StoryIPRegistration.tsx(217,16): error TS2786: 'Image' cannot be used as a JSX component.
[21:34:39.611]   Its type 'ComponentType<ImageProps>' is not a valid JSX element type.
[21:34:39.611]     Type 'ComponentType<ImageProps>' is not assignable to type '(props: any, deprecatedLegacyContext?: any) => ReactNode'.
[21:34:39.611]       Type 'Element | null' is not assignable to type 'ReactNode'.
[21:34:39.611]         Type 'Element' is not assignable to type 'ReactNode'.
[21:34:39.612]           Property 'children' is missing in type 'Element' but required in type 'ReactPortal'.
[21:34:39.612] src/components/StoryIPRegistration.tsx(222,14): error TS2746: This JSX tag's 'children' prop expects a single child of type 'ReactNode | undefined', but multiple children were provided.
[21:34:39.612] src/components/StoryIPRegistration.tsx(222,14): error TS2786: 'Box' cannot be used as a JSX component.
[21:34:39.612]   Its type 'ComponentType<BoxProps>' is not a valid JSX element type.
[21:34:39.612]     Type 'ComponentType<BoxProps>' is not assignable to type '(props: any, deprecatedLegacyContext?: any) => ReactNode'.
[21:34:39.612]       Type 'Element | null' is not assignable to type 'ReactNode'.
[21:34:39.612]         Type 'Element' is not assignable to type 'ReactNode'.
[21:34:39.612]           Property 'children' is missing in type 'Element' but required in type 'ReactPortal'.
[21:34:39.612] src/components/StoryIPRegistration.tsx(223,16): error TS2746: This JSX tag's 'children' prop expects a single child of type 'ReactNode | undefined', but multiple children were provided.
[21:34:39.612] src/components/StoryIPRegistration.tsx(223,16): error TS2786: 'Text' cannot be used as a JSX component.
[21:34:39.612]   Its type 'ComponentType<TextProps>' is not a valid JSX element type.
[21:34:39.612]     Type 'ComponentType<TextProps>' is not assignable to type '(props: any, deprecatedLegacyContext?: any) => ReactNode'.
[21:34:39.612]       Type 'Element | null' is not assignable to type 'ReactNode'.
[21:34:39.612]         Type 'Element' is not assignable to type 'ReactNode'.
[21:34:39.612]           Property 'children' is missing in type 'Element' but required in type 'ReactPortal'.
[21:34:39.612] src/components/StoryIPRegistration.tsx(224,16): error TS2786: 'Box' cannot be used as a JSX component.
[21:34:39.612]   Its type 'ComponentType<BoxProps>' is not a valid JSX element type.
[21:34:39.612]     Type 'ComponentType<BoxProps>' is not assignable to type '(props: any, deprecatedLegacyContext?: any) => ReactNode'.
[21:34:39.612]       Type 'Element | null' is not assignable to type 'ReactNode'.
[21:34:39.612]         Type 'Element' is not assignable to type 'ReactNode'.
[21:34:39.612]           Property 'children' is missing in type 'Element' but required in type 'ReactPortal'.
[21:34:39.612] src/components/StoryIPRegistration.tsx(231,17): error TS2559: Type 'ReactElement<any, any>' has no properties in common with type 'ReactNode'.
[21:34:39.612] src/components/StoryIPRegistration.tsx(231,18): error TS2786: 'Box' cannot be used as a JSX component.
[21:34:39.612]   Its type 'ComponentType<BoxProps>' is not a valid JSX element type.
[21:34:39.612]     Type 'ComponentType<BoxProps>' is not assignable to type '(props: any, deprecatedLegacyContext?: any) => ReactNode'.
[21:34:39.612]       Type 'Element | null' is not assignable to type 'ReactNode'.
[21:34:39.612]         Type 'Element' is not assignable to type 'ReactNode'.
[21:34:39.612]           Property 'children' is missing in type 'Element' but required in type 'ReactPortal'.
[21:34:39.612] src/components/StoryIPRegistration.tsx(244,12): error TS2786: 'Button' cannot be used as a JSX component.
[21:34:39.612]   Its type 'ComponentType<ButtonProps>' is not a valid JSX element type.
[21:34:39.612]     Type 'ComponentType<ButtonProps>' is not assignable to type '(props: any, deprecatedLegacyContext?: any) => ReactNode'.
[21:34:39.612]       Type 'Element | null' is not assignable to type 'ReactNode'.
[21:34:39.612]         Type 'Element' is not assignable to type 'ReactNode'.
[21:34:39.612]           Property 'children' is missing in type 'Element' but required in type 'ReactPortal'.
[21:34:39.612] src/components/StoryIPRegistration.tsx(250,12): error TS2559: Type 'string' has no properties in common with type 'ReactNode'.
[21:34:39.612] src/contexts/AuthContext.tsx(75,6): error TS2786: 'AuthContext.Provider' cannot be used as a JSX component.
[21:34:39.612]   Its type 'ComponentType<{ value: AuthContextType | undefined; children?: ReactNode | undefined; }>' is not a valid JSX element type.
[21:34:39.613]     Type 'ComponentType<{ value: AuthContextType | undefined; children?: ReactNode | undefined; }>' is not assignable to type '(props: any, deprecatedLegacyContext?: any) => ReactNode'.
[21:34:39.613]       Type 'Element | null' is not assignable to type 'ReactNode'.
[21:34:39.613]         Type 'Element' is not assignable to type 'ReactNode'.
[21:34:39.613]           Property 'children' is missing in type 'Element' but required in type 'ReactPortal'.
[21:34:39.613] src/contexts/DeBridgeContext.tsx(80,6): error TS2786: 'DeBridgeContext.Provider' cannot be used as a JSX component.
[21:34:39.613]   Its type 'ComponentType<{ value: { loading: boolean; error: string | null; sendTokens: (receiver: `0x${string}`, amount: string, targetChainId: bigint) => Promise<void>; CHAIN_IDS: { readonly ETHEREUM: 1n; readonly POLYGON: 137n; readonly BSC: 56n; readonly TOMO: 88n; }; }; children?: ReactNode | undefined; }>' is not a valid JSX element type.
[21:34:39.613]     Type 'ComponentType<{ value: { loading: boolean; error: string | null; sendTokens: (receiver: `0x${string}`, amount: string, targetChainId: bigint) => Promise<void>; CHAIN_IDS: { readonly ETHEREUM: 1n; readonly POLYGON: 137n; readonly BSC: 56n; readonly TOMO: 88n; }; }; children?: ReactNode | undefined; }>' is not assignable to type '(props: any, deprecatedLegacyContext?: any) => ReactNode'.
[21:34:39.613]       Type 'Element | null' is not assignable to type 'ReactNode'.
[21:34:39.613]         Type 'Element' is not assignable to type 'ReactNode'.
[21:34:39.613]           Property 'children' is missing in type 'Element' but required in type 'ReactPortal'.
[21:34:39.613] src/contexts/StoryContext.tsx(1,8): error TS6133: 'React' is declared but its value is never read.
[21:34:39.613] src/contexts/StoryContext.tsx(7,11): error TS6196: 'IP' is declared but never used.
[21:34:39.614] src/contexts/StoryContext.tsx(42,11): error TS6133: 'client' is declared but its value is never read.
[21:34:39.614] src/contexts/StoryContext.tsx(116,11): error TS2786: 'StoryContext.Provider' cannot be used as a JSX component.
[21:34:39.614]   Its type 'ComponentType<{ value: StoryContextType; children?: ReactNode | undefined; }>' is not a valid JSX element type.
[21:34:39.614]     Type 'ComponentType<{ value: StoryContextType; children?: ReactNode | undefined; }>' is not assignable to type '(props: any, deprecatedLegacyContext?: any) => ReactNode'.
[21:34:39.615]       Type 'Element | null' is not assignable to type 'ReactNode'.
[21:34:39.615]         Type 'Element' is not assignable to type 'ReactNode'.
[21:34:39.615]           Property 'children' is missing in type 'Element' but required in type 'ReactPortal'.
[21:34:39.615] src/data/dashboardData.ts(1,10): error TS2305: Module '"react-icons/fa"' has no exported member 'FaChartLine'.
[21:34:39.615] src/data/dashboardData.ts(1,23): error TS2305: Module '"react-icons/fa"' has no exported member 'FaUsers'.
[21:34:39.615] src/data/dashboardData.ts(1,32): error TS2305: Module '"react-icons/fa"' has no exported member 'FaCoins'.
[21:34:39.615] src/data/dashboardData.ts(1,41): error TS2305: Module '"react-icons/fa"' has no exported member 'FaLock'.
[21:34:39.615] src/data/dashboardData.ts(1,41): error TS6133: 'FaLock' is declared but its value is never read.
[21:34:39.615] src/data/dashboardData.ts(1,69): error TS2305: Module '"react-icons/fa"' has no exported member 'FaPaintBrush'.
[21:34:39.615] src/data/dashboardData.ts(1,83): error TS2305: Module '"react-icons/fa"' has no exported member 'FaCamera'.
[21:34:39.615] src/hooks/useStoryProtocol.ts(30,11): error TS6196: 'IPDetails' is declared but never used.
[21:34:39.615] src/hooks/useStoryProtocol.ts(119,31): error TS6133: 'address' is declared but its value is never read.
[21:34:39.615] src/hooks/useStoryProtocol.ts(160,13): error TS6133: 'errorMessage' is declared but its value is never read.
[21:34:39.615] src/hooks/useStoryProtocol.ts(205,5): error TS6133: 'type' is declared but its value is never read.
[21:34:39.615] src/main.tsx(32,3): error TS2559: Type 'ReactElement<any, any>' has no properties in common with type 'ReactNode'.
[21:34:39.615] src/main.tsx(32,10): error TS2339: Property 'StrictMode' does not exist on type 'typeof import("react")'.
[21:34:39.615] src/main.tsx(34,8): error TS2786: 'QueryClientProvider' cannot be used as a JSX component.
[21:34:39.615]   Its type '({ client, children, }: QueryClientProviderProps) => Element' is not a valid JSX element type.
[21:34:39.615]     Type '({ client, children, }: QueryClientProviderProps) => Element' is not assignable to type '(props: any, deprecatedLegacyContext?: any) => ReactNode'.
[21:34:39.615]       Type 'Element' is not assignable to type 'ReactNode'.
[21:34:39.615]         Property 'children' is missing in type 'Element' but required in type 'ReactPortal'.
[21:34:39.615] src/main.tsx(35,9): error TS2559: Type 'ReactElement<any, any>' has no properties in common with type 'ReactNode'.
[21:34:39.615] src/main.tsx(35,10): error TS2786: 'TomoEVMKitProvider' cannot be used as a JSX component.
[21:34:39.615]   Its type '({ appInfo, avatar, children, coolMode, id, initialChain, modalSize, showRecentTransactions, theme, _noOtherWallets, socialsFirst, }: RainbowKitProviderProps) => Element' is not a valid JSX element type.
[21:34:39.615]     Type '({ appInfo, avatar, children, coolMode, id, initialChain, modalSize, showRecentTransactions, theme, _noOtherWallets, socialsFirst, }: RainbowKitProviderProps) => Element' is not assignable to type '(props: any, deprecatedLegacyContext?: any) => ReactNode'.
[21:34:39.615]       Type 'Element' is not assignable to type 'ReactNode'.
[21:34:39.615]         Property 'children' is missing in type 'Element' but required in type 'ReactPortal'.
[21:34:39.615] src/main.tsx(69,11): error TS2559: Type 'ReactElement<any, any>' has no properties in common with type 'ReactNode'.
[21:34:39.615] src/main.tsx(73,11): error TS2339: Property 'StrictMode' does not exist on type 'typeof import("react")'.
[21:34:39.615] src/pages/About.tsx(6,3): error TS2305: Module '"@chakra-ui/react"' has no exported member 'Container'.
[21:34:39.615] src/pages/About.tsx(7,3): error TS2305: Module '"@chakra-ui/react"' has no exported member 'SimpleGrid'.
[21:34:39.615] src/pages/About.tsx(9,3): error TS2305: Module '"@chakra-ui/react"' has no exported member 'useColorModeValue'.
[21:34:39.615] src/pages/About.tsx(11,3): error TS2305: Module '"@chakra-ui/react"' has no exported member 'Flex'.
[21:34:39.615] src/pages/About.tsx(11,3): error TS6133: 'Flex' is declared but its value is never read.
[21:34:39.615] src/pages/About.tsx(12,3): error TS2724: '"@chakra-ui/react"' has no exported member named 'HStack'. Did you mean 'VStack'?
[21:34:39.615] src/pages/About.tsx(13,3): error TS6133: 'Image' is declared but its value is never read.
[21:34:39.615] src/pages/About.tsx(14,3): error TS2305: Module '"@chakra-ui/react"' has no exported member 'useBreakpointValue'.
[21:34:39.616] src/pages/About.tsx(15,3): error TS2305: Module '"@chakra-ui/react"' has no exported member 'Badge'.
[21:34:39.616] src/pages/About.tsx(19,3): error TS2305: Module '"@chakra-ui/react"' has no exported member 'Circle'.
[21:34:39.616] src/pages/About.tsx(19,3): error TS6133: 'Circle' is declared but its value is never read.
[21:34:39.616] src/pages/About.tsx(20,3): error TS2305: Module '"@chakra-ui/react"' has no exported member 'useToken'.
[21:34:39.616] src/pages/About.tsx(22,10): error TS2305: Module '"react-icons/fa"' has no exported member 'FaRocket'.
[21:34:39.616] src/pages/About.tsx(22,20): error TS2305: Module '"react-icons/fa"' has no exported member 'FaUsers'.
[21:34:39.616] src/pages/About.tsx(22,29): error TS2305: Module '"react-icons/fa"' has no exported member 'FaCoins'.
[21:34:39.616] src/pages/About.tsx(22,38): error TS2305: Module '"react-icons/fa"' has no exported member 'FaChartLine'.
[21:34:39.616] src/pages/About.tsx(22,51): error TS2305: Module '"react-icons/fa"' has no exported member 'FaHandshake'.
[21:34:39.616] src/pages/About.tsx(22,64): error TS2305: Module '"react-icons/fa"' has no exported member 'FaLock'.
[21:34:39.616] src/pages/About.tsx(22,72): error TS2305: Module '"react-icons/fa"' has no exported member 'FaGlobe'.
[21:34:39.616] src/pages/About.tsx(22,81): error TS2305: Module '"react-icons/fa"' has no exported member 'FaShieldAlt'.
[21:34:39.616] src/pages/About.tsx(22,81): error TS6133: 'FaShieldAlt' is declared but its value is never read.
[21:34:39.616] src/pages/About.tsx(22,105): error TS2305: Module '"react-icons/fa"' has no exported member 'FaLightbulb'.
[21:34:39.616] src/pages/About.tsx(22,118): error TS2305: Module '"react-icons/fa"' has no exported member 'FaCheckCircle'.
[21:34:39.616] src/pages/About.tsx(23,18): error TS6133: 'RouterLink' is declared but its value is never read.
[21:34:39.616] src/pages/About.tsx(38,7): error TS6133: 'pulse' is declared but its value is never read.
[21:34:39.616] src/pages/About.tsx(44,7): error TS6133: 'rotate' is declared but its value is never read.
[21:34:39.617] src/pages/About.tsx(52,9): error TS6133: 'isMobile' is declared but its value is never read.
[21:34:39.617] src/pages/About.tsx(56,11): error TS6133: 'address' is declared but its value is never read.
[21:34:39.617] src/pages/About.tsx(96,7): error TS2559: Type 'ReactElement<any, any>' has no properties in common with type 'ReactNode'.
[21:34:39.617] src/pages/About.tsx(96,8): error TS2746: This JSX tag's 'children' prop expects a single child of type 'ReactNode | undefined', but multiple children were provided.
[21:34:39.617] src/pages/About.tsx(96,8): error TS2786: 'Box' cannot be used as a JSX component.
[21:34:39.617]   Its type 'ComponentType<BoxProps>' is not a valid JSX element type.
[21:34:39.617]     Type 'ComponentType<BoxProps>' is not assignable to type '(props: any, deprecatedLegacyContext?: any) => ReactNode'.
[21:34:39.617]       Type 'Element | null' is not assignable to type 'ReactNode'.
[21:34:39.617]         Type 'Element' is not assignable to type 'ReactNode'.
[21:34:39.617]           Property 'children' is missing in type 'Element' but required in type 'ReactPortal'.
[21:34:39.617] src/pages/About.tsx(106,10): error TS2786: 'Box' cannot be used as a JSX component.
[21:34:39.617]   Its type 'ComponentType<BoxProps>' is not a valid JSX element type.
[21:34:39.617]     Type 'ComponentType<BoxProps>' is not assignable to type '(props: any, deprecatedLegacyContext?: any) => ReactNode'.
[21:34:39.617]       Type 'Element | null' is not assignable to type 'ReactNode'.
[21:34:39.617]         Type 'Element' is not assignable to type 'ReactNode'.
[21:34:39.617]           Property 'children' is missing in type 'Element' but required in type 'ReactPortal'.
[21:34:39.618] src/pages/About.tsx(113,11): error TS2322: Type '{ position: string; top: string; left: string; w: string; h: string; borderRadius: string; bgGradient: string; opacity: string; filter: string; animation: string; }' is not assignable to type 'IntrinsicAttributes & BoxProps'.
[21:34:39.618]   Property 'bgGradient' does not exist on type 'IntrinsicAttributes & BoxProps'.
[21:34:39.618] src/pages/About.tsx(118,10): error TS2786: 'Box' cannot be used as a JSX component.
[21:34:39.618]   Its type 'ComponentType<BoxProps>' is not a valid JSX element type.
[21:34:39.618]     Type 'ComponentType<BoxProps>' is not assignable to type '(props: any, deprecatedLegacyContext?: any) => ReactNode'.
[21:34:39.618]       Type 'Element | null' is not assignable to type 'ReactNode'.
[21:34:39.619]         Type 'Element' is not assignable to type 'ReactNode'.
[21:34:39.619]           Property 'children' is missing in type 'Element' but required in type 'ReactPortal'.
[21:34:39.619] src/pages/About.tsx(120,11): error TS2322: Type '{ position: string; bottom: string; right: string; w: string; h: string; borderRadius: string; bgGradient: string; opacity: string; filter: string; animation: string; }' is not assignable to type 'IntrinsicAttributes & BoxProps'.
[21:34:39.619]   Property 'bottom' does not exist on type 'IntrinsicAttributes & BoxProps'.
[21:34:39.619] src/pages/About.tsx(132,12): error TS2746: This JSX tag's 'children' prop expects a single child of type 'ReactNode | undefined', but multiple children were provided.
[21:34:39.619] src/pages/About.tsx(132,12): error TS2786: 'Grid' cannot be used as a JSX component.
[21:34:39.619]   Its type 'ComponentType<GridProps>' is not a valid JSX element type.
[21:34:39.619]     Type 'ComponentType<GridProps>' is not assignable to type '(props: any, deprecatedLegacyContext?: any) => ReactNode'.
[21:34:39.619]       Type 'Element | null' is not assignable to type 'ReactNode'.
[21:34:39.619]         Type 'Element' is not assignable to type 'ReactNode'.
[21:34:39.619]           Property 'children' is missing in type 'Element' but required in type 'ReactPortal'.
[21:34:39.619] src/pages/About.tsx(133,13): error TS2322: Type '{ base: string; lg: string; }' is not assignable to type 'string'.
[21:34:39.619] src/pages/About.tsx(134,13): error TS2322: Type '{ base: number; md: number; lg: number; }' is not assignable to type 'string | number | undefined'.
[21:34:39.619] src/pages/About.tsx(138,14): error TS2786: 'GridItem' cannot be used as a JSX component.
[21:34:39.619]   Its type 'ComponentType<GridItemProps>' is not a valid JSX element type.
[21:34:39.619]     Type 'ComponentType<GridItemProps>' is not assignable to type '(props: any, deprecatedLegacyContext?: any) => ReactNode'.
[21:34:39.619]       Type 'Element | null' is not assignable to type 'ReactNode'.
[21:34:39.619]         Type 'Element' is not assignable to type 'ReactNode'.
[21:34:39.619]           Property 'children' is missing in type 'Element' but required in type 'ReactPortal'.
[21:34:39.619] src/pages/About.tsx(139,15): error TS2559: Type 'ReactElement<any, any>' has no properties in common with type 'ReactNode'.
[21:34:39.619] src/pages/About.tsx(139,16): error TS2746: This JSX tag's 'children' prop expects a single child of type 'ReactNode | undefined', but multiple children were provided.
[21:34:39.619] src/pages/About.tsx(139,16): error TS2786: 'VStack' cannot be used as a JSX component.
[21:34:39.619]   Its type 'ComponentType<VStackProps>' is not a valid JSX element type.
[21:34:39.619]     Type 'ComponentType<VStackProps>' is not assignable to type '(props: any, deprecatedLegacyContext?: any) => ReactNode'.
[21:34:39.619]       Type 'Element | null' is not assignable to type 'ReactNode'.
[21:34:39.619]         Type 'Element' is not assignable to type 'ReactNode'.
[21:34:39.619]           Property 'children' is missing in type 'Element' but required in type 'ReactPortal'.
[21:34:39.619] src/pages/About.tsx(139,23): error TS2322: Type '{ base: number; md: number; lg: number; }' is not assignable to type 'string | number | undefined'.
[21:34:39.619] src/pages/About.tsx(141,18): error TS2746: This JSX tag's 'children' prop expects a single child of type 'ReactNode | undefined', but multiple children were provided.
[21:34:39.619] src/pages/About.tsx(141,18): error TS2786: 'Box' cannot be used as a JSX component.
[21:34:39.619]   Its type 'ComponentType<BoxProps>' is not a valid JSX element type.
[21:34:39.619]     Type 'ComponentType<BoxProps>' is not assignable to type '(props: any, deprecatedLegacyContext?: any) => ReactNode'.
[21:34:39.619]       Type 'Element | null' is not assignable to type 'ReactNode'.
[21:34:39.619]         Type 'Element' is not assignable to type 'ReactNode'.
[21:34:39.619]           Property 'children' is missing in type 'Element' but required in type 'ReactPortal'.
[21:34:39.619] src/pages/About.tsx(162,20): error TS2746: This JSX tag's 'children' prop expects a single child of type 'ReactNode | undefined', but multiple children were provided.
[21:34:39.620] src/pages/About.tsx(162,20): error TS2786: 'VStack' cannot be used as a JSX component.
[21:34:39.620]   Its type 'ComponentType<VStackProps>' is not a valid JSX element type.
[21:34:39.620]     Type 'ComponentType<VStackProps>' is not assignable to type '(props: any, deprecatedLegacyContext?: any) => ReactNode'.
[21:34:39.620]       Type 'Element | null' is not assignable to type 'ReactNode'.
[21:34:39.620]         Type 'Element' is not assignable to type 'ReactNode'.
[21:34:39.620]           Property 'children' is missing in type 'Element' but required in type 'ReactPortal'.
[21:34:39.620] src/pages/About.tsx(162,27): error TS2322: Type '{ base: number; md: number; }' is not assignable to type 'string | number | undefined'.
[21:34:39.620] src/pages/About.tsx(163,22): error TS2786: 'Icon' cannot be used as a JSX component.
[21:34:39.620]   Its type 'ComponentType<IconProps>' is not a valid JSX element type.
[21:34:39.620]     Type 'ComponentType<IconProps>' is not assignable to type '(props: any, deprecatedLegacyContext?: any) => ReactNode'.
[21:34:39.620]       Type 'Element | null' is not assignable to type 'ReactNode'.
[21:34:39.620]         Type 'Element' is not assignable to type 'ReactNode'.
[21:34:39.620]           Property 'children' is missing in type 'Element' but required in type 'ReactPortal'.
[21:34:39.620] src/pages/About.tsx(163,44): error TS2322: Type '{ as: any; w: { base: number; md: number; }; h: { base: number; md: number; }; color: string; }' is not assignable to type 'IntrinsicAttributes & IconProps'.
[21:34:39.620]   Property 'w' does not exist on type 'IntrinsicAttributes & IconProps'.
[21:34:39.620] src/pages/About.tsx(164,22): error TS2786: 'Heading' cannot be used as a JSX component.
[21:34:39.620]   Its type 'ComponentType<HeadingProps>' is not a valid JSX element type.
[21:34:39.620]     Type 'ComponentType<HeadingProps>' is not assignable to type '(props: any, deprecatedLegacyContext?: any) => ReactNode'.
[21:34:39.620]       Type 'Element | null' is not assignable to type 'ReactNode'.
[21:34:39.620]         Type 'Element' is not assignable to type 'ReactNode'.
[21:34:39.620]           Property 'children' is missing in type 'Element' but required in type 'ReactPortal'.
[21:34:39.620] src/pages/About.tsx(165,23): error TS2322: Type '{ base: string; md: string; }' is not assignable to type 'string'.
[21:34:39.620] src/pages/About.tsx(171,22): error TS2559: Type 'string' has no properties in common with type 'ReactNode'.
[21:34:39.620] src/pages/About.tsx(174,22): error TS2786: 'Text' cannot be used as a JSX component.
[21:34:39.620]   Its type 'ComponentType<TextProps>' is not a valid JSX element type.
[21:34:39.620]     Type 'ComponentType<TextProps>' is not assignable to type '(props: any, deprecatedLegacyContext?: any) => ReactNode'.
[21:34:39.620]       Type 'Element | null' is not assignable to type 'ReactNode'.
[21:34:39.620]         Type 'Element' is not assignable to type 'ReactNode'.
[21:34:39.620]           Property 'children' is missing in type 'Element' but required in type 'ReactPortal'.
[21:34:39.620] src/pages/About.tsx(174,51): error TS2322: Type '{ base: string; md: string; }' is not assignable to type 'string'.
[21:34:39.620] src/pages/About.tsx(174,87): error TS2559: Type 'string' has no properties in common with type 'ReactNode'.
[21:34:39.620] src/pages/About.tsx(179,24): error TS2786: 'Button' cannot be used as a JSX component.
[21:34:39.620]   Its type 'ComponentType<ButtonProps>' is not a valid JSX element type.
[21:34:39.620]     Type 'ComponentType<ButtonProps>' is not assignable to type '(props: any, deprecatedLegacyContext?: any) => ReactNode'.
[21:34:39.620]       Type 'Element | null' is not assignable to type 'ReactNode'.
[21:34:39.620]         Type 'Element' is not assignable to type 'ReactNode'.
[21:34:39.620]           Property 'children' is missing in type 'Element' but required in type 'ReactPortal'.
[21:34:39.620] src/pages/About.tsx(182,25): error TS2322: Type '{ base: string; md: string; }' is not assignable to type 'string'.
[21:34:39.621] src/pages/About.tsx(185,24): error TS2559: Type 'string' has no properties in common with type 'ReactNode'.
[21:34:39.621] src/pages/About.tsx(188,24): error TS2786: 'Button' cannot be used as a JSX component.
[21:34:39.621]   Its type 'ComponentType<ButtonProps>' is not a valid JSX element type.
[21:34:39.621]     Type 'ComponentType<ButtonProps>' is not assignable to type '(props: any, deprecatedLegacyContext?: any) => ReactNode'.
[21:34:39.621]       Type 'Element | null' is not assignable to type 'ReactNode'.
[21:34:39.621]         Type 'Element' is not assignable to type 'ReactNode'.
[21:34:39.621]           Property 'children' is missing in type 'Element' but required in type 'ReactPortal'.
[21:34:39.621] src/pages/About.tsx(191,25): error TS2322: Type '{ base: string; md: string; }' is not assignable to type 'string'.
[21:34:39.621] src/pages/About.tsx(194,24): error TS2559: Type 'string' has no properties in common with type 'ReactNode'.
[21:34:39.621] src/pages/About.tsx(236,14): error TS2786: 'GridItem' cannot be used as a JSX component.
[21:34:39.621]   Its type 'ComponentType<GridItemProps>' is not a valid JSX element type.
[21:34:39.621]     Type 'ComponentType<GridItemProps>' is not assignable to type '(props: any, deprecatedLegacyContext?: any) => ReactNode'.
[21:34:39.621]       Type 'Element | null' is not assignable to type 'ReactNode'.
[21:34:39.621]         Type 'Element' is not assignable to type 'ReactNode'.
[21:34:39.621]           Property 'children' is missing in type 'Element' but required in type 'ReactPortal'.
[21:34:39.621] src/pages/About.tsx(237,15): error TS2559: Type 'ReactElement<any, any>' has no properties in common with type 'ReactNode'.
[21:34:39.621] src/pages/About.tsx(237,16): error TS2746: This JSX tag's 'children' prop expects a single child of type 'ReactNode | undefined', but multiple children were provided.
[21:34:39.621] src/pages/About.tsx(237,16): error TS2786: 'VStack' cannot be used as a JSX component.
[21:34:39.621]   Its type 'ComponentType<VStackProps>' is not a valid JSX element type.
[21:34:39.621]     Type 'ComponentType<VStackProps>' is not assignable to type '(props: any, deprecatedLegacyContext?: any) => ReactNode'.
[21:34:39.621]       Type 'Element | null' is not assignable to type 'ReactNode'.
[21:34:39.621]         Type 'Element' is not assignable to type 'ReactNode'.
[21:34:39.621]           Property 'children' is missing in type 'Element' but required in type 'ReactPortal'.
[21:34:39.621] src/pages/About.tsx(237,23): error TS2322: Type '{ base: number; md: number; lg: number; }' is not assignable to type 'string | number | undefined'.
[21:34:39.621] src/pages/About.tsx(239,18): error TS2786: 'Box' cannot be used as a JSX component.
[21:34:39.621]   Its type 'ComponentType<BoxProps>' is not a valid JSX element type.
[21:34:39.621]     Type 'ComponentType<BoxProps>' is not assignable to type '(props: any, deprecatedLegacyContext?: any) => ReactNode'.
[21:34:39.621]       Type 'Element | null' is not assignable to type 'ReactNode'.
[21:34:39.621]         Type 'Element' is not assignable to type 'ReactNode'.
[21:34:39.621]           Property 'children' is missing in type 'Element' but required in type 'ReactPortal'.
[21:34:39.621] src/pages/About.tsx(246,19): error TS2559: Type 'ReactElement<any, any>' has no properties in common with type 'ReactNode'.
[21:34:39.621] src/pages/About.tsx(246,20): error TS2746: This JSX tag's 'children' prop expects a single child of type 'ReactNode | undefined', but multiple children were provided.
[21:34:39.621] src/pages/About.tsx(246,20): error TS2786: 'VStack' cannot be used as a JSX component.
[21:34:39.621]   Its type 'ComponentType<VStackProps>' is not a valid JSX element type.
[21:34:39.621]     Type 'ComponentType<VStackProps>' is not assignable to type '(props: any, deprecatedLegacyContext?: any) => ReactNode'.
[21:34:39.622]       Type 'Element | null' is not assignable to type 'ReactNode'.
[21:34:39.622]         Type 'Element' is not assignable to type 'ReactNode'.
[21:34:39.622]           Property 'children' is missing in type 'Element' but required in type 'ReactPortal'.
[21:34:39.622] src/pages/About.tsx(246,27): error TS2322: Type '{ base: number; md: number; }' is not assignable to type 'string | number | undefined'.
[21:34:39.622] src/pages/About.tsx(247,22): error TS2786: 'Heading' cannot be used as a JSX component.
[21:34:39.622]   Its type 'ComponentType<HeadingProps>' is not a valid JSX element type.
[21:34:39.622]     Type 'ComponentType<HeadingProps>' is not assignable to type '(props: any, deprecatedLegacyContext?: any) => ReactNode'.
[21:34:39.622]       Type 'Element | null' is not assignable to type 'ReactNode'.
[21:34:39.622]         Type 'Element' is not assignable to type 'ReactNode'.
[21:34:39.622]           Property 'children' is missing in type 'Element' but required in type 'ReactPortal'.
[21:34:39.622] src/pages/About.tsx(247,30): error TS2322: Type '{ base: string; md: string; }' is not assignable to type 'string'.
[21:34:39.622] src/pages/About.tsx(247,97): error TS2559: Type 'string' has no properties in common with type 'ReactNode'.
[21:34:39.622] src/pages/About.tsx(250,22): error TS2786: 'Text' cannot be used as a JSX component.
[21:34:39.622]   Its type 'ComponentType<TextProps>' is not a valid JSX element type.
[21:34:39.622]     Type 'ComponentType<TextProps>' is not assignable to type '(props: any, deprecatedLegacyContext?: any) => ReactNode'.
[21:34:39.622]       Type 'Element | null' is not assignable to type 'ReactNode'.
[21:34:39.622]         Type 'Element' is not assignable to type 'ReactNode'.
[21:34:39.622]           Property 'children' is missing in type 'Element' but required in type 'ReactPortal'.
[21:34:39.622] src/pages/About.tsx(250,51): error TS2322: Type '{ base: string; md: string; }' is not assignable to type 'string'.
[21:34:39.622] src/pages/About.tsx(250,87): error TS2559: Type 'string' has no properties in common with type 'ReactNode'.
[21:34:39.622] src/pages/About.tsx(274,18): error TS2786: 'Box' cannot be used as a JSX component.
[21:34:39.622]   Its type 'ComponentType<BoxProps>' is not a valid JSX element type.
[21:34:39.622]     Type 'ComponentType<BoxProps>' is not assignable to type '(props: any, deprecatedLegacyContext?: any) => ReactNode'.
[21:34:39.623]       Type 'Element | null' is not assignable to type 'ReactNode'.
[21:34:39.623]         Type 'Element' is not assignable to type 'ReactNode'.
[21:34:39.623]           Property 'children' is missing in type 'Element' but required in type 'ReactPortal'.
[21:34:39.623] src/pages/About.tsx(281,19): error TS2559: Type 'ReactElement<any, any>' has no properties in common with type 'ReactNode'.
[21:34:39.623] src/pages/About.tsx(281,20): error TS2746: This JSX tag's 'children' prop expects a single child of type 'ReactNode | undefined', but multiple children were provided.
[21:34:39.623] src/pages/About.tsx(281,20): error TS2786: 'VStack' cannot be used as a JSX component.
[21:34:39.623]   Its type 'ComponentType<VStackProps>' is not a valid JSX element type.
[21:34:39.623]     Type 'ComponentType<VStackProps>' is not assignable to type '(props: any, deprecatedLegacyContext?: any) => ReactNode'.
[21:34:39.623]       Type 'Element | null' is not assignable to type 'ReactNode'.
[21:34:39.623]         Type 'Element' is not assignable to type 'ReactNode'.
[21:34:39.623]           Property 'children' is missing in type 'Element' but required in type 'ReactPortal'.
[21:34:39.623] src/pages/About.tsx(281,27): error TS2322: Type '{ base: number; md: number; }' is not assignable to type 'string | number | undefined'.
[21:34:39.623] src/pages/About.tsx(282,22): error TS2786: 'Heading' cannot be used as a JSX component.
[21:34:39.623]   Its type 'ComponentType<HeadingProps>' is not a valid JSX element type.
[21:34:39.623]     Type 'ComponentType<HeadingProps>' is not assignable to type '(props: any, deprecatedLegacyContext?: any) => ReactNode'.
[21:34:39.623]       Type 'Element | null' is not assignable to type 'ReactNode'.
[21:34:39.623]         Type 'Element' is not assignable to type 'ReactNode'.
[21:34:39.623]           Property 'children' is missing in type 'Element' but required in type 'ReactPortal'.
[21:34:39.623] src/pages/About.tsx(282,30): error TS2322: Type '{ base: string; md: string; }' is not assignable to type 'string'.
[21:34:39.623] src/pages/About.tsx(282,97): error TS2559: Type 'string' has no properties in common with type 'ReactNode'.
[21:34:39.623] src/pages/About.tsx(313,10): error TS2786: 'Box' cannot be used as a JSX component.
[21:34:39.623]   Its type 'ComponentType<BoxProps>' is not a valid JSX element type.
[21:34:39.624]     Type 'ComponentType<BoxProps>' is not assignable to type '(props: any, deprecatedLegacyContext?: any) => ReactNode'.
[21:34:39.624]       Type 'Element | null' is not assignable to type 'ReactNode'.
[21:34:39.624]         Type 'Element' is not assignable to type 'ReactNode'.
[21:34:39.624]           Property 'children' is missing in type 'Element' but required in type 'ReactPortal'.
[21:34:39.624] src/pages/About.tsx(325,11): error TS2559: Type 'ReactElement<any, any>' has no properties in common with type 'ReactNode'.
[21:34:39.624] src/pages/About.tsx(325,12): error TS2746: This JSX tag's 'children' prop expects a single child of type 'ReactNode | undefined', but multiple children were provided.
[21:34:39.624] src/pages/About.tsx(325,12): error TS2786: 'Box' cannot be used as a JSX component.
[21:34:39.624]   Its type 'ComponentType<BoxProps>' is not a valid JSX element type.
[21:34:39.624]     Type 'ComponentType<BoxProps>' is not assignable to type '(props: any, deprecatedLegacyContext?: any) => ReactNode'.
[21:34:39.624]       Type 'Element | null' is not assignable to type 'ReactNode'.
[21:34:39.624]         Type 'Element' is not assignable to type 'ReactNode'.
[21:34:39.624]           Property 'children' is missing in type 'Element' but required in type 'ReactPortal'.
[21:34:39.624] src/pages/About.tsx(334,14): error TS2786: 'Text' cannot be used as a JSX component.
[21:34:39.624]   Its type 'ComponentType<TextProps>' is not a valid JSX element type.
[21:34:39.624]     Type 'ComponentType<TextProps>' is not assignable to type '(props: any, deprecatedLegacyContext?: any) => ReactNode'.
[21:34:39.627]       Type 'Element | null' is not assignable to type 'ReactNode'.
[21:34:39.627]         Type 'Element' is not assignable to type 'ReactNode'.
[21:34:39.627]           Property 'children' is missing in type 'Element' but required in type 'ReactPortal'.
[21:34:39.628] src/pages/About.tsx(342,14): error TS2559: Type 'string' has no properties in common with type 'ReactNode'.
[21:34:39.628] src/pages/About.tsx(345,14): error TS2786: 'Text' cannot be used as a JSX component.
[21:34:39.628]   Its type 'ComponentType<TextProps>' is not a valid JSX element type.
[21:34:39.628]     Type 'ComponentType<TextProps>' is not assignable to type '(props: any, deprecatedLegacyContext?: any) => ReactNode'.
[21:34:39.628]       Type 'Element | null' is not assignable to type 'ReactNode'.
[21:34:39.628]         Type 'Element' is not assignable to type 'ReactNode'.
[21:34:39.628]           Property 'children' is missing in type 'Element' but required in type 'ReactPortal'.
[21:34:39.628] src/pages/About.tsx(353,14): error TS2559: Type 'string' has no properties in common with type 'ReactNode'.
[21:34:39.628] src/pages/About.tsx(365,6): error TS2786: 'MotionBox' cannot be used as a JSX component.
[21:34:39.628]   Its type 'ComponentType<MotionComponentProps<React$1.PropsWithChildren<Props>>>' is not a valid JSX element type.
[21:34:39.628]     Type 'ComponentType<MotionComponentProps<React$1.PropsWithChildren<Props>>>' is not assignable to type '(props: any, deprecatedLegacyContext?: any) => ReactNode'.
[21:34:39.628]       Type 'Element | null' is not assignable to type 'ReactNode'.
[21:34:39.628]         Type 'Element' is not assignable to type 'ReactNode'.
[21:34:39.628]           Property 'children' is missing in type 'Element' but required in type 'ReactPortal'.
[21:34:39.628] src/pages/About.tsx(369,8): error TS2746: This JSX tag's 'children' prop expects a single child of type 'ReactNode | undefined', but multiple children were provided.
[21:34:39.628] src/pages/About.tsx(369,8): error TS2786: 'VStack' cannot be used as a JSX component.
[21:34:39.628]   Its type 'ComponentType<VStackProps>' is not a valid JSX element type.
[21:34:39.628]     Type 'ComponentType<VStackProps>' is not assignable to type '(props: any, deprecatedLegacyContext?: any) => ReactNode'.
[21:34:39.628]       Type 'Element | null' is not assignable to type 'ReactNode'.
[21:34:39.628]         Type 'Element' is not assignable to type 'ReactNode'.
[21:34:39.628]           Property 'children' is missing in type 'Element' but required in type 'ReactPortal'.
[21:34:39.628] src/pages/About.tsx(374,9): error TS2322: Type '{ base: number; md: number; }' is not assignable to type 'string | number | undefined'.
[21:34:39.628] src/pages/About.tsx(394,10): error TS2786: 'Icon' cannot be used as a JSX component.
[21:34:39.628]   Its type 'ComponentType<IconProps>' is not a valid JSX element type.
[21:34:39.628]     Type 'ComponentType<IconProps>' is not assignable to type '(props: any, deprecatedLegacyContext?: any) => ReactNode'.
[21:34:39.628]       Type 'Element | null' is not assignable to type 'ReactNode'.
[21:34:39.628]         Type 'Element' is not assignable to type 'ReactNode'.
[21:34:39.628]           Property 'children' is missing in type 'Element' but required in type 'ReactPortal'.
[21:34:39.628] src/pages/About.tsx(394,25): error TS2322: Type '{ as: any; w: { base: number; md: number; }; h: { base: number; md: number; }; color: string; }' is not assignable to type 'IntrinsicAttributes & IconProps'.
[21:34:39.628]   Property 'w' does not exist on type 'IntrinsicAttributes & IconProps'.
[21:34:39.628] src/pages/About.tsx(395,10): error TS2786: 'Heading' cannot be used as a JSX component.
[21:34:39.628]   Its type 'ComponentType<HeadingProps>' is not a valid JSX element type.
[21:34:39.628]     Type 'ComponentType<HeadingProps>' is not assignable to type '(props: any, deprecatedLegacyContext?: any) => ReactNode'.
[21:34:39.628]       Type 'Element | null' is not assignable to type 'ReactNode'.
[21:34:39.628]         Type 'Element' is not assignable to type 'ReactNode'.
[21:34:39.628]           Property 'children' is missing in type 'Element' but required in type 'ReactPortal'.
[21:34:39.628] src/pages/About.tsx(395,18): error TS2322: Type '{ base: string; md: string; }' is not assignable to type 'string'.
[21:34:39.629] src/pages/About.tsx(395,85): error TS2559: Type 'string' has no properties in common with type 'ReactNode'.
[21:34:39.629] src/pages/About.tsx(396,10): error TS2786: 'Text' cannot be used as a JSX component.
[21:34:39.629]   Its type 'ComponentType<TextProps>' is not a valid JSX element type.
[21:34:39.629]     Type 'ComponentType<TextProps>' is not assignable to type '(props: any, deprecatedLegacyContext?: any) => ReactNode'.
[21:34:39.629]       Type 'Element | null' is not assignable to type 'ReactNode'.
[21:34:39.629]         Type 'Element' is not assignable to type 'ReactNode'.
[21:34:39.629]           Property 'children' is missing in type 'Element' but required in type 'ReactPortal'.
[21:34:39.629] src/pages/About.tsx(396,39): error TS2322: Type '{ base: string; md: string; }' is not assignable to type 'string'.
[21:34:39.629] src/pages/About.tsx(396,76): error TS2559: Type 'string' has no properties in common with type 'ReactNode'.
[21:34:39.629] src/pages/About.tsx(398,12): error TS2786: 'VStack' cannot be used as a JSX component.
[21:34:39.629]   Its type 'ComponentType<VStackProps>' is not a valid JSX element type.
[21:34:39.629]     Type 'ComponentType<VStackProps>' is not assignable to type '(props: any, deprecatedLegacyContext?: any) => ReactNode'.
[21:34:39.629]       Type 'Element | null' is not assignable to type 'ReactNode'.
[21:34:39.629]         Type 'Element' is not assignable to type 'ReactNode'.
[21:34:39.629]           Property 'children' is missing in type 'Element' but required in type 'ReactPortal'.
[21:34:39.629] src/pages/About.tsx(398,33): error TS2322: Type '{ base: number; md: number; }' is not assignable to type 'string | number | undefined'.
[21:34:39.629] src/pages/About.tsx(399,13): error TS2559: Type 'Element[]' has no properties in common with type 'ReactNode'.
[21:34:39.629] src/pages/About.tsx(401,18): error TS2786: 'Icon' cannot be used as a JSX component.
[21:34:39.629]   Its type 'ComponentType<IconProps>' is not a valid JSX element type.
[21:34:39.629]     Type 'ComponentType<IconProps>' is not assignable to type '(props: any, deprecatedLegacyContext?: any) => ReactNode'.
[21:34:39.629]       Type 'Element | null' is not assignable to type 'ReactNode'.
[21:34:39.629]         Type 'Element' is not assignable to type 'ReactNode'.
[21:34:39.629]           Property 'children' is missing in type 'Element' but required in type 'ReactPortal'.
[21:34:39.629] src/pages/About.tsx(401,42): error TS2322: Type '{ as: any; color: string; w: { base: number; md: number; }; h: { base: number; md: number; }; }' is not assignable to type 'IntrinsicAttributes & IconProps'.
[21:34:39.629]   Property 'color' does not exist on type 'IntrinsicAttributes & IconProps'.
[21:34:39.629] src/pages/About.tsx(402,18): error TS2786: 'Text' cannot be used as a JSX component.
[21:34:39.629]   Its type 'ComponentType<TextProps>' is not a valid JSX element type.
[21:34:39.629]     Type 'ComponentType<TextProps>' is not assignable to type '(props: any, deprecatedLegacyContext?: any) => ReactNode'.
[21:34:39.629]       Type 'Element | null' is not assignable to type 'ReactNode'.
[21:34:39.629]         Type 'Element' is not assignable to type 'ReactNode'.
[21:34:39.629]           Property 'children' is missing in type 'Element' but required in type 'ReactPortal'.
[21:34:39.629] src/pages/About.tsx(402,47): error TS2322: Type '{ base: string; md: string; }' is not assignable to type 'string'.
[21:34:39.629] src/pages/About.tsx(402,84): error TS2559: Type 'string' has no properties in common with type 'ReactNode'.
[21:34:39.629] src/pages/About.tsx(414,6): error TS2786: 'MotionBox' cannot be used as a JSX component.
[21:34:39.629]   Its type 'ComponentType<MotionComponentProps<React$1.PropsWithChildren<Props>>>' is not a valid JSX element type.
[21:34:39.629]     Type 'ComponentType<MotionComponentProps<React$1.PropsWithChildren<Props>>>' is not assignable to type '(props: any, deprecatedLegacyContext?: any) => ReactNode'.
[21:34:39.629]       Type 'Element | null' is not assignable to type 'ReactNode'.
[21:34:39.629]         Type 'Element' is not assignable to type 'ReactNode'.
[21:34:39.629]           Property 'children' is missing in type 'Element' but required in type 'ReactPortal'.
[21:34:39.629] src/pages/About.tsx(418,8): error TS2746: This JSX tag's 'children' prop expects a single child of type 'ReactNode | undefined', but multiple children were provided.
[21:34:39.630] src/pages/About.tsx(418,8): error TS2786: 'VStack' cannot be used as a JSX component.
[21:34:39.630]   Its type 'ComponentType<VStackProps>' is not a valid JSX element type.
[21:34:39.630]     Type 'ComponentType<VStackProps>' is not assignable to type '(props: any, deprecatedLegacyContext?: any) => ReactNode'.
[21:34:39.630]       Type 'Element | null' is not assignable to type 'ReactNode'.
[21:34:39.630]         Type 'Element' is not assignable to type 'ReactNode'.
[21:34:39.630]           Property 'children' is missing in type 'Element' but required in type 'ReactPortal'.
[21:34:39.639] src/pages/About.tsx(423,9): error TS2322: Type '{ base: number; md: number; }' is not assignable to type 'string | number | undefined'.
[21:34:39.639] src/pages/About.tsx(428,10): error TS2786: 'Icon' cannot be used as a JSX component.
[21:34:39.639]   Its type 'ComponentType<IconProps>' is not a valid JSX element type.
[21:34:39.639]     Type 'ComponentType<IconProps>' is not assignable to type '(props: any, deprecatedLegacyContext?: any) => ReactNode'.
[21:34:39.639]       Type 'Element | null' is not assignable to type 'ReactNode'.
[21:34:39.639]         Type 'Element' is not assignable to type 'ReactNode'.
[21:34:39.639]           Property 'children' is missing in type 'Element' but required in type 'ReactPortal'.
[21:34:39.639] src/pages/About.tsx(428,25): error TS2322: Type '{ as: any; w: { base: number; md: number; }; h: { base: number; md: number; }; color: string; }' is not assignable to type 'IntrinsicAttributes & IconProps'.
[21:34:39.640]   Property 'w' does not exist on type 'IntrinsicAttributes & IconProps'.
[21:34:39.640] src/pages/About.tsx(429,10): error TS2786: 'Heading' cannot be used as a JSX component.
[21:34:39.640]   Its type 'ComponentType<HeadingProps>' is not a valid JSX element type.
[21:34:39.640]     Type 'ComponentType<HeadingProps>' is not assignable to type '(props: any, deprecatedLegacyContext?: any) => ReactNode'.
[21:34:39.640]       Type 'Element | null' is not assignable to type 'ReactNode'.
[21:34:39.640]         Type 'Element' is not assignable to type 'ReactNode'.
[21:34:39.640]           Property 'children' is missing in type 'Element' but required in type 'ReactPortal'.
[21:34:39.640] src/pages/About.tsx(429,18): error TS2322: Type '{ base: string; md: string; }' is not assignable to type 'string'.
[21:34:39.640] src/pages/About.tsx(429,86): error TS2559: Type 'string' has no properties in common with type 'ReactNode'.
[21:34:39.640] src/pages/About.tsx(430,10): error TS2786: 'Text' cannot be used as a JSX component.
[21:34:39.640]   Its type 'ComponentType<TextProps>' is not a valid JSX element type.
[21:34:39.640]     Type 'ComponentType<TextProps>' is not assignable to type '(props: any, deprecatedLegacyContext?: any) => ReactNode'.
[21:34:39.640]       Type 'Element | null' is not assignable to type 'ReactNode'.
[21:34:39.640]         Type 'Element' is not assignable to type 'ReactNode'.
[21:34:39.640]           Property 'children' is missing in type 'Element' but required in type 'ReactPortal'.
[21:34:39.640] src/pages/About.tsx(430,39): error TS2322: Type '{ base: string; md: string; }' is not assignable to type 'string'.
[21:34:39.640] src/pages/About.tsx(430,76): error TS2559: Type 'string' has no properties in common with type 'ReactNode'.
[21:34:39.640] src/pages/About.tsx(432,12): error TS2786: 'VStack' cannot be used as a JSX component.
[21:34:39.640]   Its type 'ComponentType<VStackProps>' is not a valid JSX element type.
[21:34:39.640]     Type 'ComponentType<VStackProps>' is not assignable to type '(props: any, deprecatedLegacyContext?: any) => ReactNode'.
[21:34:39.640]       Type 'Element | null' is not assignable to type 'ReactNode'.
[21:34:39.640]         Type 'Element' is not assignable to type 'ReactNode'.
[21:34:39.640]           Property 'children' is missing in type 'Element' but required in type 'ReactPortal'.
[21:34:39.640] src/pages/About.tsx(432,33): error TS2322: Type '{ base: number; md: number; }' is not assignable to type 'string | number | undefined'.
[21:34:39.640] src/pages/About.tsx(433,13): error TS2559: Type 'Element[]' has no properties in common with type 'ReactNode'.
[21:34:39.640] src/pages/About.tsx(435,18): error TS2786: 'Icon' cannot be used as a JSX component.
[21:34:39.640]   Its type 'ComponentType<IconProps>' is not a valid JSX element type.
[21:34:39.640]     Type 'ComponentType<IconProps>' is not assignable to type '(props: any, deprecatedLegacyContext?: any) => ReactNode'.
[21:34:39.640]       Type 'Element | null' is not assignable to type 'ReactNode'.
[21:34:39.640]         Type 'Element' is not assignable to type 'ReactNode'.
[21:34:39.640]           Property 'children' is missing in type 'Element' but required in type 'ReactPortal'.
[21:34:39.640] src/pages/About.tsx(435,42): error TS2322: Type '{ as: any; color: string; w: { base: number; md: number; }; h: { base: number; md: number; }; }' is not assignable to type 'IntrinsicAttributes & IconProps'.
[21:34:39.640]   Property 'color' does not exist on type 'IntrinsicAttributes & IconProps'.
[21:34:39.640] src/pages/About.tsx(436,18): error TS2786: 'Text' cannot be used as a JSX component.
[21:34:39.640]   Its type 'ComponentType<TextProps>' is not a valid JSX element type.
[21:34:39.640]     Type 'ComponentType<TextProps>' is not assignable to type '(props: any, deprecatedLegacyContext?: any) => ReactNode'.
[21:34:39.640]       Type 'Element | null' is not assignable to type 'ReactNode'.
[21:34:39.640]         Type 'Element' is not assignable to type 'ReactNode'.
[21:34:39.640]           Property 'children' is missing in type 'Element' but required in type 'ReactPortal'.
[21:34:39.640] src/pages/About.tsx(436,47): error TS2322: Type '{ base: string; md: string; }' is not assignable to type 'string'.
[21:34:39.640] src/pages/About.tsx(436,84): error TS2559: Type 'string' has no properties in common with type 'ReactNode'.
[21:34:39.640] src/pages/About.tsx(448,6): error TS2786: 'MotionBox' cannot be used as a JSX component.
[21:34:39.641]   Its type 'ComponentType<MotionComponentProps<React$1.PropsWithChildren<Props>>>' is not a valid JSX element type.
[21:34:39.644]     Type 'ComponentType<MotionComponentProps<React$1.PropsWithChildren<Props>>>' is not assignable to type '(props: any, deprecatedLegacyContext?: any) => ReactNode'.
[21:34:39.644]       Type 'Element | null' is not assignable to type 'ReactNode'.
[21:34:39.644]         Type 'Element' is not assignable to type 'ReactNode'.
[21:34:39.644]           Property 'children' is missing in type 'Element' but required in type 'ReactPortal'.
[21:34:39.644] src/pages/About.tsx(452,8): error TS2746: This JSX tag's 'children' prop expects a single child of type 'ReactNode | undefined', but multiple children were provided.
[21:34:39.644] src/pages/About.tsx(452,8): error TS2786: 'Box' cannot be used as a JSX component.
[21:34:39.644]   Its type 'ComponentType<BoxProps>' is not a valid JSX element type.
[21:34:39.644]     Type 'ComponentType<BoxProps>' is not assignable to type '(props: any, deprecatedLegacyContext?: any) => ReactNode'.
[21:34:39.644]       Type 'Element | null' is not assignable to type 'ReactNode'.
[21:34:39.644]         Type 'Element' is not assignable to type 'ReactNode'.
[21:34:39.644]           Property 'children' is missing in type 'Element' but required in type 'ReactPortal'.
[21:34:39.644] src/pages/About.tsx(460,10): error TS2786: 'Icon' cannot be used as a JSX component.
[21:34:39.644]   Its type 'ComponentType<IconProps>' is not a valid JSX element type.
[21:34:39.644]     Type 'ComponentType<IconProps>' is not assignable to type '(props: any, deprecatedLegacyContext?: any) => ReactNode'.
[21:34:39.644]       Type 'Element | null' is not assignable to type 'ReactNode'.
[21:34:39.644]         Type 'Element' is not assignable to type 'ReactNode'.
[21:34:39.644]           Property 'children' is missing in type 'Element' but required in type 'ReactPortal'.
[21:34:39.644] src/pages/About.tsx(460,25): error TS2322: Type '{ as: any; w: { base: number; md: number; }; h: { base: number; md: number; }; color: string; mb: { base: number; md: number; }; }' is not assignable to type 'IntrinsicAttributes & IconProps'.
[21:34:39.644]   Property 'w' does not exist on type 'IntrinsicAttributes & IconProps'.
[21:34:39.644] src/pages/About.tsx(461,10): error TS2786: 'Text' cannot be used as a JSX component.
[21:34:39.644]   Its type 'ComponentType<TextProps>' is not a valid JSX element type.
[21:34:39.644]     Type 'ComponentType<TextProps>' is not assignable to type '(props: any, deprecatedLegacyContext?: any) => ReactNode'.
[21:34:39.644]       Type 'Element | null' is not assignable to type 'ReactNode'.
[21:34:39.644]         Type 'Element' is not assignable to type 'ReactNode'.
[21:34:39.644]           Property 'children' is missing in type 'Element' but required in type 'ReactPortal'.
[21:34:39.644] src/pages/About.tsx(461,39): error TS2322: Type '{ base: string; md: string; }' is not assignable to type 'string'.
[21:34:39.644] src/pages/About.tsx(461,76): error TS2322: Type '{ base: number; md: number; }' is not assignable to type 'string | number | undefined'.
[21:34:39.644] src/pages/About.tsx(461,100): error TS2559: Type 'string' has no properties in common with type 'ReactNode'.
[21:34:39.644] src/pages/About.tsx(462,10): error TS2786: 'Text' cannot be used as a JSX component.
[21:34:39.644]   Its type 'ComponentType<TextProps>' is not a valid JSX element type.
[21:34:39.644]     Type 'ComponentType<TextProps>' is not assignable to type '(props: any, deprecatedLegacyContext?: any) => ReactNode'.
[21:34:39.645]       Type 'Element | null' is not assignable to type 'ReactNode'.
[21:34:39.645]         Type 'Element' is not assignable to type 'ReactNode'.
[21:34:39.645]           Property 'children' is missing in type 'Element' but required in type 'ReactPortal'.
[21:34:39.645] src/pages/About.tsx(462,29): error TS2322: Type '{ base: string; md: string; }' is not assignable to type 'string'.
[21:34:39.645] src/pages/About.tsx(462,83): error TS2322: Type '{ base: number; md: number; }' is not assignable to type 'string | number | undefined'.
[21:34:39.645] src/pages/About.tsx(462,107): error TS2559: Type 'string' has no properties in common with type 'ReactNode'.
[21:34:39.645] src/pages/About.tsx(464,12): error TS2786: 'Icon' cannot be used as a JSX component.
[21:34:39.645]   Its type 'ComponentType<IconProps>' is not a valid JSX element type.
[21:34:39.645]     Type 'ComponentType<IconProps>' is not assignable to type '(props: any, deprecatedLegacyContext?: any) => ReactNode'.
[21:34:39.645]       Type 'Element | null' is not assignable to type 'ReactNode'.
[21:34:39.645]         Type 'Element' is not assignable to type 'ReactNode'.
[21:34:39.645]           Property 'children' is missing in type 'Element' but required in type 'ReactPortal'.
[21:34:39.645] src/pages/About.tsx(466,13): error TS2322: Type '{ as: any; color: string; w: { base: number; md: number; }; h: { base: number; md: number; }; }' is not assignable to type 'IntrinsicAttributes & IconProps'.
[21:34:39.645]   Property 'color' does not exist on type 'IntrinsicAttributes & IconProps'.
[21:34:39.654] src/pages/About.tsx(470,12): error TS2786: 'Text' cannot be used as a JSX component.
[21:34:39.655]   Its type 'ComponentType<TextProps>' is not a valid JSX element type.
[21:34:39.655]     Type 'ComponentType<TextProps>' is not assignable to type '(props: any, deprecatedLegacyContext?: any) => ReactNode'.
[21:34:39.655]       Type 'Element | null' is not assignable to type 'ReactNode'.
[21:34:39.655]         Type 'Element' is not assignable to type 'ReactNode'.
[21:34:39.655]           Property 'children' is missing in type 'Element' but required in type 'ReactPortal'.
[21:34:39.655] src/pages/About.tsx(470,66): error TS2322: Type '{ base: string; md: string; }' is not assignable to type 'string'.
[21:34:39.655] src/pages/About.tsx(470,103): error TS2559: Type 'string' has no properties in common with type 'ReactNode'.
[21:34:39.655] src/pages/Admin.tsx(5,3): error TS2305: Module '"@chakra-ui/react"' has no exported member 'SimpleGrid'.
[21:34:39.655] src/pages/Admin.tsx(7,3): error TS2724: '"@chakra-ui/react"' has no exported member named 'HStack'. Did you mean 'VStack'?
[21:34:39.655] src/pages/Admin.tsx(8,3): error TS2305: Module '"@chakra-ui/react"' has no exported member 'Stat'.
[21:34:39.655] src/pages/Admin.tsx(8,3): error TS6133: 'Stat' is declared but its value is never read.
[21:34:39.655] src/pages/Admin.tsx(9,3): error TS2305: Module '"@chakra-ui/react"' has no exported member 'StatLabel'.
[21:34:39.655] src/pages/Admin.tsx(10,3): error TS2305: Module '"@chakra-ui/react"' has no exported member 'StatNumber'.
[21:34:39.655] src/pages/Admin.tsx(11,3): error TS2305: Module '"@chakra-ui/react"' has no exported member 'StatHelpText'.
[21:34:39.655] src/pages/Admin.tsx(12,3): error TS2305: Module '"@chakra-ui/react"' has no exported member 'StatArrow'.
[21:34:39.655] src/pages/Admin.tsx(13,3): error TS2305: Module '"@chakra-ui/react"' has no exported member 'useColorModeValue'.
[21:34:39.655] src/pages/Admin.tsx(17,10): error TS2305: Module '"react-icons/fa"' has no exported member 'FaUsers'.
[21:34:39.655] src/pages/Admin.tsx(17,19): error TS2305: Module '"react-icons/fa"' has no exported member 'FaChartLine'.
[21:34:39.655] src/pages/Admin.tsx(17,43): error TS2305: Module '"react-icons/fa"' has no exported member 'FaCog'.
[21:34:39.655] src/pages/Admin.tsx(80,6): error TS2746: This JSX tag's 'children' prop expects a single child of type 'ReactNode', but multiple children were provided.
[21:34:39.655] src/pages/Admin.tsx(82,8): error TS2786: 'Box' cannot be used as a JSX component.
[21:34:39.655]   Its type 'ComponentType<BoxProps>' is not a valid JSX element type.
[21:34:39.655]     Type 'ComponentType<BoxProps>' is not assignable to type '(props: any, deprecatedLegacyContext?: any) => ReactNode'.
[21:34:39.655]       Type 'Element | null' is not assignable to type 'ReactNode'.
[21:34:39.655]         Type 'Element' is not assignable to type 'ReactNode'.
[21:34:39.655]           Property 'children' is missing in type 'Element' but required in type 'ReactPortal'.
[21:34:39.655] src/pages/Admin.tsx(83,9): error TS2559: Type 'ReactElement<any, any>' has no properties in common with type 'ReactNode'.
[21:34:39.655] src/pages/Admin.tsx(83,10): error TS2746: This JSX tag's 'children' prop expects a single child of type 'ReactNode | undefined', but multiple children were provided.
[21:34:39.656] src/pages/Admin.tsx(83,10): error TS2786: 'VStack' cannot be used as a JSX component.
[21:34:39.656]   Its type 'ComponentType<VStackProps>' is not a valid JSX element type.
[21:34:39.656]     Type 'ComponentType<VStackProps>' is not assignable to type '(props: any, deprecatedLegacyContext?: any) => ReactNode'.
[21:34:39.656]       Type 'Element | null' is not assignable to type 'ReactNode'.
[21:34:39.656]         Type 'Element' is not assignable to type 'ReactNode'.
[21:34:39.656]           Property 'children' is missing in type 'Element' but required in type 'ReactPortal'.
[21:34:39.656] src/pages/Admin.tsx(84,12): error TS2786: 'Heading' cannot be used as a JSX component.
[21:34:39.656]   Its type 'ComponentType<HeadingProps>' is not a valid JSX element type.
[21:34:39.656]     Type 'ComponentType<HeadingProps>' is not assignable to type '(props: any, deprecatedLegacyContext?: any) => ReactNode'.
[21:34:39.656]       Type 'Element | null' is not assignable to type 'ReactNode'.
[21:34:39.656]         Type 'Element' is not assignable to type 'ReactNode'.
[21:34:39.656]           Property 'children' is missing in type 'Element' but required in type 'ReactPortal'.
[21:34:39.656] src/pages/Admin.tsx(84,55): error TS2559: Type 'string' has no properties in common with type 'ReactNode'.
[21:34:39.656] src/pages/Admin.tsx(85,12): error TS2786: 'Text' cannot be used as a JSX component.
[21:34:39.656]   Its type 'ComponentType<TextProps>' is not a valid JSX element type.
[21:34:39.656]     Type 'ComponentType<TextProps>' is not assignable to type '(props: any, deprecatedLegacyContext?: any) => ReactNode'.
[21:34:39.656]       Type 'Element | null' is not assignable to type 'ReactNode'.
[21:34:39.656]         Type 'Element' is not assignable to type 'ReactNode'.
[21:34:39.656]           Property 'children' is missing in type 'Element' but required in type 'ReactPortal'.
[21:34:39.656] src/pages/Admin.tsx(85,41): error TS2559: Type 'string' has no properties in common with type 'ReactNode'.
[21:34:39.656] src/pages/Admin.tsx(89,16): error TS2746: This JSX tag's 'children' prop expects a single child of type 'ReactNode | undefined', but multiple children were provided.
[21:34:39.656] src/pages/Admin.tsx(89,16): error TS2786: 'Box' cannot be used as a JSX component.
[21:34:39.656]   Its type 'ComponentType<BoxProps>' is not a valid JSX element type.
[21:34:39.656]     Type 'ComponentType<BoxProps>' is not assignable to type '(props: any, deprecatedLegacyContext?: any) => ReactNode'.
[21:34:39.656]       Type 'Element | null' is not assignable to type 'ReactNode'.
[21:34:39.656]         Type 'Element' is not assignable to type 'ReactNode'.
[21:34:39.656]           Property 'children' is missing in type 'Element' but required in type 'ReactPortal'.
[21:34:39.656] src/pages/Admin.tsx(99,20): error TS2786: 'Icon' cannot be used as a JSX component.
[21:34:39.656]   Its type 'ComponentType<IconProps>' is not a valid JSX element type.
[21:34:39.656]     Type 'ComponentType<IconProps>' is not assignable to type '(props: any, deprecatedLegacyContext?: any) => ReactNode'.
[21:34:39.656]       Type 'Element | null' is not assignable to type 'ReactNode'.
[21:34:39.656]         Type 'Element' is not assignable to type 'ReactNode'.
[21:34:39.656]           Property 'children' is missing in type 'Element' but required in type 'ReactPortal'.
[21:34:39.656] src/pages/Admin.tsx(99,40): error TS2322: Type '{ as: any; color: string; boxSize: number; }' is not assignable to type 'IntrinsicAttributes & IconProps'.
[21:34:39.656]   Property 'color' does not exist on type 'IntrinsicAttributes & IconProps'.
[21:34:39.658] src/pages/Admin.tsx(112,12): error TS2786: 'Heading' cannot be used as a JSX component.
[21:34:39.658]   Its type 'ComponentType<HeadingProps>' is not a valid JSX element type.
[21:34:39.658]     Type 'ComponentType<HeadingProps>' is not assignable to type '(props: any, deprecatedLegacyContext?: any) => ReactNode'.
[21:34:39.658]       Type 'Element | null' is not assignable to type 'ReactNode'.
[21:34:39.658]         Type 'Element' is not assignable to type 'ReactNode'.
[21:34:39.658]           Property 'children' is missing in type 'Element' but required in type 'ReactPortal'.
[21:34:39.658] src/pages/Admin.tsx(112,51): error TS2559: Type 'string' has no properties in common with type 'ReactNode'.
[21:34:39.658] src/pages/Admin.tsx(115,16): error TS2786: 'Box' cannot be used as a JSX component.
[21:34:39.658]   Its type 'ComponentType<BoxProps>' is not a valid JSX element type.
[21:34:39.658]     Type 'ComponentType<BoxProps>' is not assignable to type '(props: any, deprecatedLegacyContext?: any) => ReactNode'.
[21:34:39.658]       Type 'Element | null' is not assignable to type 'ReactNode'.
[21:34:39.658]         Type 'Element' is not assignable to type 'ReactNode'.
[21:34:39.658]           Property 'children' is missing in type 'Element' but required in type 'ReactPortal'.
[21:34:39.658] src/pages/Admin.tsx(123,17): error TS2559: Type 'ReactElement<any, any>' has no properties in common with type 'ReactNode'.
[21:34:39.658] src/pages/Admin.tsx(123,18): error TS2746: This JSX tag's 'children' prop expects a single child of type 'ReactNode | undefined', but multiple children were provided.
[21:34:39.659] src/pages/Admin.tsx(123,18): error TS2786: 'VStack' cannot be used as a JSX component.
[21:34:39.659]   Its type 'ComponentType<VStackProps>' is not a valid JSX element type.
[21:34:39.659]     Type 'ComponentType<VStackProps>' is not assignable to type '(props: any, deprecatedLegacyContext?: any) => ReactNode'.
[21:34:39.659]       Type 'Element | null' is not assignable to type 'ReactNode'.
[21:34:39.659]         Type 'Element' is not assignable to type 'ReactNode'.
[21:34:39.659]           Property 'children' is missing in type 'Element' but required in type 'ReactPortal'.
[21:34:39.659] src/pages/Admin.tsx(124,20): error TS2786: 'Heading' cannot be used as a JSX component.
[21:34:39.659]   Its type 'ComponentType<HeadingProps>' is not a valid JSX element type.
[21:34:39.659]     Type 'ComponentType<HeadingProps>' is not assignable to type '(props: any, deprecatedLegacyContext?: any) => ReactNode'.
[21:34:39.659]       Type 'Element | null' is not assignable to type 'ReactNode'.
[21:34:39.659]         Type 'Element' is not assignable to type 'ReactNode'.
[21:34:39.659]           Property 'children' is missing in type 'Element' but required in type 'ReactPortal'.
[21:34:39.659] src/pages/Admin.tsx(125,21): error TS2559: Type 'string' has no properties in common with type 'ReactNode'.
[21:34:39.659] src/pages/Admin.tsx(127,20): error TS2786: 'Text' cannot be used as a JSX component.
[21:34:39.659]   Its type 'ComponentType<TextProps>' is not a valid JSX element type.
[21:34:39.659]     Type 'ComponentType<TextProps>' is not assignable to type '(props: any, deprecatedLegacyContext?: any) => ReactNode'.
[21:34:39.659]       Type 'Element | null' is not assignable to type 'ReactNode'.
[21:34:39.659]         Type 'Element' is not assignable to type 'ReactNode'.
[21:34:39.659]           Property 'children' is missing in type 'Element' but required in type 'ReactPortal'.
[21:34:39.659] src/pages/Admin.tsx(128,21): error TS2559: Type 'string' has no properties in common with type 'ReactNode'.
[21:34:39.659] src/pages/Admin.tsx(130,20): error TS2786: 'Button' cannot be used as a JSX component.
[21:34:39.659]   Its type 'ComponentType<ButtonProps>' is not a valid JSX element type.
[21:34:39.659]     Type 'ComponentType<ButtonProps>' is not assignable to type '(props: any, deprecatedLegacyContext?: any) => ReactNode'.
[21:34:39.659]       Type 'Element | null' is not assignable to type 'ReactNode'.
[21:34:39.659]         Type 'Element' is not assignable to type 'ReactNode'.
[21:34:39.659]           Property 'children' is missing in type 'Element' but required in type 'ReactPortal'.
[21:34:39.659] src/pages/Admin.tsx(135,21): error TS2559: Type 'string' has no properties in common with type 'ReactNode'.
[21:34:39.659] src/pages/Breakdown.tsx(6,3): error TS2305: Module '"@chakra-ui/react"' has no exported member 'SimpleGrid'.
[21:34:39.659] src/pages/Breakdown.tsx(7,3): error TS2724: '"@chakra-ui/react"' has no exported member named 'HStack'. Did you mean 'VStack'?
[21:34:39.659] src/pages/Breakdown.tsx(8,3): error TS2305: Module '"@chakra-ui/react"' has no exported member 'Progress'.
[21:34:39.659] src/pages/Breakdown.tsx(9,3): error TS2305: Module '"@chakra-ui/react"' has no exported member 'useColorModeValue'.
[21:34:39.659] src/pages/Breakdown.tsx(17,7): error TS6133: 'MotionBox' is declared but its value is never read.
[21:34:39.659] src/pages/Breakdown.tsx(25,7): error TS2559: Type 'ReactElement<any, any>' has no properties in common with type 'ReactNode'.
[21:34:39.659] src/pages/Breakdown.tsx(25,8): error TS2746: This JSX tag's 'children' prop expects a single child of type 'ReactNode | undefined', but multiple children were provided.
[21:34:39.659] src/pages/Breakdown.tsx(25,8): error TS2786: 'VStack' cannot be used as a JSX component.
[21:34:39.659]   Its type 'ComponentType<VStackProps>' is not a valid JSX element type.
[21:34:39.659]     Type 'ComponentType<VStackProps>' is not assignable to type '(props: any, deprecatedLegacyContext?: any) => ReactNode'.
[21:34:39.659]       Type 'Element | null' is not assignable to type 'ReactNode'.
[21:34:39.659]         Type 'Element' is not assignable to type 'ReactNode'.
[21:34:39.659]           Property 'children' is missing in type 'Element' but required in type 'ReactPortal'.
[21:34:39.659] src/pages/Breakdown.tsx(26,10): error TS2746: This JSX tag's 'children' prop expects a single child of type 'ReactNode | undefined', but multiple children were provided.
[21:34:39.660] src/pages/Breakdown.tsx(26,10): error TS2786: 'Box' cannot be used as a JSX component.
[21:34:39.660]   Its type 'ComponentType<BoxProps>' is not a valid JSX element type.
[21:34:39.660]     Type 'ComponentType<BoxProps>' is not assignable to type '(props: any, deprecatedLegacyContext?: any) => ReactNode'.
[21:34:39.660]       Type 'Element | null' is not assignable to type 'ReactNode'.
[21:34:39.660]         Type 'Element' is not assignable to type 'ReactNode'.
[21:34:39.660]           Property 'children' is missing in type 'Element' but required in type 'ReactPortal'.
[21:34:39.660] src/pages/Breakdown.tsx(27,12): error TS2786: 'Heading' cannot be used as a JSX component.
[21:34:39.660]   Its type 'ComponentType<HeadingProps>' is not a valid JSX element type.
[21:34:39.660]     Type 'ComponentType<HeadingProps>' is not assignable to type '(props: any, deprecatedLegacyContext?: any) => ReactNode'.
[21:34:39.660]       Type 'Element | null' is not assignable to type 'ReactNode'.
[21:34:39.660]         Type 'Element' is not assignable to type 'ReactNode'.
[21:34:39.660]           Property 'children' is missing in type 'Element' but required in type 'ReactPortal'.
[21:34:39.660] src/pages/Breakdown.tsx(27,55): error TS2559: Type 'string' has no properties in common with type 'ReactNode'.
[21:34:39.660] src/pages/Breakdown.tsx(28,12): error TS2786: 'Text' cannot be used as a JSX component.
[21:34:39.660]   Its type 'ComponentType<TextProps>' is not a valid JSX element type.
[21:34:39.660]     Type 'ComponentType<TextProps>' is not assignable to type '(props: any, deprecatedLegacyContext?: any) => ReactNode'.
[21:34:39.660]       Type 'Element | null' is not assignable to type 'ReactNode'.
[21:34:39.660]         Type 'Element' is not assignable to type 'ReactNode'.
[21:34:39.660]           Property 'children' is missing in type 'Element' but required in type 'ReactPortal'.
[21:34:39.660] src/pages/Breakdown.tsx(28,41): error TS2559: Type 'string' has no properties in common with type 'ReactNode'.
[21:34:39.660] src/pages/Breakdown.tsx(32,12): error TS2746: This JSX tag's 'children' prop expects a single child of type 'ReactNode | undefined', but multiple children were provided.
[21:34:39.660] src/pages/Breakdown.tsx(32,12): error TS2786: 'Box' cannot be used as a JSX component.
[21:34:39.660]   Its type 'ComponentType<BoxProps>' is not a valid JSX element type.
[21:34:39.660]     Type 'ComponentType<BoxProps>' is not assignable to type '(props: any, deprecatedLegacyContext?: any) => ReactNode'.
[21:34:39.660]       Type 'Element | null' is not assignable to type 'ReactNode'.
[21:34:39.666]         Type 'Element' is not assignable to type 'ReactNode'.
[21:34:39.666]           Property 'children' is missing in type 'Element' but required in type 'ReactPortal'.
[21:34:39.666] src/pages/Breakdown.tsx(39,14): error TS2786: 'Heading' cannot be used as a JSX component.
[21:34:39.666]   Its type 'ComponentType<HeadingProps>' is not a valid JSX element type.
[21:34:39.666]     Type 'ComponentType<HeadingProps>' is not assignable to type '(props: any, deprecatedLegacyContext?: any) => ReactNode'.
[21:34:39.666]       Type 'Element | null' is not assignable to type 'ReactNode'.
[21:34:39.666]         Type 'Element' is not assignable to type 'ReactNode'.
[21:34:39.666]           Property 'children' is missing in type 'Element' but required in type 'ReactPortal'.
[21:34:39.666] src/pages/Breakdown.tsx(39,74): error TS2559: Type 'string' has no properties in common with type 'ReactNode'.
[21:34:39.666] src/pages/Breakdown.tsx(40,14): error TS2786: 'Box' cannot be used as a JSX component.
[21:34:39.666]   Its type 'ComponentType<BoxProps>' is not a valid JSX element type.
[21:34:39.666]     Type 'ComponentType<BoxProps>' is not assignable to type '(props: any, deprecatedLegacyContext?: any) => ReactNode'.
[21:34:39.666]       Type 'Element | null' is not assignable to type 'ReactNode'.
[21:34:39.666]         Type 'Element' is not assignable to type 'ReactNode'.
[21:34:39.666]           Property 'children' is missing in type 'Element' but required in type 'ReactPortal'.
[21:34:39.666] src/pages/Breakdown.tsx(41,15): error TS2559: Type 'ReactElement<any, any>' has no properties in common with type 'ReactNode'.
[21:34:39.666] src/pages/Breakdown.tsx(45,12): error TS2746: This JSX tag's 'children' prop expects a single child of type 'ReactNode | undefined', but multiple children were provided.
[21:34:39.666] src/pages/Breakdown.tsx(45,12): error TS2786: 'Box' cannot be used as a JSX component.
[21:34:39.666]   Its type 'ComponentType<BoxProps>' is not a valid JSX element type.
[21:34:39.666]     Type 'ComponentType<BoxProps>' is not assignable to type '(props: any, deprecatedLegacyContext?: any) => ReactNode'.
[21:34:39.666]       Type 'Element | null' is not assignable to type 'ReactNode'.
[21:34:39.666]         Type 'Element' is not assignable to type 'ReactNode'.
[21:34:39.666]           Property 'children' is missing in type 'Element' but required in type 'ReactPortal'.
[21:34:39.666] src/pages/Breakdown.tsx(52,14): error TS2786: 'Heading' cannot be used as a JSX component.
[21:34:39.666]   Its type 'ComponentType<HeadingProps>' is not a valid JSX element type.
[21:34:39.666]     Type 'ComponentType<HeadingProps>' is not assignable to type '(props: any, deprecatedLegacyContext?: any) => ReactNode'.
[21:34:39.666]       Type 'Element | null' is not assignable to type 'ReactNode'.
[21:34:39.667]         Type 'Element' is not assignable to type 'ReactNode'.
[21:34:39.667]           Property 'children' is missing in type 'Element' but required in type 'ReactPortal'.
[21:34:39.667] src/pages/Breakdown.tsx(52,74): error TS2559: Type 'string' has no properties in common with type 'ReactNode'.
[21:34:39.667] src/pages/Breakdown.tsx(53,14): error TS2786: 'VStack' cannot be used as a JSX component.
[21:34:39.667]   Its type 'ComponentType<VStackProps>' is not a valid JSX element type.
[21:34:39.667]     Type 'ComponentType<VStackProps>' is not assignable to type '(props: any, deprecatedLegacyContext?: any) => ReactNode'.
[21:34:39.667]       Type 'Element | null' is not assignable to type 'ReactNode'.
[21:34:39.667]         Type 'Element' is not assignable to type 'ReactNode'.
[21:34:39.667]           Property 'children' is missing in type 'Element' but required in type 'ReactPortal'.
[21:34:39.667] src/pages/Breakdown.tsx(54,15): error TS2559: Type 'Element[]' has no properties in common with type 'ReactNode'.
[21:34:39.667] src/pages/Breakdown.tsx(55,18): error TS2746: This JSX tag's 'children' prop expects a single child of type 'ReactNode | undefined', but multiple children were provided.
[21:34:39.667] src/pages/Breakdown.tsx(55,18): error TS2786: 'Box' cannot be used as a JSX component.
[21:34:39.667]   Its type 'ComponentType<BoxProps>' is not a valid JSX element type.
[21:34:39.667]     Type 'ComponentType<BoxProps>' is not assignable to type '(props: any, deprecatedLegacyContext?: any) => ReactNode'.
[21:34:39.667]       Type 'Element | null' is not assignable to type 'ReactNode'.
[21:34:39.667]         Type 'Element' is not assignable to type 'ReactNode'.
[21:34:39.667]           Property 'children' is missing in type 'Element' but required in type 'ReactPortal'.
[21:34:39.667] src/pages/Breakdown.tsx(58,24): error TS2786: 'Icon' cannot be used as a JSX component.
[21:34:39.667]   Its type 'ComponentType<IconProps>' is not a valid JSX element type.
[21:34:39.667]     Type 'ComponentType<IconProps>' is not assignable to type '(props: any, deprecatedLegacyContext?: any) => ReactNode'.
[21:34:39.667]       Type 'Element | null' is not assignable to type 'ReactNode'.
[21:34:39.667]         Type 'Element' is not assignable to type 'ReactNode'.
[21:34:39.667]           Property 'children' is missing in type 'Element' but required in type 'ReactPortal'.
[21:34:39.667] src/pages/Breakdown.tsx(58,48): error TS2322: Type '{ as: any; color: string; }' is not assignable to type 'IntrinsicAttributes & IconProps'.
[21:34:39.667]   Property 'color' does not exist on type 'IntrinsicAttributes & IconProps'.
[21:34:39.667] src/pages/Breakdown.tsx(59,24): error TS2786: 'Text' cannot be used as a JSX component.
[21:34:39.667]   Its type 'ComponentType<TextProps>' is not a valid JSX element type.
[21:34:39.667]     Type 'ComponentType<TextProps>' is not assignable to type '(props: any, deprecatedLegacyContext?: any) => ReactNode'.
[21:34:39.667]       Type 'Element | null' is not assignable to type 'ReactNode'.
[21:34:39.667]         Type 'Element' is not assignable to type 'ReactNode'.
[21:34:39.667]           Property 'children' is missing in type 'Element' but required in type 'ReactPortal'.
[21:34:39.667] src/pages/Breakdown.tsx(59,53): error TS2559: Type 'string' has no properties in common with type 'ReactNode'.
[21:34:39.674] src/pages/Breakdown.tsx(61,22): error TS2746: This JSX tag's 'children' prop expects a single child of type 'ReactNode | undefined', but multiple children were provided.
[21:34:39.675] src/pages/Breakdown.tsx(61,22): error TS2786: 'Text' cannot be used as a JSX component.
[21:34:39.675]   Its type 'ComponentType<TextProps>' is not a valid JSX element type.
[21:34:39.675]     Type 'ComponentType<TextProps>' is not assignable to type '(props: any, deprecatedLegacyContext?: any) => ReactNode'.
[21:34:39.675]       Type 'Element | null' is not assignable to type 'ReactNode'.
[21:34:39.675]         Type 'Element' is not assignable to type 'ReactNode'.
[21:34:39.675]           Property 'children' is missing in type 'Element' but required in type 'ReactPortal'.
[21:34:39.675] src/pages/Breakdown.tsx(72,14): error TS2746: This JSX tag's 'children' prop expects a single child of type 'ReactNode | undefined', but multiple children were provided.
[21:34:39.675] src/pages/Breakdown.tsx(72,14): error TS2786: 'Box' cannot be used as a JSX component.
[21:34:39.675]   Its type 'ComponentType<BoxProps>' is not a valid JSX element type.
[21:34:39.675]     Type 'ComponentType<BoxProps>' is not assignable to type '(props: any, deprecatedLegacyContext?: any) => ReactNode'.
[21:34:39.675]       Type 'Element | null' is not assignable to type 'ReactNode'.
[21:34:39.675]         Type 'Element' is not assignable to type 'ReactNode'.
[21:34:39.675]           Property 'children' is missing in type 'Element' but required in type 'ReactPortal'.
[21:34:39.675] src/pages/Breakdown.tsx(80,16): error TS2746: This JSX tag's 'children' prop expects a single child of type 'ReactNode | undefined', but multiple children were provided.
[21:34:39.675] src/pages/Breakdown.tsx(80,16): error TS2786: 'Heading' cannot be used as a JSX component.
[21:34:39.675]   Its type 'ComponentType<HeadingProps>' is not a valid JSX element type.
[21:34:39.675]     Type 'ComponentType<HeadingProps>' is not assignable to type '(props: any, deprecatedLegacyContext?: any) => ReactNode'.
[21:34:39.675]       Type 'Element | null' is not assignable to type 'ReactNode'.
[21:34:39.675]         Type 'Element' is not assignable to type 'ReactNode'.
[21:34:39.675]           Property 'children' is missing in type 'Element' but required in type 'ReactPortal'.
[21:34:39.675] src/pages/Breakdown.tsx(83,16): error TS2786: 'VStack' cannot be used as a JSX component.
[21:34:39.675]   Its type 'ComponentType<VStackProps>' is not a valid JSX element type.
[21:34:39.675]     Type 'ComponentType<VStackProps>' is not assignable to type '(props: any, deprecatedLegacyContext?: any) => ReactNode'.
[21:34:39.675]       Type 'Element | null' is not assignable to type 'ReactNode'.
[21:34:39.675]         Type 'Element' is not assignable to type 'ReactNode'.
[21:34:39.675]           Property 'children' is missing in type 'Element' but required in type 'ReactPortal'.
[21:34:39.675] src/pages/Breakdown.tsx(84,17): error TS2559: Type 'Element[]' has no properties in common with type 'ReactNode'.
[21:34:39.675] src/pages/Breakdown.tsx(85,20): error TS2746: This JSX tag's 'children' prop expects a single child of type 'ReactNode | undefined', but multiple children were provided.
[21:34:39.675] src/pages/Breakdown.tsx(85,20): error TS2786: 'Box' cannot be used as a JSX component.
[21:34:39.675]   Its type 'ComponentType<BoxProps>' is not a valid JSX element type.
[21:34:39.675]     Type 'ComponentType<BoxProps>' is not assignable to type '(props: any, deprecatedLegacyContext?: any) => ReactNode'.
[21:34:39.675]       Type 'Element | null' is not assignable to type 'ReactNode'.
[21:34:39.675]         Type 'Element' is not assignable to type 'ReactNode'.
[21:34:39.675]           Property 'children' is missing in type 'Element' but required in type 'ReactPortal'.
[21:34:39.675] src/pages/Breakdown.tsx(87,24): error TS2786: 'Text' cannot be used as a JSX component.
[21:34:39.676]   Its type 'ComponentType<TextProps>' is not a valid JSX element type.
[21:34:39.676]     Type 'ComponentType<TextProps>' is not assignable to type '(props: any, deprecatedLegacyContext?: any) => ReactNode'.
[21:34:39.676]       Type 'Element | null' is not assignable to type 'ReactNode'.
[21:34:39.676]         Type 'Element' is not assignable to type 'ReactNode'.
[21:34:39.676]           Property 'children' is missing in type 'Element' but required in type 'ReactPortal'.
[21:34:39.676] src/pages/Breakdown.tsx(87,53): error TS2559: Type 'string' has no properties in common with type 'ReactNode'.
[21:34:39.676] src/pages/Breakdown.tsx(88,24): error TS2746: This JSX tag's 'children' prop expects a single child of type 'ReactNode | undefined', but multiple children were provided.
[21:34:39.676] src/pages/Breakdown.tsx(88,24): error TS2786: 'Text' cannot be used as a JSX component.
[21:34:39.676]   Its type 'ComponentType<TextProps>' is not a valid JSX element type.
[21:34:39.676]     Type 'ComponentType<TextProps>' is not assignable to type '(props: any, deprecatedLegacyContext?: any) => ReactNode'.
[21:34:39.676]       Type 'Element | null' is not assignable to type 'ReactNode'.
[21:34:39.676]         Type 'Element' is not assignable to type 'ReactNode'.
[21:34:39.676]           Property 'children' is missing in type 'Element' but required in type 'ReactPortal'.
[21:34:39.676] src/pages/Create.tsx(1,15): error TS2305: Module '"@chakra-ui/react"' has no exported member 'Container'.
[21:34:39.676] src/pages/Create.tsx(12,10): error TS2746: This JSX tag's 'children' prop expects a single child of type 'ReactNode | undefined', but multiple children were provided.
[21:34:39.676] src/pages/Create.tsx(12,10): error TS2786: 'VStack' cannot be used as a JSX component.
[21:34:39.676]   Its type 'ComponentType<VStackProps>' is not a valid JSX element type.
[21:34:39.676]     Type 'ComponentType<VStackProps>' is not assignable to type '(props: any, deprecatedLegacyContext?: any) => ReactNode'.
[21:34:39.676]       Type 'Element | null' is not assignable to type 'ReactNode'.
[21:34:39.676]         Type 'Element' is not assignable to type 'ReactNode'.
[21:34:39.676]           Property 'children' is missing in type 'Element' but required in type 'ReactPortal'.
[21:34:39.676] src/pages/Create.tsx(13,12): error TS2786: 'Heading' cannot be used as a JSX component.
[21:34:39.676]   Its type 'ComponentType<HeadingProps>' is not a valid JSX element type.
[21:34:39.676]     Type 'ComponentType<HeadingProps>' is not assignable to type '(props: any, deprecatedLegacyContext?: any) => ReactNode'.
[21:34:39.676]       Type 'Element | null' is not assignable to type 'ReactNode'.
[21:34:39.676]         Type 'Element' is not assignable to type 'ReactNode'.
[21:34:39.676]           Property 'children' is missing in type 'Element' but required in type 'ReactPortal'.
[21:34:39.676] src/pages/Create.tsx(13,30): error TS2559: Type 'string' has no properties in common with type 'ReactNode'.
[21:34:39.676] src/pages/Create.tsx(14,12): error TS2786: 'Text' cannot be used as a JSX component.
[21:34:39.676]   Its type 'ComponentType<TextProps>' is not a valid JSX element type.
[21:34:39.676]     Type 'ComponentType<TextProps>' is not assignable to type '(props: any, deprecatedLegacyContext?: any) => ReactNode'.
[21:34:39.676]       Type 'Element | null' is not assignable to type 'ReactNode'.
[21:34:39.676]         Type 'Element' is not assignable to type 'ReactNode'.
[21:34:39.676]           Property 'children' is missing in type 'Element' but required in type 'ReactPortal'.
[21:34:39.676] src/pages/Create.tsx(14,17): error TS2559: Type 'string' has no properties in common with type 'ReactNode'.
[21:34:39.676] src/pages/Create.tsx(22,8): error TS2746: This JSX tag's 'children' prop expects a single child of type 'ReactNode | undefined', but multiple children were provided.
[21:34:39.676] src/pages/Create.tsx(22,8): error TS2786: 'VStack' cannot be used as a JSX component.
[21:34:39.676]   Its type 'ComponentType<VStackProps>' is not a valid JSX element type.
[21:34:39.676]     Type 'ComponentType<VStackProps>' is not assignable to type '(props: any, deprecatedLegacyContext?: any) => ReactNode'.
[21:34:39.679]       Type 'Element | null' is not assignable to type 'ReactNode'.
[21:34:39.679]         Type 'Element' is not assignable to type 'ReactNode'.
[21:34:39.679]           Property 'children' is missing in type 'Element' but required in type 'ReactPortal'.
[21:34:39.679] src/pages/Create.tsx(23,10): error TS2746: This JSX tag's 'children' prop expects a single child of type 'ReactNode | undefined', but multiple children were provided.
[21:34:39.680] src/pages/Create.tsx(23,10): error TS2786: 'Box' cannot be used as a JSX component.
[21:34:39.680]   Its type 'ComponentType<BoxProps>' is not a valid JSX element type.
[21:34:39.680]     Type 'ComponentType<BoxProps>' is not assignable to type '(props: any, deprecatedLegacyContext?: any) => ReactNode'.
[21:34:39.680]       Type 'Element | null' is not assignable to type 'ReactNode'.
[21:34:39.680]         Type 'Element' is not assignable to type 'ReactNode'.
[21:34:39.680]           Property 'children' is missing in type 'Element' but required in type 'ReactPortal'.
[21:34:39.680] src/pages/Create.tsx(24,12): error TS2786: 'Heading' cannot be used as a JSX component.
[21:34:39.680]   Its type 'ComponentType<HeadingProps>' is not a valid JSX element type.
[21:34:39.680]     Type 'ComponentType<HeadingProps>' is not assignable to type '(props: any, deprecatedLegacyContext?: any) => ReactNode'.
[21:34:39.680]       Type 'Element | null' is not assignable to type 'ReactNode'.
[21:34:39.680]         Type 'Element' is not assignable to type 'ReactNode'.
[21:34:39.680]           Property 'children' is missing in type 'Element' but required in type 'ReactPortal'.
[21:34:39.680] src/pages/Create.tsx(24,37): error TS2559: Type 'string' has no properties in common with type 'ReactNode'.
[21:34:39.680] src/pages/Create.tsx(28,10): error TS2746: This JSX tag's 'children' prop expects a single child of type 'ReactNode | undefined', but multiple children were provided.
[21:34:39.680] src/pages/Create.tsx(28,10): error TS2786: 'Box' cannot be used as a JSX component.
[21:34:39.680]   Its type 'ComponentType<BoxProps>' is not a valid JSX element type.
[21:34:39.680]     Type 'ComponentType<BoxProps>' is not assignable to type '(props: any, deprecatedLegacyContext?: any) => ReactNode'.
[21:34:39.680]       Type 'Element | null' is not assignable to type 'ReactNode'.
[21:34:39.680]         Type 'Element' is not assignable to type 'ReactNode'.
[21:34:39.680]           Property 'children' is missing in type 'Element' but required in type 'ReactPortal'.
[21:34:39.680] src/pages/Create.tsx(29,12): error TS2786: 'Heading' cannot be used as a JSX component.
[21:34:39.680]   Its type 'ComponentType<HeadingProps>' is not a valid JSX element type.
[21:34:39.680]     Type 'ComponentType<HeadingProps>' is not assignable to type '(props: any, deprecatedLegacyContext?: any) => ReactNode'.
[21:34:39.680]       Type 'Element | null' is not assignable to type 'ReactNode'.
[21:34:39.680]         Type 'Element' is not assignable to type 'ReactNode'.
[21:34:39.680]           Property 'children' is missing in type 'Element' but required in type 'ReactPortal'.
[21:34:39.680] src/pages/Create.tsx(29,37): error TS2559: Type 'string' has no properties in common with type 'ReactNode'.
[21:34:39.680] src/pages/CreatorDashboard.tsx(1,38): error TS2305: Module '"@chakra-ui/react"' has no exported member 'Container'.
[21:34:39.680] src/pages/CreatorDashboard.tsx(1,49): error TS2305: Module '"@chakra-ui/react"' has no exported member 'SimpleGrid'.
[21:34:39.680] src/pages/CreatorDashboard.tsx(1,61): error TS2305: Module '"@chakra-ui/react"' has no exported member 'useColorModeValue'.
[21:34:39.680] src/pages/CreatorDashboard.tsx(13,7): error TS2559: Type 'ReactElement<any, any>' has no properties in common with type 'ReactNode'.
[21:34:39.680] src/pages/CreatorDashboard.tsx(15,12): error TS2786: 'MotionBox' cannot be used as a JSX component.
[21:34:39.680]   Its type 'ComponentType<MotionComponentProps<React$1.PropsWithChildren<Props>>>' is not a valid JSX element type.
[21:34:39.680]     Type 'ComponentType<MotionComponentProps<React$1.PropsWithChildren<Props>>>' is not assignable to type '(props: any, deprecatedLegacyContext?: any) => ReactNode'.
[21:34:39.680]       Type 'Element | null' is not assignable to type 'ReactNode'.
[21:34:39.680]         Type 'Element' is not assignable to type 'ReactNode'.
[21:34:39.680]           Property 'children' is missing in type 'Element' but required in type 'ReactPortal'.
[21:34:39.680] src/pages/CreatorDashboard.tsx(25,14): error TS2746: This JSX tag's 'children' prop expects a single child of type 'ReactNode | undefined', but multiple children were provided.
[21:34:39.680] src/pages/CreatorDashboard.tsx(25,14): error TS2786: 'VStack' cannot be used as a JSX component.
[21:34:39.680]   Its type 'ComponentType<VStackProps>' is not a valid JSX element type.
[21:34:39.680]     Type 'ComponentType<VStackProps>' is not assignable to type '(props: any, deprecatedLegacyContext?: any) => ReactNode'.
[21:34:39.680]       Type 'Element | null' is not assignable to type 'ReactNode'.
[21:34:39.680]         Type 'Element' is not assignable to type 'ReactNode'.
[21:34:39.680]           Property 'children' is missing in type 'Element' but required in type 'ReactPortal'.
[21:34:39.681] src/pages/CreatorDashboard.tsx(26,16): error TS2786: 'Heading' cannot be used as a JSX component.
[21:34:39.681]   Its type 'ComponentType<HeadingProps>' is not a valid JSX element type.
[21:34:39.681]     Type 'ComponentType<HeadingProps>' is not assignable to type '(props: any, deprecatedLegacyContext?: any) => ReactNode'.
[21:34:39.681]       Type 'Element | null' is not assignable to type 'ReactNode'.
[21:34:39.681]         Type 'Element' is not assignable to type 'ReactNode'.
[21:34:39.681]           Property 'children' is missing in type 'Element' but required in type 'ReactPortal'.
[21:34:39.681] src/pages/CreatorDashboard.tsx(26,69): error TS2559: Type 'string' has no properties in common with type 'ReactNode'.
[21:34:39.681] src/pages/CreatorDashboard.tsx(29,16): error TS2786: 'Text' cannot be used as a JSX component.
[21:34:39.681]   Its type 'ComponentType<TextProps>' is not a valid JSX element type.
[21:34:39.681]     Type 'ComponentType<TextProps>' is not assignable to type '(props: any, deprecatedLegacyContext?: any) => ReactNode'.
[21:34:39.681]       Type 'Element | null' is not assignable to type 'ReactNode'.
[21:34:39.681]         Type 'Element' is not assignable to type 'ReactNode'.
[21:34:39.681]           Property 'children' is missing in type 'Element' but required in type 'ReactPortal'.
[21:34:39.681] src/pages/CreatorDashboard.tsx(29,59): error TS2559: Type 'string' has no properties in common with type 'ReactNode'.
[21:34:39.681] src/pages/CreatorDashboard.tsx(35,12): error TS2786: 'MotionBox' cannot be used as a JSX component.
[21:34:39.681]   Its type 'ComponentType<MotionComponentProps<React$1.PropsWithChildren<Props>>>' is not a valid JSX element type.
[21:34:39.681]     Type 'ComponentType<MotionComponentProps<React$1.PropsWithChildren<Props>>>' is not assignable to type '(props: any, deprecatedLegacyContext?: any) => ReactNode'.
[21:34:39.681]       Type 'Element | null' is not assignable to type 'ReactNode'.
[21:34:39.681]         Type 'Element' is not assignable to type 'ReactNode'.
[21:34:39.681]           Property 'children' is missing in type 'Element' but required in type 'ReactPortal'.
[21:34:39.681] src/pages/CreatorDashboard.tsx(45,14): error TS2746: This JSX tag's 'children' prop expects a single child of type 'ReactNode | undefined', but multiple children were provided.
[21:34:39.681] src/pages/CreatorDashboard.tsx(45,14): error TS2786: 'VStack' cannot be used as a JSX component.
[21:34:39.681]   Its type 'ComponentType<VStackProps>' is not a valid JSX element type.
[21:34:39.681]     Type 'ComponentType<VStackProps>' is not assignable to type '(props: any, deprecatedLegacyContext?: any) => ReactNode'.
[21:34:39.681]       Type 'Element | null' is not assignable to type 'ReactNode'.
[21:34:39.681]         Type 'Element' is not assignable to type 'ReactNode'.
[21:34:39.681]           Property 'children' is missing in type 'Element' but required in type 'ReactPortal'.
[21:34:39.681] src/pages/CreatorDashboard.tsx(46,16): error TS2786: 'Heading' cannot be used as a JSX component.
[21:34:39.681]   Its type 'ComponentType<HeadingProps>' is not a valid JSX element type.
[21:34:39.681]     Type 'ComponentType<HeadingProps>' is not assignable to type '(props: any, deprecatedLegacyContext?: any) => ReactNode'.
[21:34:39.681]       Type 'Element | null' is not assignable to type 'ReactNode'.
[21:34:39.681]         Type 'Element' is not assignable to type 'ReactNode'.
[21:34:39.681]           Property 'children' is missing in type 'Element' but required in type 'ReactPortal'.
[21:34:39.682] src/pages/CreatorDashboard.tsx(46,69): error TS2559: Type 'string' has no properties in common with type 'ReactNode'.
[21:34:39.682] src/pages/CreatorDashboard.tsx(49,16): error TS2786: 'Text' cannot be used as a JSX component.
[21:34:39.682]   Its type 'ComponentType<TextProps>' is not a valid JSX element type.
[21:34:39.682]     Type 'ComponentType<TextProps>' is not assignable to type '(props: any, deprecatedLegacyContext?: any) => ReactNode'.
[21:34:39.682]       Type 'Element | null' is not assignable to type 'ReactNode'.
[21:34:39.682]         Type 'Element' is not assignable to type 'ReactNode'.
[21:34:39.682]           Property 'children' is missing in type 'Element' but required in type 'ReactPortal'.
[21:34:39.682] src/pages/CreatorDashboard.tsx(49,59): error TS2559: Type 'string' has no properties in common with type 'ReactNode'.
[21:34:39.683] src/pages/Customers.tsx(6,3): error TS2305: Module '"@chakra-ui/react"' has no exported member 'Container'.
[21:34:39.683] src/pages/Customers.tsx(7,3): error TS2305: Module '"@chakra-ui/react"' has no exported member 'useColorModeValue'.
[21:34:39.683] src/pages/Customers.tsx(16,7): error TS2559: Type 'ReactElement<any, any>' has no properties in common with type 'ReactNode'.
[21:34:39.683] src/pages/Customers.tsx(16,8): error TS2786: 'Box' cannot be used as a JSX component.
[21:34:39.683]   Its type 'ComponentType<BoxProps>' is not a valid JSX element type.
[21:34:39.683]     Type 'ComponentType<BoxProps>' is not assignable to type '(props: any, deprecatedLegacyContext?: any) => ReactNode'.
[21:34:39.683]       Type 'Element | null' is not assignable to type 'ReactNode'.
[21:34:39.683]         Type 'Element' is not assignable to type 'ReactNode'.
[21:34:39.683]           Property 'children' is missing in type 'Element' but required in type 'ReactPortal'.
[21:34:39.683] src/pages/Customers.tsx(17,9): error TS2559: Type 'ReactElement<any, any>' has no properties in common with type 'ReactNode'.
[21:34:39.683] src/pages/Customers.tsx(18,12): error TS2746: This JSX tag's 'children' prop expects a single child of type 'ReactNode | undefined', but multiple children were provided.
[21:34:39.683] src/pages/Customers.tsx(18,12): error TS2786: 'VStack' cannot be used as a JSX component.
[21:34:39.683]   Its type 'ComponentType<VStackProps>' is not a valid JSX element type.
[21:34:39.683]     Type 'ComponentType<VStackProps>' is not assignable to type '(props: any, deprecatedLegacyContext?: any) => ReactNode'.
[21:34:39.683]       Type 'Element | null' is not assignable to type 'ReactNode'.
[21:34:39.683]         Type 'Element' is not assignable to type 'ReactNode'.
[21:34:39.683]           Property 'children' is missing in type 'Element' but required in type 'ReactPortal'.
[21:34:39.683] src/pages/Customers.tsx(19,14): error TS2786: 'Heading' cannot be used as a JSX component.
[21:34:39.683]   Its type 'ComponentType<HeadingProps>' is not a valid JSX element type.
[21:34:39.683]     Type 'ComponentType<HeadingProps>' is not assignable to type '(props: any, deprecatedLegacyContext?: any) => ReactNode'.
[21:34:39.683]       Type 'Element | null' is not assignable to type 'ReactNode'.
[21:34:39.684]         Type 'Element' is not assignable to type 'ReactNode'.
[21:34:39.684]           Property 'children' is missing in type 'Element' but required in type 'ReactPortal'.
[21:34:39.684] src/pages/Customers.tsx(19,57): error TS2559: Type 'string' has no properties in common with type 'ReactNode'.
[21:34:39.684] src/pages/Customers.tsx(20,14): error TS2786: 'Text' cannot be used as a JSX component.
[21:34:39.684]   Its type 'ComponentType<TextProps>' is not a valid JSX element type.
[21:34:39.684]     Type 'ComponentType<TextProps>' is not assignable to type '(props: any, deprecatedLegacyContext?: any) => ReactNode'.
[21:34:39.684]       Type 'Element | null' is not assignable to type 'ReactNode'.
[21:34:39.684]         Type 'Element' is not assignable to type 'ReactNode'.
[21:34:39.684]           Property 'children' is missing in type 'Element' but required in type 'ReactPortal'.
[21:34:39.684] src/pages/Customers.tsx(20,57): error TS2559: Type 'string' has no properties in common with type 'ReactNode'.
[21:34:39.684] src/pages/Customers.tsx(21,14): error TS2786: 'Text' cannot be used as a JSX component.
[21:34:39.684]   Its type 'ComponentType<TextProps>' is not a valid JSX element type.
[21:34:39.684]     Type 'ComponentType<TextProps>' is not assignable to type '(props: any, deprecatedLegacyContext?: any) => ReactNode'.
[21:34:39.684]       Type 'Element | null' is not assignable to type 'ReactNode'.
[21:34:39.684]         Type 'Element' is not assignable to type 'ReactNode'.
[21:34:39.684]           Property 'children' is missing in type 'Element' but required in type 'ReactPortal'.
[21:34:39.684] src/pages/Customers.tsx(21,43): error TS2559: Type 'string' has no properties in common with type 'ReactNode'.
[21:34:39.684] src/pages/Daily.tsx(5,3): error TS2305: Module '"@chakra-ui/react"' has no exported member 'SimpleGrid'.
[21:34:39.684] src/pages/Daily.tsx(7,3): error TS2724: '"@chakra-ui/react"' has no exported member named 'HStack'. Did you mean 'VStack'?
[21:34:39.684] src/pages/Daily.tsx(9,3): error TS2305: Module '"@chakra-ui/react"' has no exported member 'useColorModeValue'.
[21:34:39.684] src/pages/Daily.tsx(10,3): error TS2305: Module '"@chakra-ui/react"' has no exported member 'Table'.
[21:34:39.684] src/pages/Daily.tsx(11,3): error TS2305: Module '"@chakra-ui/react"' has no exported member 'Thead'.
[21:34:39.684] src/pages/Daily.tsx(12,3): error TS2305: Module '"@chakra-ui/react"' has no exported member 'Tbody'.
[21:34:39.684] src/pages/Daily.tsx(13,3): error TS2305: Module '"@chakra-ui/react"' has no exported member 'Tr'.
[21:34:39.684] src/pages/Daily.tsx(14,3): error TS2305: Module '"@chakra-ui/react"' has no exported member 'Th'.
[21:34:39.684] src/pages/Daily.tsx(15,3): error TS2305: Module '"@chakra-ui/react"' has no exported member 'Td'.
[21:34:39.685] src/pages/Daily.tsx(16,3): error TS2305: Module '"@chakra-ui/react"' has no exported member 'Progress'.
[21:34:39.685] src/pages/Daily.tsx(17,3): error TS2305: Module '"@chakra-ui/react"' has no exported member 'Badge'.
[21:34:39.685] src/pages/Daily.tsx(19,10): error TS2305: Module '"react-icons/fa"' has no exported member 'FaCalendarDay'.
[21:34:39.685] src/pages/Daily.tsx(19,25): error TS2305: Module '"react-icons/fa"' has no exported member 'FaChartLine'.
[21:34:39.685] src/pages/Daily.tsx(19,38): error TS2305: Module '"react-icons/fa"' has no exported member 'FaCoins'.
[21:34:39.685] src/pages/Daily.tsx(19,47): error TS2305: Module '"react-icons/fa"' has no exported member 'FaUsers'.
[21:34:39.685] src/pages/Daily.tsx(52,7): error TS2559: Type 'ReactElement<any, any>' has no properties in common with type 'ReactNode'.
[21:34:39.685] src/pages/Daily.tsx(52,8): error TS2746: This JSX tag's 'children' prop expects a single child of type 'ReactNode | undefined', but multiple children were provided.
[21:34:39.685] src/pages/Daily.tsx(52,8): error TS2786: 'VStack' cannot be used as a JSX component.
[21:34:39.685]   Its type 'ComponentType<VStackProps>' is not a valid JSX element type.
[21:34:39.685]     Type 'ComponentType<VStackProps>' is not assignable to type '(props: any, deprecatedLegacyContext?: any) => ReactNode'.
[21:34:39.685]       Type 'Element | null' is not assignable to type 'ReactNode'.
[21:34:39.685]         Type 'Element' is not assignable to type 'ReactNode'.
[21:34:39.685]           Property 'children' is missing in type 'Element' but required in type 'ReactPortal'.
[21:34:39.685] src/pages/Daily.tsx(53,10): error TS2746: This JSX tag's 'children' prop expects a single child of type 'ReactNode | undefined', but multiple children were provided.
[21:34:39.685] src/pages/Daily.tsx(53,10): error TS2786: 'Box' cannot be used as a JSX component.
[21:34:39.685]   Its type 'ComponentType<BoxProps>' is not a valid JSX element type.
[21:34:39.685]     Type 'ComponentType<BoxProps>' is not assignable to type '(props: any, deprecatedLegacyContext?: any) => ReactNode'.
[21:34:39.685]       Type 'Element | null' is not assignable to type 'ReactNode'.
[21:34:39.685]         Type 'Element' is not assignable to type 'ReactNode'.
[21:34:39.685]           Property 'children' is missing in type 'Element' but required in type 'ReactPortal'.
[21:34:39.685] src/pages/Daily.tsx(54,12): error TS2786: 'Heading' cannot be used as a JSX component.
[21:34:39.685]   Its type 'ComponentType<HeadingProps>' is not a valid JSX element type.
[21:34:39.685]     Type 'ComponentType<HeadingProps>' is not assignable to type '(props: any, deprecatedLegacyContext?: any) => ReactNode'.
[21:34:39.685]       Type 'Element | null' is not assignable to type 'ReactNode'.
[21:34:39.685]         Type 'Element' is not assignable to type 'ReactNode'.
[21:34:39.685]           Property 'children' is missing in type 'Element' but required in type 'ReactPortal'.
[21:34:39.686] src/pages/Daily.tsx(54,55): error TS2559: Type 'string' has no properties in common with type 'ReactNode'.
[21:34:39.686] src/pages/Daily.tsx(55,12): error TS2786: 'Text' cannot be used as a JSX component.
[21:34:39.686]   Its type 'ComponentType<TextProps>' is not a valid JSX element type.
[21:34:39.686]     Type 'ComponentType<TextProps>' is not assignable to type '(props: any, deprecatedLegacyContext?: any) => ReactNode'.
[21:34:39.686]       Type 'Element | null' is not assignable to type 'ReactNode'.
[21:34:39.686]         Type 'Element' is not assignable to type 'ReactNode'.
[21:34:39.686]           Property 'children' is missing in type 'Element' but required in type 'ReactPortal'.
[21:34:39.686] src/pages/Daily.tsx(55,41): error TS2559: Type 'string' has no properties in common with type 'ReactNode'.
[21:34:39.686] src/pages/Daily.tsx(59,12): error TS2746: This JSX tag's 'children' prop expects a single child of type 'ReactNode | undefined', but multiple children were provided.
[21:34:39.686] src/pages/Daily.tsx(59,12): error TS2786: 'Box' cannot be used as a JSX component.
[21:34:39.686]   Its type 'ComponentType<BoxProps>' is not a valid JSX element type.
[21:34:39.686]     Type 'ComponentType<BoxProps>' is not assignable to type '(props: any, deprecatedLegacyContext?: any) => ReactNode'.
[21:34:39.686]       Type 'Element | null' is not assignable to type 'ReactNode'.
[21:34:39.686]         Type 'Element' is not assignable to type 'ReactNode'.
[21:34:39.686]           Property 'children' is missing in type 'Element' but required in type 'ReactPortal'.
[21:34:39.686] src/pages/Daily.tsx(67,16): error TS2786: 'Icon' cannot be used as a JSX component.
[21:34:39.686]   Its type 'ComponentType<IconProps>' is not a valid JSX element type.
[21:34:39.686]     Type 'ComponentType<IconProps>' is not assignable to type '(props: any, deprecatedLegacyContext?: any) => ReactNode'.
[21:34:39.686]       Type 'Element | null' is not assignable to type 'ReactNode'.
[21:34:39.686]         Type 'Element' is not assignable to type 'ReactNode'.
[21:34:39.686]           Property 'children' is missing in type 'Element' but required in type 'ReactPortal'.
[21:34:39.686] src/pages/Daily.tsx(67,38): error TS2322: Type '{ as: any; w: number; h: number; color: string; }' is not assignable to type 'IntrinsicAttributes & IconProps'.
[21:34:39.686]   Property 'w' does not exist on type 'IntrinsicAttributes & IconProps'.
[21:34:39.686] src/pages/Daily.tsx(68,16): error TS2786: 'Heading' cannot be used as a JSX component.
[21:34:39.686]   Its type 'ComponentType<HeadingProps>' is not a valid JSX element type.
[21:34:39.686]     Type 'ComponentType<HeadingProps>' is not assignable to type '(props: any, deprecatedLegacyContext?: any) => ReactNode'.
[21:34:39.686]       Type 'Element | null' is not assignable to type 'ReactNode'.
[21:34:39.686]         Type 'Element' is not assignable to type 'ReactNode'.
[21:34:39.686]           Property 'children' is missing in type 'Element' but required in type 'ReactPortal'.
[21:34:39.687] src/pages/Daily.tsx(68,69): error TS2559: Type 'string' has no properties in common with type 'ReactNode'.
[21:34:39.687] src/pages/Daily.tsx(70,14): error TS2786: 'Box' cannot be used as a JSX component.
[21:34:39.687]   Its type 'ComponentType<BoxProps>' is not a valid JSX element type.
[21:34:39.687]     Type 'ComponentType<BoxProps>' is not assignable to type '(props: any, deprecatedLegacyContext?: any) => ReactNode'.
[21:34:39.687]       Type 'Element | null' is not assignable to type 'ReactNode'.
[21:34:39.687]         Type 'Element' is not assignable to type 'ReactNode'.
[21:34:39.687]           Property 'children' is missing in type 'Element' but required in type 'ReactPortal'.
[21:34:39.687] src/pages/Daily.tsx(71,15): error TS2559: Type 'ReactElement<any, any>' has no properties in common with type 'ReactNode'.
[21:34:39.687] src/pages/Daily.tsx(75,12): error TS2746: This JSX tag's 'children' prop expects a single child of type 'ReactNode | undefined', but multiple children were provided.
[21:34:39.687] src/pages/Daily.tsx(75,12): error TS2786: 'Box' cannot be used as a JSX component.
[21:34:39.687]   Its type 'ComponentType<BoxProps>' is not a valid JSX element type.
[21:34:39.687]     Type 'ComponentType<BoxProps>' is not assignable to type '(props: any, deprecatedLegacyContext?: any) => ReactNode'.
[21:34:39.687]       Type 'Element | null' is not assignable to type 'ReactNode'.
[21:34:39.687]         Type 'Element' is not assignable to type 'ReactNode'.
[21:34:39.687]           Property 'children' is missing in type 'Element' but required in type 'ReactPortal'.
[21:34:39.687] src/pages/Daily.tsx(83,16): error TS2786: 'Icon' cannot be used as a JSX component.
[21:34:39.687]   Its type 'ComponentType<IconProps>' is not a valid JSX element type.
[21:34:39.687]     Type 'ComponentType<IconProps>' is not assignable to type '(props: any, deprecatedLegacyContext?: any) => ReactNode'.
[21:34:39.687]       Type 'Element | null' is not assignable to type 'ReactNode'.
[21:34:39.687]         Type 'Element' is not assignable to type 'ReactNode'.
[21:34:39.687]           Property 'children' is missing in type 'Element' but required in type 'ReactPortal'.
[21:34:39.687] src/pages/Daily.tsx(83,34): error TS2322: Type '{ as: any; w: number; h: number; color: string; }' is not assignable to type 'IntrinsicAttributes & IconProps'.
[21:34:39.687]   Property 'w' does not exist on type 'IntrinsicAttributes & IconProps'.
[21:34:39.687] src/pages/Daily.tsx(84,16): error TS2786: 'Heading' cannot be used as a JSX component.
[21:34:39.687]   Its type 'ComponentType<HeadingProps>' is not a valid JSX element type.
[21:34:39.687]     Type 'ComponentType<HeadingProps>' is not assignable to type '(props: any, deprecatedLegacyContext?: any) => ReactNode'.
[21:34:39.687]       Type 'Element | null' is not assignable to type 'ReactNode'.
[21:34:39.687]         Type 'Element' is not assignable to type 'ReactNode'.
[21:34:39.687]           Property 'children' is missing in type 'Element' but required in type 'ReactPortal'.
[21:34:39.687] src/pages/Daily.tsx(84,69): error TS2559: Type 'string' has no properties in common with type 'ReactNode'.
[21:34:39.687] src/pages/Daily.tsx(86,14): error TS2786: 'VStack' cannot be used as a JSX component.
[21:34:39.687]   Its type 'ComponentType<VStackProps>' is not a valid JSX element type.
[21:34:39.687]     Type 'ComponentType<VStackProps>' is not assignable to type '(props: any, deprecatedLegacyContext?: any) => ReactNode'.
[21:34:39.687]       Type 'Element | null' is not assignable to type 'ReactNode'.
[21:34:39.687]         Type 'Element' is not assignable to type 'ReactNode'.
[21:34:39.687]           Property 'children' is missing in type 'Element' but required in type 'ReactPortal'.
[21:34:39.687] src/pages/Daily.tsx(87,15): error TS2559: Type 'Element[]' has no properties in common with type 'ReactNode'.
[21:34:39.687] src/pages/Daily.tsx(88,18): error TS2746: This JSX tag's 'children' prop expects a single child of type 'ReactNode | undefined', but multiple children were provided.
[21:34:39.687] src/pages/Daily.tsx(88,18): error TS2786: 'Box' cannot be used as a JSX component.
[21:34:39.687]   Its type 'ComponentType<BoxProps>' is not a valid JSX element type.
[21:34:39.687]     Type 'ComponentType<BoxProps>' is not assignable to type '(props: any, deprecatedLegacyContext?: any) => ReactNode'.
[21:34:39.687]       Type 'Element | null' is not assignable to type 'ReactNode'.
[21:34:39.687]         Type 'Element' is not assignable to type 'ReactNode'.
[21:34:39.687]           Property 'children' is missing in type 'Element' but required in type 'ReactPortal'.
[21:34:39.687] src/pages/Daily.tsx(90,22): error TS2786: 'Text' cannot be used as a JSX component.
[21:34:39.687]   Its type 'ComponentType<TextProps>' is not a valid JSX element type.
[21:34:39.687]     Type 'ComponentType<TextProps>' is not assignable to type '(props: any, deprecatedLegacyContext?: any) => ReactNode'.
[21:34:39.687]       Type 'Element | null' is not assignable to type 'ReactNode'.
[21:34:39.687]         Type 'Element' is not assignable to type 'ReactNode'.
[21:34:39.687]           Property 'children' is missing in type 'Element' but required in type 'ReactPortal'.
[21:34:39.688] src/pages/Daily.tsx(90,51): error TS2559: Type 'string' has no properties in common with type 'ReactNode'.
[21:34:39.688] src/pages/Daily.tsx(91,22): error TS2746: This JSX tag's 'children' prop expects a single child of type 'ReactNode | undefined', but multiple children were provided.
[21:34:39.688] src/pages/Daily.tsx(91,22): error TS2786: 'Text' cannot be used as a JSX component.
[21:34:39.688]   Its type 'ComponentType<TextProps>' is not a valid JSX element type.
[21:34:39.688]     Type 'ComponentType<TextProps>' is not assignable to type '(props: any, deprecatedLegacyContext?: any) => ReactNode'.
[21:34:39.688]       Type 'Element | null' is not assignable to type 'ReactNode'.
[21:34:39.688]         Type 'Element' is not assignable to type 'ReactNode'.
[21:34:39.688]           Property 'children' is missing in type 'Element' but required in type 'ReactPortal'.
[21:34:39.688] src/pages/Daily.tsx(99,12): error TS2746: This JSX tag's 'children' prop expects a single child of type 'ReactNode | undefined', but multiple children were provided.
[21:34:39.688] src/pages/Daily.tsx(99,12): error TS2786: 'Box' cannot be used as a JSX component.
[21:34:39.688]   Its type 'ComponentType<BoxProps>' is not a valid JSX element type.
[21:34:39.688]     Type 'ComponentType<BoxProps>' is not assignable to type '(props: any, deprecatedLegacyContext?: any) => ReactNode'.
[21:34:39.688]       Type 'Element | null' is not assignable to type 'ReactNode'.
[21:34:39.688]         Type 'Element' is not assignable to type 'ReactNode'.
[21:34:39.688]           Property 'children' is missing in type 'Element' but required in type 'ReactPortal'.
[21:34:39.688] src/pages/Daily.tsx(107,16): error TS2786: 'Icon' cannot be used as a JSX component.
[21:34:39.688]   Its type 'ComponentType<IconProps>' is not a valid JSX element type.
[21:34:39.688]     Type 'ComponentType<IconProps>' is not assignable to type '(props: any, deprecatedLegacyContext?: any) => ReactNode'.
[21:34:39.688]       Type 'Element | null' is not assignable to type 'ReactNode'.
[21:34:39.688]         Type 'Element' is not assignable to type 'ReactNode'.
[21:34:39.688]           Property 'children' is missing in type 'Element' but required in type 'ReactPortal'.
[21:34:39.688] src/pages/Daily.tsx(107,34): error TS2322: Type '{ as: any; w: number; h: number; color: string; }' is not assignable to type 'IntrinsicAttributes & IconProps'.
[21:34:39.688]   Property 'w' does not exist on type 'IntrinsicAttributes & IconProps'.
[21:34:39.700] src/pages/Daily.tsx(108,16): error TS2786: 'Heading' cannot be used as a JSX component.
[21:34:39.700]   Its type 'ComponentType<HeadingProps>' is not a valid JSX element type.
[21:34:39.700]     Type 'ComponentType<HeadingProps>' is not assignable to type '(props: any, deprecatedLegacyContext?: any) => ReactNode'.
[21:34:39.700]       Type 'Element | null' is not assignable to type 'ReactNode'.
[21:34:39.700]         Type 'Element' is not assignable to type 'ReactNode'.
[21:34:39.700]           Property 'children' is missing in type 'Element' but required in type 'ReactPortal'.
[21:34:39.700] src/pages/Daily.tsx(108,69): error TS2559: Type 'string' has no properties in common with type 'ReactNode'.
[21:34:39.700] src/pages/Daily.tsx(135,10): error TS2746: This JSX tag's 'children' prop expects a single child of type 'ReactNode | undefined', but multiple children were provided.
[21:34:39.700] src/pages/Daily.tsx(135,10): error TS2786: 'Box' cannot be used as a JSX component.
[21:34:39.700]   Its type 'ComponentType<BoxProps>' is not a valid JSX element type.
[21:34:39.700]     Type 'ComponentType<BoxProps>' is not assignable to type '(props: any, deprecatedLegacyContext?: any) => ReactNode'.
[21:34:39.700]       Type 'Element | null' is not assignable to type 'ReactNode'.
[21:34:39.700]         Type 'Element' is not assignable to type 'ReactNode'.
[21:34:39.700]           Property 'children' is missing in type 'Element' but required in type 'ReactPortal'.
[21:34:39.700] src/pages/Daily.tsx(143,14): error TS2786: 'Icon' cannot be used as a JSX component.
[21:34:39.700]   Its type 'ComponentType<IconProps>' is not a valid JSX element type.
[21:34:39.701]     Type 'ComponentType<IconProps>' is not assignable to type '(props: any, deprecatedLegacyContext?: any) => ReactNode'.
[21:34:39.701]       Type 'Element | null' is not assignable to type 'ReactNode'.
[21:34:39.701]         Type 'Element' is not assignable to type 'ReactNode'.
[21:34:39.701]           Property 'children' is missing in type 'Element' but required in type 'ReactPortal'.
[21:34:39.701] src/pages/Daily.tsx(143,38): error TS2322: Type '{ as: any; w: number; h: number; color: string; }' is not assignable to type 'IntrinsicAttributes & IconProps'.
[21:34:39.701]   Property 'w' does not exist on type 'IntrinsicAttributes & IconProps'.
[21:34:39.701] src/pages/Daily.tsx(144,14): error TS2786: 'Heading' cannot be used as a JSX component.
[21:34:39.701]   Its type 'ComponentType<HeadingProps>' is not a valid JSX element type.
[21:34:39.701]     Type 'ComponentType<HeadingProps>' is not assignable to type '(props: any, deprecatedLegacyContext?: any) => ReactNode'.
[21:34:39.701]       Type 'Element | null' is not assignable to type 'ReactNode'.
[21:34:39.701]         Type 'Element' is not assignable to type 'ReactNode'.
[21:34:39.701]           Property 'children' is missing in type 'Element' but required in type 'ReactPortal'.
[21:34:39.701] src/pages/Daily.tsx(144,67): error TS2559: Type 'string' has no properties in common with type 'ReactNode'.
[21:34:39.701] src/pages/DeBridgeTestPage.tsx(1,15): error TS2305: Module '"@chakra-ui/react"' has no exported member 'Container'.
[21:34:39.701] src/pages/DeBridgeTestPage.tsx(1,49): error TS2305: Module '"@chakra-ui/react"' has no exported member 'useColorModeValue'.
[21:34:39.701] src/pages/DeBridgeTestPage.tsx(11,7): error TS2559: Type 'ReactElement<any, any>' has no properties in common with type 'ReactNode'.
[21:34:39.701] src/pages/DeBridgeTestPage.tsx(11,8): error TS2786: 'Box' cannot be used as a JSX component.
[21:34:39.701]   Its type 'ComponentType<BoxProps>' is not a valid JSX element type.
[21:34:39.701]     Type 'ComponentType<BoxProps>' is not assignable to type '(props: any, deprecatedLegacyContext?: any) => ReactNode'.
[21:34:39.701]       Type 'Element | null' is not assignable to type 'ReactNode'.
[21:34:39.701]         Type 'Element' is not assignable to type 'ReactNode'.
[21:34:39.701]           Property 'children' is missing in type 'Element' but required in type 'ReactPortal'.
[21:34:39.701] src/pages/DeBridgeTestPage.tsx(16,9): error TS2559: Type 'ReactElement<any, any>' has no properties in common with type 'ReactNode'.
[21:34:39.701] src/pages/DeBridgeTestPage.tsx(17,12): error TS2746: This JSX tag's 'children' prop expects a single child of type 'ReactNode | undefined', but multiple children were provided.
[21:34:39.701] src/pages/DeBridgeTestPage.tsx(17,12): error TS2786: 'VStack' cannot be used as a JSX component.
[21:34:39.701]   Its type 'ComponentType<VStackProps>' is not a valid JSX element type.
[21:34:39.701]     Type 'ComponentType<VStackProps>' is not assignable to type '(props: any, deprecatedLegacyContext?: any) => ReactNode'.
[21:34:39.701]       Type 'Element | null' is not assignable to type 'ReactNode'.
[21:34:39.701]         Type 'Element' is not assignable to type 'ReactNode'.
[21:34:39.701]           Property 'children' is missing in type 'Element' but required in type 'ReactPortal'.
[21:34:39.701] src/pages/DeBridgeTestPage.tsx(18,14): error TS2746: This JSX tag's 'children' prop expects a single child of type 'ReactNode | undefined', but multiple children were provided.
[21:34:39.701] src/pages/DeBridgeTestPage.tsx(18,14): error TS2786: 'Box' cannot be used as a JSX component.
[21:34:39.701]   Its type 'ComponentType<BoxProps>' is not a valid JSX element type.
[21:34:39.701]     Type 'ComponentType<BoxProps>' is not assignable to type '(props: any, deprecatedLegacyContext?: any) => ReactNode'.
[21:34:39.701]       Type 'Element | null' is not assignable to type 'ReactNode'.
[21:34:39.701]         Type 'Element' is not assignable to type 'ReactNode'.
[21:34:39.701]           Property 'children' is missing in type 'Element' but required in type 'ReactPortal'.
[21:34:39.701] src/pages/DeBridgeTestPage.tsx(19,16): error TS2786: 'Heading' cannot be used as a JSX component.
[21:34:39.701]   Its type 'ComponentType<HeadingProps>' is not a valid JSX element type.
[21:34:39.701]     Type 'ComponentType<HeadingProps>' is not assignable to type '(props: any, deprecatedLegacyContext?: any) => ReactNode'.
[21:34:39.701]       Type 'Element | null' is not assignable to type 'ReactNode'.
[21:34:39.701]         Type 'Element' is not assignable to type 'ReactNode'.
[21:34:39.701]           Property 'children' is missing in type 'Element' but required in type 'ReactPortal'.
[21:34:39.701] src/pages/DeBridgeTestPage.tsx(24,16): error TS2559: Type 'string' has no properties in common with type 'ReactNode'.
[21:34:39.701] src/pages/DeBridgeTestPage.tsx(27,16): error TS2786: 'Text' cannot be used as a JSX component.
[21:34:39.701]   Its type 'ComponentType<TextProps>' is not a valid JSX element type.
[21:34:39.701]     Type 'ComponentType<TextProps>' is not assignable to type '(props: any, deprecatedLegacyContext?: any) => ReactNode'.
[21:34:39.701]       Type 'Element | null' is not assignable to type 'ReactNode'.
[21:34:39.701]         Type 'Element' is not assignable to type 'ReactNode'.
[21:34:39.701]           Property 'children' is missing in type 'Element' but required in type 'ReactPortal'.
[21:34:39.702] src/pages/DeBridgeTestPage.tsx(27,59): error TS2559: Type 'string' has no properties in common with type 'ReactNode'.
[21:34:39.702] src/pages/DeBridgeTestPage.tsx(32,14): error TS2786: 'Box' cannot be used as a JSX component.
[21:34:39.702]   Its type 'ComponentType<BoxProps>' is not a valid JSX element type.
[21:34:39.702]     Type 'ComponentType<BoxProps>' is not assignable to type '(props: any, deprecatedLegacyContext?: any) => ReactNode'.
[21:34:39.702]       Type 'Element | null' is not assignable to type 'ReactNode'.
[21:34:39.702]         Type 'Element' is not assignable to type 'ReactNode'.
[21:34:39.702]           Property 'children' is missing in type 'Element' but required in type 'ReactPortal'.
[21:34:39.702] src/pages/DeBridgeTestPage.tsx(40,15): error TS2559: Type 'ReactElement<any, any>' has no properties in common with type 'ReactNode'.
[21:34:39.702] src/pages/Developers.tsx(3,3): error TS2305: Module '"@chakra-ui/react"' has no exported member 'Container'.
[21:34:39.702] src/pages/Developers.tsx(5,3): error TS2724: '"@chakra-ui/react"' has no exported member named 'HStack'. Did you mean 'VStack'?
[21:34:39.702] src/pages/Developers.tsx(9,3): error TS2305: Module '"@chakra-ui/react"' has no exported member 'SimpleGrid'.
[21:34:39.702] src/pages/Developers.tsx(11,3): error TS2305: Module '"@chakra-ui/react"' has no exported member 'Badge'.
[21:34:39.702] src/pages/Developers.tsx(12,3): error TS2305: Module '"@chakra-ui/react"' has no exported member 'Code'.
[21:34:39.702] src/pages/Developers.tsx(13,3): error TS2305: Module '"@chakra-ui/react"' has no exported member 'useColorModeValue'.
[21:34:39.702] src/pages/Developers.tsx(14,3): error TS2305: Module '"@chakra-ui/react"' has no exported member 'Link'.
[21:34:39.702] src/pages/Developers.tsx(16,3): error TS6133: 'VStackProps' is declared but its value is never read.
[21:34:39.702] src/pages/Developers.tsx(17,3): error TS2724: '"@chakra-ui/react"' has no exported member named 'HStackProps'. Did you mean 'VStackProps'?
[21:34:39.702] src/pages/Developers.tsx(17,3): error TS6133: 'HStackProps' is declared but its value is never read.
[21:34:39.702] src/pages/Developers.tsx(18,3): error TS6133: 'TextProps' is declared but its value is never read.
[21:34:39.702] src/pages/Developers.tsx(19,3): error TS6133: 'HeadingProps' is declared but its value is never read.
[21:34:39.702] src/pages/Developers.tsx(20,3): error TS6133: 'ButtonProps' is declared but its value is never read.
[21:34:39.702] src/pages/Developers.tsx(22,3): error TS2724: '"@chakra-ui/react"' has no exported member named 'BadgeProps'. Did you mean 'ImageProps'?
[21:34:39.702] src/pages/Developers.tsx(22,3): error TS6133: 'BadgeProps' is declared but its value is never read.
[21:34:39.702] src/pages/Developers.tsx(23,3): error TS2305: Module '"@chakra-ui/react"' has no exported member 'CodeProps'.
[21:34:39.702] src/pages/Developers.tsx(23,3): error TS6133: 'CodeProps' is declared but its value is never read.
[21:34:39.702] src/pages/Developers.tsx(24,3): error TS2305: Module '"@chakra-ui/react"' has no exported member 'LinkProps'.
[21:34:39.702] src/pages/Developers.tsx(24,3): error TS6133: 'LinkProps' is declared but its value is never read.
[21:34:39.702] src/pages/Developers.tsx(29,3): error TS2305: Module '"react-icons/fa"' has no exported member 'FaRocket'.
[21:34:39.702] src/pages/Developers.tsx(30,3): error TS2305: Module '"react-icons/fa"' has no exported member 'FaUsers'.
[21:34:39.702] src/pages/Developers.tsx(31,3): error TS2305: Module '"react-icons/fa"' has no exported member 'FaCoins'.
[21:34:39.702] src/pages/Developers.tsx(32,3): error TS2305: Module '"react-icons/fa"' has no exported member 'FaChartLine'.
[21:34:39.703] src/pages/Developers.tsx(33,3): error TS2305: Module '"react-icons/fa"' has no exported member 'FaHandshake'.
[21:34:39.703] src/pages/Developers.tsx(34,3): error TS2305: Module '"react-icons/fa"' has no exported member 'FaLock'.
[21:34:39.703] src/pages/Developers.tsx(35,3): error TS2305: Module '"react-icons/fa"' has no exported member 'FaGlobe'.
[21:34:39.703] src/pages/Developers.tsx(36,3): error TS2305: Module '"react-icons/fa"' has no exported member 'FaShieldAlt'.
[21:34:39.703] src/pages/Developers.tsx(38,3): error TS2305: Module '"react-icons/fa"' has no exported member 'FaCode'.
[21:34:39.703] src/pages/Developers.tsx(39,3): error TS2305: Module '"react-icons/fa"' has no exported member 'FaTerminal'.
[21:34:39.703] src/pages/Developers.tsx(42,1): error TS6133: 'MarqueeMenu' is declared but its value is never read.
[21:34:39.703] src/pages/Developers.tsx(105,7): error TS2559: Type 'ReactElement<any, any>' has no properties in common with type 'ReactNode'.
[21:34:39.703] src/pages/Developers.tsx(105,8): error TS2786: 'Box' cannot be used as a JSX component.
[21:34:39.703]   Its type 'ComponentType<BoxProps>' is not a valid JSX element type.
[21:34:39.703]     Type 'ComponentType<BoxProps>' is not assignable to type '(props: any, deprecatedLegacyContext?: any) => ReactNode'.
[21:34:39.703]       Type 'Element | null' is not assignable to type 'ReactNode'.
[21:34:39.703]         Type 'Element' is not assignable to type 'ReactNode'.
[21:34:39.703]           Property 'children' is missing in type 'Element' but required in type 'ReactPortal'.
[21:34:39.703] src/pages/Developers.tsx(106,9): error TS2559: Type 'ReactElement<any, any>' has no properties in common with type 'ReactNode'.
[21:34:39.703] src/pages/Developers.tsx(107,12): error TS2746: This JSX tag's 'children' prop expects a single child of type 'ReactNode | undefined', but multiple children were provided.
[21:34:39.703] src/pages/Developers.tsx(107,12): error TS2786: 'VStack' cannot be used as a JSX component.
[21:34:39.703]   Its type 'ComponentType<VStackProps>' is not a valid JSX element type.
[21:34:39.703]     Type 'ComponentType<VStackProps>' is not assignable to type '(props: any, deprecatedLegacyContext?: any) => ReactNode'.
[21:34:39.703]       Type 'Element | null' is not assignable to type 'ReactNode'.
[21:34:39.703]         Type 'Element' is not assignable to type 'ReactNode'.
[21:34:39.703]           Property 'children' is missing in type 'Element' but required in type 'ReactPortal'.
[21:34:39.703] src/pages/Developers.tsx(109,14): error TS2786: 'Box' cannot be used as a JSX component.
[21:34:39.703]   Its type 'ComponentType<BoxProps>' is not a valid JSX element type.
[21:34:39.703]     Type 'ComponentType<BoxProps>' is not assignable to type '(props: any, deprecatedLegacyContext?: any) => ReactNode'.
[21:34:39.703]       Type 'Element | null' is not assignable to type 'ReactNode'.
[21:34:39.703]         Type 'Element' is not assignable to type 'ReactNode'.
[21:34:39.703]           Property 'children' is missing in type 'Element' but required in type 'ReactPortal'.
[21:34:39.703] src/pages/Developers.tsx(110,15): error TS2559: Type 'ReactElement<any, any>' has no properties in common with type 'ReactNode'.
[21:34:39.703] src/pages/Developers.tsx(114,19): error TS2322: Type '{ duration: number; }' is not assignable to type '(Transition & string) | undefined'.
[21:34:39.703]   Type '{ duration: number; }' is not assignable to type 'Orchestration & Repeat & PermissiveTransitionDefinition & { [key: string]: TransitionDefinition; } & string'.
[21:34:39.703]     Type '{ duration: number; }' is not assignable to type 'string'.
[21:34:39.703] src/pages/Developers.tsx(116,20): error TS2786: 'Icon' cannot be used as a JSX component.
[21:34:39.704]   Its type 'ComponentType<IconProps>' is not a valid JSX element type.
[21:34:39.704]     Type 'ComponentType<IconProps>' is not assignable to type '(props: any, deprecatedLegacyContext?: any) => ReactNode'.
[21:34:39.704]       Type 'Element | null' is not assignable to type 'ReactNode'.
[21:34:39.704]         Type 'Element' is not assignable to type 'ReactNode'.
[21:34:39.704]           Property 'children' is missing in type 'Element' but required in type 'ReactPortal'.
[21:34:39.704] src/pages/Developers.tsx(116,39): error TS2322: Type '{ as: any; w: number; h: number; color: string; mb: number; }' is not assignable to type 'IntrinsicAttributes & IconProps'.
[21:34:39.704]   Property 'w' does not exist on type 'IntrinsicAttributes & IconProps'.
[21:34:39.704] src/pages/Developers.tsx(117,20): error TS2786: 'Heading' cannot be used as a JSX component.
[21:34:39.704]   Its type 'ComponentType<HeadingProps>' is not a valid JSX element type.
[21:34:39.704]     Type 'ComponentType<HeadingProps>' is not assignable to type '(props: any, deprecatedLegacyContext?: any) => ReactNode'.
[21:34:39.704]       Type 'Element | null' is not assignable to type 'ReactNode'.
[21:34:39.704]         Type 'Element' is not assignable to type 'ReactNode'.
[21:34:39.704]           Property 'children' is missing in type 'Element' but required in type 'ReactPortal'.
[21:34:39.704] src/pages/Developers.tsx(117,81): error TS2559: Type 'string' has no properties in common with type 'ReactNode'.
[21:34:39.704] src/pages/Developers.tsx(120,20): error TS2786: 'Text' cannot be used as a JSX component.
[21:34:39.704]   Its type 'ComponentType<TextProps>' is not a valid JSX element type.
[21:34:39.704]     Type 'ComponentType<TextProps>' is not assignable to type '(props: any, deprecatedLegacyContext?: any) => ReactNode'.
[21:34:39.704]       Type 'Element | null' is not assignable to type 'ReactNode'.
[21:34:39.704]         Type 'Element' is not assignable to type 'ReactNode'.
[21:34:39.704]           Property 'children' is missing in type 'Element' but required in type 'ReactPortal'.
[21:34:39.704] src/pages/Developers.tsx(120,93): error TS2559: Type 'string' has no properties in common with type 'ReactNode'.
[21:34:39.704] src/pages/Developers.tsx(131,18): error TS2746: This JSX tag's 'children' prop expects a single child of type 'ReactNode | undefined', but multiple children were provided.
[21:34:39.704] src/pages/Developers.tsx(131,18): error TS2786: 'VStack' cannot be used as a JSX component.
[21:34:39.704]   Its type 'ComponentType<VStackProps>' is not a valid JSX element type.
[21:34:39.704]     Type 'ComponentType<VStackProps>' is not assignable to type '(props: any, deprecatedLegacyContext?: any) => ReactNode'.
[21:34:39.704]       Type 'Element | null' is not assignable to type 'ReactNode'.
[21:34:39.704]         Type 'Element' is not assignable to type 'ReactNode'.
[21:34:39.704]           Property 'children' is missing in type 'Element' but required in type 'ReactPortal'.
[21:34:39.704] src/pages/Developers.tsx(132,20): error TS2786: 'Heading' cannot be used as a JSX component.
[21:34:39.705]   Its type 'ComponentType<HeadingProps>' is not a valid JSX element type.
[21:34:39.705]     Type 'ComponentType<HeadingProps>' is not assignable to type '(props: any, deprecatedLegacyContext?: any) => ReactNode'.
[21:34:39.705]       Type 'Element | null' is not assignable to type 'ReactNode'.
[21:34:39.705]         Type 'Element' is not assignable to type 'ReactNode'.
[21:34:39.705]           Property 'children' is missing in type 'Element' but required in type 'ReactPortal'.
[21:34:39.705] src/pages/Developers.tsx(132,73): error TS2559: Type 'string' has no properties in common with type 'ReactNode'.
[21:34:39.705] src/pages/Developers.tsx(135,20): error TS2786: 'Text' cannot be used as a JSX component.
[21:34:39.705]   Its type 'ComponentType<TextProps>' is not a valid JSX element type.
[21:34:39.705]     Type 'ComponentType<TextProps>' is not assignable to type '(props: any, deprecatedLegacyContext?: any) => ReactNode'.
[21:34:39.705]       Type 'Element | null' is not assignable to type 'ReactNode'.
[21:34:39.705]         Type 'Element' is not assignable to type 'ReactNode'.
[21:34:39.705]           Property 'children' is missing in type 'Element' but required in type 'ReactPortal'.
[21:34:39.705] src/pages/Developers.tsx(135,63): error TS2559: Type 'string' has no properties in common with type 'ReactNode'.
[21:34:39.705] src/pages/Developers.tsx(141,22): error TS2786: 'Button' cannot be used as a JSX component.
[21:34:39.705]   Its type 'ComponentType<ButtonProps>' is not a valid JSX element type.
[21:34:39.705]     Type 'ComponentType<ButtonProps>' is not assignable to type '(props: any, deprecatedLegacyContext?: any) => ReactNode'.
[21:34:39.705]       Type 'Element | null' is not assignable to type 'ReactNode'.
[21:34:39.705]         Type 'Element' is not assignable to type 'ReactNode'.
[21:34:39.705]           Property 'children' is missing in type 'Element' but required in type 'ReactPortal'.
[21:34:39.705] src/pages/Developers.tsx(147,22): error TS2559: Type 'string' has no properties in common with type 'ReactNode'.
[21:34:39.705] src/pages/Developers.tsx(150,22): error TS2786: 'Button' cannot be used as a JSX component.
[21:34:39.705]   Its type 'ComponentType<ButtonProps>' is not a valid JSX element type.
[21:34:39.705]     Type 'ComponentType<ButtonProps>' is not assignable to type '(props: any, deprecatedLegacyContext?: any) => ReactNode'.
[21:34:39.705]       Type 'Element | null' is not assignable to type 'ReactNode'.
[21:34:39.705]         Type 'Element' is not assignable to type 'ReactNode'.
[21:34:39.705]           Property 'children' is missing in type 'Element' but required in type 'ReactPortal'.
[21:34:39.712] src/pages/Developers.tsx(156,22): error TS2559: Type 'string' has no properties in common with type 'ReactNode'.
[21:34:39.712] src/pages/Developers.tsx(191,14): error TS2786: 'Box' cannot be used as a JSX component.
[21:34:39.712]   Its type 'ComponentType<BoxProps>' is not a valid JSX element type.
[21:34:39.712]     Type 'ComponentType<BoxProps>' is not assignable to type '(props: any, deprecatedLegacyContext?: any) => ReactNode'.
[21:34:39.712]       Type 'Element | null' is not assignable to type 'ReactNode'.
[21:34:39.712]         Type 'Element' is not assignable to type 'ReactNode'.
[21:34:39.712]           Property 'children' is missing in type 'Element' but required in type 'ReactPortal'.
[21:34:39.712] src/pages/Developers.tsx(192,15): error TS2559: Type 'ReactElement<any, any>' has no properties in common with type 'ReactNode'.
[21:34:39.712] src/pages/Developers.tsx(193,18): error TS2786: 'Heading' cannot be used as a JSX component.
[21:34:39.712]   Its type 'ComponentType<HeadingProps>' is not a valid JSX element type.
[21:34:39.712]     Type 'ComponentType<HeadingProps>' is not assignable to type '(props: any, deprecatedLegacyContext?: any) => ReactNode'.
[21:34:39.712]       Type 'Element | null' is not assignable to type 'ReactNode'.
[21:34:39.712]         Type 'Element' is not assignable to type 'ReactNode'.
[21:34:39.712]           Property 'children' is missing in type 'Element' but required in type 'ReactPortal'.
[21:34:39.712] src/pages/Developers.tsx(193,98): error TS2559: Type 'string' has no properties in common with type 'ReactNode'.
[21:34:39.712] src/pages/Developers.tsx(217,14): error TS2746: This JSX tag's 'children' prop expects a single child of type 'ReactNode | undefined', but multiple children were provided.
[21:34:39.712] src/pages/Developers.tsx(217,14): error TS2786: 'VStack' cannot be used as a JSX component.
[21:34:39.712]   Its type 'ComponentType<VStackProps>' is not a valid JSX element type.
[21:34:39.712]     Type 'ComponentType<VStackProps>' is not assignable to type '(props: any, deprecatedLegacyContext?: any) => ReactNode'.
[21:34:39.712]       Type 'Element | null' is not assignable to type 'ReactNode'.
[21:34:39.712]         Type 'Element' is not assignable to type 'ReactNode'.
[21:34:39.712]           Property 'children' is missing in type 'Element' but required in type 'ReactPortal'.
[21:34:39.712] src/pages/Developers.tsx(218,16): error TS2786: 'Heading' cannot be used as a JSX component.
[21:34:39.712]   Its type 'ComponentType<HeadingProps>' is not a valid JSX element type.
[21:34:39.712]     Type 'ComponentType<HeadingProps>' is not assignable to type '(props: any, deprecatedLegacyContext?: any) => ReactNode'.
[21:34:39.712]       Type 'Element | null' is not assignable to type 'ReactNode'.
[21:34:39.713]         Type 'Element' is not assignable to type 'ReactNode'.
[21:34:39.713]           Property 'children' is missing in type 'Element' but required in type 'ReactPortal'.
[21:34:39.713] src/pages/Developers.tsx(218,49): error TS2559: Type 'string' has no properties in common with type 'ReactNode'.
[21:34:39.713] src/pages/Developers.tsx(219,16): error TS2786: 'Text' cannot be used as a JSX component.
[21:34:39.713]   Its type 'ComponentType<TextProps>' is not a valid JSX element type.
[21:34:39.713]     Type 'ComponentType<TextProps>' is not assignable to type '(props: any, deprecatedLegacyContext?: any) => ReactNode'.
[21:34:39.713]       Type 'Element | null' is not assignable to type 'ReactNode'.
[21:34:39.713]         Type 'Element' is not assignable to type 'ReactNode'.
[21:34:39.713]           Property 'children' is missing in type 'Element' but required in type 'ReactPortal'.
[21:34:39.713] src/pages/Developers.tsx(219,59): error TS2559: Type 'string' has no properties in common with type 'ReactNode'.
[21:34:39.713] src/pages/Developers.tsx(225,14): error TS2786: 'Box' cannot be used as a JSX component.
[21:34:39.713]   Its type 'ComponentType<BoxProps>' is not a valid JSX element type.
[21:34:39.713]     Type 'ComponentType<BoxProps>' is not assignable to type '(props: any, deprecatedLegacyContext?: any) => ReactNode'.
[21:34:39.713]       Type 'Element | null' is not assignable to type 'ReactNode'.
[21:34:39.713]         Type 'Element' is not assignable to type 'ReactNode'.
[21:34:39.713]           Property 'children' is missing in type 'Element' but required in type 'ReactPortal'.
[21:34:39.713] src/pages/Developers.tsx(232,15): error TS2559: Type 'ReactElement<any, any>' has no properties in common with type 'ReactNode'.
[21:34:39.713] src/pages/Developers.tsx(232,16): error TS2746: This JSX tag's 'children' prop expects a single child of type 'ReactNode | undefined', but multiple children were provided.
[21:34:39.713] src/pages/Developers.tsx(232,16): error TS2786: 'VStack' cannot be used as a JSX component.
[21:34:39.713]   Its type 'ComponentType<VStackProps>' is not a valid JSX element type.
[21:34:39.713]     Type 'ComponentType<VStackProps>' is not assignable to type '(props: any, deprecatedLegacyContext?: any) => ReactNode'.
[21:34:39.713]       Type 'Element | null' is not assignable to type 'ReactNode'.
[21:34:39.713]         Type 'Element' is not assignable to type 'ReactNode'.
[21:34:39.713]           Property 'children' is missing in type 'Element' but required in type 'ReactPortal'.
[21:34:39.713] src/pages/Developers.tsx(233,18): error TS2786: 'Heading' cannot be used as a JSX component.
[21:34:39.713]   Its type 'ComponentType<HeadingProps>' is not a valid JSX element type.
[21:34:39.713]     Type 'ComponentType<HeadingProps>' is not assignable to type '(props: any, deprecatedLegacyContext?: any) => ReactNode'.
[21:34:39.713]       Type 'Element | null' is not assignable to type 'ReactNode'.
[21:34:39.713]         Type 'Element' is not assignable to type 'ReactNode'.
[21:34:39.713]           Property 'children' is missing in type 'Element' but required in type 'ReactPortal'.
[21:34:39.713] src/pages/Developers.tsx(233,50): error TS2559: Type 'string' has no properties in common with type 'ReactNode'.
[21:34:39.713] src/pages/Developers.tsx(244,18): error TS2786: 'Text' cannot be used as a JSX component.
[21:34:39.713]   Its type 'ComponentType<TextProps>' is not a valid JSX element type.
[21:34:39.713]     Type 'ComponentType<TextProps>' is not assignable to type '(props: any, deprecatedLegacyContext?: any) => ReactNode'.
[21:34:39.713]       Type 'Element | null' is not assignable to type 'ReactNode'.
[21:34:39.713]         Type 'Element' is not assignable to type 'ReactNode'.
[21:34:39.713]           Property 'children' is missing in type 'Element' but required in type 'ReactPortal'.
[21:34:39.713] src/pages/Developers.tsx(244,47): error TS2559: Type 'string' has no properties in common with type 'ReactNode'.
[21:34:39.713] src/pages/Developers.tsx(264,14): error TS2746: This JSX tag's 'children' prop expects a single child of type 'ReactNode | undefined', but multiple children were provided.
[21:34:39.713] src/pages/Developers.tsx(264,14): error TS2786: 'VStack' cannot be used as a JSX component.
[21:34:39.713]   Its type 'ComponentType<VStackProps>' is not a valid JSX element type.
[21:34:39.713]     Type 'ComponentType<VStackProps>' is not assignable to type '(props: any, deprecatedLegacyContext?: any) => ReactNode'.
[21:34:39.713]       Type 'Element | null' is not assignable to type 'ReactNode'.
[21:34:39.713]         Type 'Element' is not assignable to type 'ReactNode'.
[21:34:39.713]           Property 'children' is missing in type 'Element' but required in type 'ReactPortal'.
[21:34:39.713] src/pages/Developers.tsx(265,16): error TS2786: 'Heading' cannot be used as a JSX component.
[21:34:39.713]   Its type 'ComponentType<HeadingProps>' is not a valid JSX element type.
[21:34:39.713]     Type 'ComponentType<HeadingProps>' is not assignable to type '(props: any, deprecatedLegacyContext?: any) => ReactNode'.
[21:34:39.713]       Type 'Element | null' is not assignable to type 'ReactNode'.
[21:34:39.713]         Type 'Element' is not assignable to type 'ReactNode'.
[21:34:39.713]           Property 'children' is missing in type 'Element' but required in type 'ReactPortal'.
[21:34:39.713] src/pages/Developers.tsx(265,48): error TS2559: Type 'string' has no properties in common with type 'ReactNode'.
[21:34:39.713] src/pages/Developers.tsx(268,20): error TS2786: 'Box' cannot be used as a JSX component.
[21:34:39.713]   Its type 'ComponentType<BoxProps>' is not a valid JSX element type.
[21:34:39.714]     Type 'ComponentType<BoxProps>' is not assignable to type '(props: any, deprecatedLegacyContext?: any) => ReactNode'.
[21:34:39.714]       Type 'Element | null' is not assignable to type 'ReactNode'.
[21:34:39.714]         Type 'Element' is not assignable to type 'ReactNode'.
[21:34:39.714]           Property 'children' is missing in type 'Element' but required in type 'ReactPortal'.
[21:34:39.714] src/pages/Developers.tsx(282,21): error TS2559: Type 'ReactElement<any, any>' has no properties in common with type 'ReactNode'.
[21:34:39.714] src/pages/Developers.tsx(282,22): error TS2746: This JSX tag's 'children' prop expects a single child of type 'ReactNode | undefined', but multiple children were provided.
[21:34:39.714] src/pages/Developers.tsx(282,22): error TS2786: 'VStack' cannot be used as a JSX component.
[21:34:39.714]   Its type 'ComponentType<VStackProps>' is not a valid JSX element type.
[21:34:39.714]     Type 'ComponentType<VStackProps>' is not assignable to type '(props: any, deprecatedLegacyContext?: any) => ReactNode'.
[21:34:39.714]       Type 'Element | null' is not assignable to type 'ReactNode'.
[21:34:39.714]         Type 'Element' is not assignable to type 'ReactNode'.
[21:34:39.714]           Property 'children' is missing in type 'Element' but required in type 'ReactPortal'.
[21:34:39.714] src/pages/Developers.tsx(284,26): error TS2786: 'Icon' cannot be used as a JSX component.
[21:34:39.714]   Its type 'ComponentType<IconProps>' is not a valid JSX element type.
[21:34:39.714]     Type 'ComponentType<IconProps>' is not assignable to type '(props: any, deprecatedLegacyContext?: any) => ReactNode'.
[21:34:39.714]       Type 'Element | null' is not assignable to type 'ReactNode'.
[21:34:39.714]         Type 'Element' is not assignable to type 'ReactNode'.
[21:34:39.714]           Property 'children' is missing in type 'Element' but required in type 'ReactPortal'.
[21:34:39.714] src/pages/Developers.tsx(284,31): error TS2322: Type 'ComponentType<IconProps>' is not assignable to type 'ComponentType | undefined'.
[21:34:39.714]   Type 'ComponentClass<IconProps, any>' is not assignable to type 'ComponentType'.
[21:34:39.714]     Type 'ComponentClass<IconProps, any>' provides no match for the signature '(props: {}): Element | null'.
[21:34:39.714] src/pages/Developers.tsx(285,26): error TS2786: 'Heading' cannot be used as a JSX component.
[21:34:39.714]   Its type 'ComponentType<HeadingProps>' is not a valid JSX element type.
[21:34:39.714]     Type 'ComponentType<HeadingProps>' is not assignable to type '(props: any, deprecatedLegacyContext?: any) => ReactNode'.
[21:34:39.714]       Type 'Element | null' is not assignable to type 'ReactNode'.
[21:34:39.714]         Type 'Element' is not assignable to type 'ReactNode'.
[21:34:39.714]           Property 'children' is missing in type 'Element' but required in type 'ReactPortal'.
[21:34:39.714] src/pages/Developers.tsx(286,27): error TS2559: Type 'string' has no properties in common with type 'ReactNode'.
[21:34:39.714] src/pages/Developers.tsx(294,24): error TS2786: 'Text' cannot be used as a JSX component.
[21:34:39.714]   Its type 'ComponentType<TextProps>' is not a valid JSX element type.
[21:34:39.714]     Type 'ComponentType<TextProps>' is not assignable to type '(props: any, deprecatedLegacyContext?: any) => ReactNode'.
[21:34:39.714]       Type 'Element | null' is not assignable to type 'ReactNode'.
[21:34:39.714]         Type 'Element' is not assignable to type 'ReactNode'.
[21:34:39.714]           Property 'children' is missing in type 'Element' but required in type 'ReactPortal'.
[21:34:39.714] src/pages/Developers.tsx(295,25): error TS2559: Type 'string' has no properties in common with type 'ReactNode'.
[21:34:39.714] src/pages/Developers.tsx(297,24): error TS2786: 'Button' cannot be used as a JSX component.
[21:34:39.714]   Its type 'ComponentType<ButtonProps>' is not a valid JSX element type.
[21:34:39.714]     Type 'ComponentType<ButtonProps>' is not assignable to type '(props: any, deprecatedLegacyContext?: any) => ReactNode'.
[21:34:39.714]       Type 'Element | null' is not assignable to type 'ReactNode'.
[21:34:39.714]         Type 'Element' is not assignable to type 'ReactNode'.
[21:34:39.714]           Property 'children' is missing in type 'Element' but required in type 'ReactPortal'.
[21:34:39.714] src/pages/Developers.tsx(303,24): error TS2559: Type 'string' has no properties in common with type 'ReactNode'.
[21:34:39.714] src/pages/Developers.tsx(313,14): error TS2786: 'Box' cannot be used as a JSX component.
[21:34:39.714]   Its type 'ComponentType<BoxProps>' is not a valid JSX element type.
[21:34:39.714]     Type 'ComponentType<BoxProps>' is not assignable to type '(props: any, deprecatedLegacyContext?: any) => ReactNode'.
[21:34:39.714]       Type 'Element | null' is not assignable to type 'ReactNode'.
[21:34:39.714]         Type 'Element' is not assignable to type 'ReactNode'.
[21:34:39.719]           Property 'children' is missing in type 'Element' but required in type 'ReactPortal'.
[21:34:39.719] src/pages/Developers.tsx(320,15): error TS2559: Type 'ReactElement<any, any>' has no properties in common with type 'ReactNode'.
[21:34:39.719] src/pages/Developers.tsx(320,16): error TS2746: This JSX tag's 'children' prop expects a single child of type 'ReactNode | undefined', but multiple children were provided.
[21:34:39.719] src/pages/Developers.tsx(320,16): error TS2786: 'VStack' cannot be used as a JSX component.
[21:34:39.719]   Its type 'ComponentType<VStackProps>' is not a valid JSX element type.
[21:34:39.719]     Type 'ComponentType<VStackProps>' is not assignable to type '(props: any, deprecatedLegacyContext?: any) => ReactNode'.
[21:34:39.719]       Type 'Element | null' is not assignable to type 'ReactNode'.
[21:34:39.719]         Type 'Element' is not assignable to type 'ReactNode'.
[21:34:39.720]           Property 'children' is missing in type 'Element' but required in type 'ReactPortal'.
[21:34:39.720] src/pages/Developers.tsx(321,18): error TS2786: 'Heading' cannot be used as a JSX component.
[21:34:39.720]   Its type 'ComponentType<HeadingProps>' is not a valid JSX element type.
[21:34:39.720]     Type 'ComponentType<HeadingProps>' is not assignable to type '(props: any, deprecatedLegacyContext?: any) => ReactNode'.
[21:34:39.720]       Type 'Element | null' is not assignable to type 'ReactNode'.
[21:34:39.720]         Type 'Element' is not assignable to type 'ReactNode'.
[21:34:39.720]           Property 'children' is missing in type 'Element' but required in type 'ReactPortal'.
[21:34:39.720] src/pages/Developers.tsx(321,50): error TS2559: Type 'string' has no properties in common with type 'ReactNode'.
[21:34:39.720] src/pages/Developers.tsx(322,18): error TS2786: 'Text' cannot be used as a JSX component.
[21:34:39.720]   Its type 'ComponentType<TextProps>' is not a valid JSX element type.
[21:34:39.720]     Type 'ComponentType<TextProps>' is not assignable to type '(props: any, deprecatedLegacyContext?: any) => ReactNode'.
[21:34:39.720]       Type 'Element | null' is not assignable to type 'ReactNode'.
[21:34:39.720]         Type 'Element' is not assignable to type 'ReactNode'.
[21:34:39.720]           Property 'children' is missing in type 'Element' but required in type 'ReactPortal'.
[21:34:39.720] src/pages/Developers.tsx(322,47): error TS2559: Type 'string' has no properties in common with type 'ReactNode'.
[21:34:39.720] src/pages/Developers.tsx(326,20): error TS2786: 'Button' cannot be used as a JSX component.
[21:34:39.720]   Its type 'ComponentType<ButtonProps>' is not a valid JSX element type.
[21:34:39.720]     Type 'ComponentType<ButtonProps>' is not assignable to type '(props: any, deprecatedLegacyContext?: any) => ReactNode'.
[21:34:39.720]       Type 'Element | null' is not assignable to type 'ReactNode'.
[21:34:39.720]         Type 'Element' is not assignable to type 'ReactNode'.
[21:34:39.720]           Property 'children' is missing in type 'Element' but required in type 'ReactPortal'.
[21:34:39.720] src/pages/Developers.tsx(331,20): error TS2559: Type 'string' has no properties in common with type 'ReactNode'.
[21:34:39.720] src/pages/Developers.tsx(334,20): error TS2786: 'Button' cannot be used as a JSX component.
[21:34:39.720]   Its type 'ComponentType<ButtonProps>' is not a valid JSX element type.
[21:34:39.720]     Type 'ComponentType<ButtonProps>' is not assignable to type '(props: any, deprecatedLegacyContext?: any) => ReactNode'.
[21:34:39.720]       Type 'Element | null' is not assignable to type 'ReactNode'.
[21:34:39.720]         Type 'Element' is not assignable to type 'ReactNode'.
[21:34:39.720]           Property 'children' is missing in type 'Element' but required in type 'ReactPortal'.
[21:34:39.720] src/pages/Developers.tsx(339,20): error TS2559: Type 'string' has no properties in common with type 'ReactNode'.
[21:34:39.720] src/pages/Developers.tsx(353,4): error TS2786: 'Box' cannot be used as a JSX component.
[21:34:39.720]   Its type 'ComponentType<BoxProps>' is not a valid JSX element type.
[21:34:39.720]     Type 'ComponentType<BoxProps>' is not assignable to type '(props: any, deprecatedLegacyContext?: any) => ReactNode'.
[21:34:39.720]       Type 'Element | null' is not assignable to type 'ReactNode'.
[21:34:39.721]         Type 'Element' is not assignable to type 'ReactNode'.
[21:34:39.721]           Property 'children' is missing in type 'Element' but required in type 'ReactPortal'.
[21:34:39.721] src/pages/Developers.tsx(360,5): error TS2559: Type 'ReactElement<any, any>' has no properties in common with type 'ReactNode'.
[21:34:39.721] src/pages/Developers.tsx(360,6): error TS2746: This JSX tag's 'children' prop expects a single child of type 'ReactNode | undefined', but multiple children were provided.
[21:34:39.721] src/pages/Developers.tsx(360,6): error TS2786: 'VStack' cannot be used as a JSX component.
[21:34:39.721]   Its type 'ComponentType<VStackProps>' is not a valid JSX element type.
[21:34:39.721]     Type 'ComponentType<VStackProps>' is not assignable to type '(props: any, deprecatedLegacyContext?: any) => ReactNode'.
[21:34:39.721]       Type 'Element | null' is not assignable to type 'ReactNode'.
[21:34:39.721]         Type 'Element' is not assignable to type 'ReactNode'.
[21:34:39.721]           Property 'children' is missing in type 'Element' but required in type 'ReactPortal'.
[21:34:39.721] src/pages/Developers.tsx(361,8): error TS2786: 'Icon' cannot be used as a JSX component.
[21:34:39.721]   Its type 'ComponentType<IconProps>' is not a valid JSX element type.
[21:34:39.721]     Type 'ComponentType<IconProps>' is not assignable to type '(props: any, deprecatedLegacyContext?: any) => ReactNode'.
[21:34:39.721]       Type 'Element | null' is not assignable to type 'ReactNode'.
[21:34:39.721]         Type 'Element' is not assignable to type 'ReactNode'.
[21:34:39.721]           Property 'children' is missing in type 'Element' but required in type 'ReactPortal'.
[21:34:39.721] src/pages/Developers.tsx(361,13): error TS2322: Type 'ComponentType<IconProps>' is not assignable to type 'ComponentType | undefined'.
[21:34:39.721]   Type 'ComponentClass<IconProps, any>' is not assignable to type 'ComponentType'.
[21:34:39.721]     Type 'ComponentClass<IconProps, any>' provides no match for the signature '(props: {}): Element | null'.
[21:34:39.721] src/pages/Developers.tsx(362,8): error TS2786: 'Text' cannot be used as a JSX component.
[21:34:39.721]   Its type 'ComponentType<TextProps>' is not a valid JSX element type.
[21:34:39.721]     Type 'ComponentType<TextProps>' is not assignable to type '(props: any, deprecatedLegacyContext?: any) => ReactNode'.
[21:34:39.721]       Type 'Element | null' is not assignable to type 'ReactNode'.
[21:34:39.721]         Type 'Element' is not assignable to type 'ReactNode'.
[21:34:39.721]           Property 'children' is missing in type 'Element' but required in type 'ReactPortal'.
[21:34:39.721] src/pages/Developers.tsx(362,51): error TS2559: Type 'string' has no properties in common with type 'ReactNode'.
[21:34:39.722] src/pages/Developers.tsx(363,8): error TS2786: 'Heading' cannot be used as a JSX component.
[21:34:39.722]   Its type 'ComponentType<HeadingProps>' is not a valid JSX element type.
[21:34:39.722]     Type 'ComponentType<HeadingProps>' is not assignable to type '(props: any, deprecatedLegacyContext?: any) => ReactNode'.
[21:34:39.722]       Type 'Element | null' is not assignable to type 'ReactNode'.
[21:34:39.726]         Type 'Element' is not assignable to type 'ReactNode'.
[21:34:39.726]           Property 'children' is missing in type 'Element' but required in type 'ReactPortal'.
[21:34:39.727] src/pages/Developers.tsx(363,40): error TS2559: Type 'string' has no properties in common with type 'ReactNode'.
[21:34:39.727] src/pages/Developers.tsx(364,8): error TS2786: 'Text' cannot be used as a JSX component.
[21:34:39.727]   Its type 'ComponentType<TextProps>' is not a valid JSX element type.
[21:34:39.727]     Type 'ComponentType<TextProps>' is not assignable to type '(props: any, deprecatedLegacyContext?: any) => ReactNode'.
[21:34:39.727]       Type 'Element | null' is not assignable to type 'ReactNode'.
[21:34:39.727]         Type 'Element' is not assignable to type 'ReactNode'.
[21:34:39.727]           Property 'children' is missing in type 'Element' but required in type 'ReactPortal'.
[21:34:39.727] src/pages/Developers.tsx(364,46): error TS2559: Type 'string' has no properties in common with type 'ReactNode'.
[21:34:39.727] src/pages/Developers.tsx(370,4): error TS2786: 'Box' cannot be used as a JSX component.
[21:34:39.727]   Its type 'ComponentType<BoxProps>' is not a valid JSX element type.
[21:34:39.727]     Type 'ComponentType<BoxProps>' is not assignable to type '(props: any, deprecatedLegacyContext?: any) => ReactNode'.
[21:34:39.727]       Type 'Element | null' is not assignable to type 'ReactNode'.
[21:34:39.727]         Type 'Element' is not assignable to type 'ReactNode'.
[21:34:39.727]           Property 'children' is missing in type 'Element' but required in type 'ReactPortal'.
[21:34:39.727] src/pages/Developers.tsx(377,5): error TS2559: Type 'ReactElement<any, any>' has no properties in common with type 'ReactNode'.
[21:34:39.727] src/pages/Developers.tsx(377,6): error TS2746: This JSX tag's 'children' prop expects a single child of type 'ReactNode | undefined', but multiple children were provided.
[21:34:39.727] src/pages/Developers.tsx(377,6): error TS2786: 'VStack' cannot be used as a JSX component.
[21:34:39.727]   Its type 'ComponentType<VStackProps>' is not a valid JSX element type.
[21:34:39.727]     Type 'ComponentType<VStackProps>' is not assignable to type '(props: any, deprecatedLegacyContext?: any) => ReactNode'.
[21:34:39.727]       Type 'Element | null' is not assignable to type 'ReactNode'.
[21:34:39.727]         Type 'Element' is not assignable to type 'ReactNode'.
[21:34:39.727]           Property 'children' is missing in type 'Element' but required in type 'ReactPortal'.
[21:34:39.727] src/pages/Developers.tsx(378,8): error TS2786: 'Icon' cannot be used as a JSX component.
[21:34:39.727]   Its type 'ComponentType<IconProps>' is not a valid JSX element type.
[21:34:39.727]     Type 'ComponentType<IconProps>' is not assignable to type '(props: any, deprecatedLegacyContext?: any) => ReactNode'.
[21:34:39.727]       Type 'Element | null' is not assignable to type 'ReactNode'.
[21:34:39.727]         Type 'Element' is not assignable to type 'ReactNode'.
[21:34:39.727]           Property 'children' is missing in type 'Element' but required in type 'ReactPortal'.
[21:34:39.727] src/pages/Developers.tsx(378,13): error TS2322: Type 'ComponentType<IconProps>' is not assignable to type 'ComponentType | undefined'.
[21:34:39.727]   Type 'ComponentClass<IconProps, any>' is not assignable to type 'ComponentType'.
[21:34:39.727]     Type 'ComponentClass<IconProps, any>' provides no match for the signature '(props: {}): Element | null'.
[21:34:39.727] src/pages/Developers.tsx(379,8): error TS2786: 'Heading' cannot be used as a JSX component.
[21:34:39.727]   Its type 'ComponentType<HeadingProps>' is not a valid JSX element type.
[21:34:39.727]     Type 'ComponentType<HeadingProps>' is not assignable to type '(props: any, deprecatedLegacyContext?: any) => ReactNode'.
[21:34:39.728]       Type 'Element | null' is not assignable to type 'ReactNode'.
[21:34:39.728]         Type 'Element' is not assignable to type 'ReactNode'.
[21:34:39.728]           Property 'children' is missing in type 'Element' but required in type 'ReactPortal'.
[21:34:39.728] src/pages/Developers.tsx(379,40): error TS2559: Type 'string' has no properties in common with type 'ReactNode'.
[21:34:39.728] src/pages/Developers.tsx(380,8): error TS2786: 'Text' cannot be used as a JSX component.
[21:34:39.728]   Its type 'ComponentType<TextProps>' is not a valid JSX element type.
[21:34:39.728]     Type 'ComponentType<TextProps>' is not assignable to type '(props: any, deprecatedLegacyContext?: any) => ReactNode'.
[21:34:39.728]       Type 'Element | null' is not assignable to type 'ReactNode'.
[21:34:39.728]         Type 'Element' is not assignable to type 'ReactNode'.
[21:34:39.728]           Property 'children' is missing in type 'Element' but required in type 'ReactPortal'.
[21:34:39.728] src/pages/Developers.tsx(380,37): error TS2559: Type 'string' has no properties in common with type 'ReactNode'.
[21:34:39.728] src/pages/Geography.tsx(6,3): error TS2305: Module '"@chakra-ui/react"' has no exported member 'SimpleGrid'.
[21:34:39.728] src/pages/Geography.tsx(7,3): error TS2724: '"@chakra-ui/react"' has no exported member named 'HStack'. Did you mean 'VStack'?
[21:34:39.728] src/pages/Geography.tsx(8,3): error TS2305: Module '"@chakra-ui/react"' has no exported member 'Progress'.
[21:34:39.728] src/pages/Geography.tsx(9,3): error TS2305: Module '"@chakra-ui/react"' has no exported member 'useColorModeValue'.
[21:34:39.728] src/pages/Geography.tsx(15,7): error TS6133: 'MotionBox' is declared but its value is never read.
[21:34:39.728] src/pages/Geography.tsx(23,7): error TS2559: Type 'ReactElement<any, any>' has no properties in common with type 'ReactNode'.
[21:34:39.728] src/pages/Geography.tsx(23,8): error TS2746: This JSX tag's 'children' prop expects a single child of type 'ReactNode | undefined', but multiple children were provided.
[21:34:39.728] src/pages/Geography.tsx(23,8): error TS2786: 'VStack' cannot be used as a JSX component.
[21:34:39.728]   Its type 'ComponentType<VStackProps>' is not a valid JSX element type.
[21:34:39.728]     Type 'ComponentType<VStackProps>' is not assignable to type '(props: any, deprecatedLegacyContext?: any) => ReactNode'.
[21:34:39.728]       Type 'Element | null' is not assignable to type 'ReactNode'.
[21:34:39.728]         Type 'Element' is not assignable to type 'ReactNode'.
[21:34:39.728]           Property 'children' is missing in type 'Element' but required in type 'ReactPortal'.
[21:34:39.728] src/pages/Geography.tsx(24,10): error TS2746: This JSX tag's 'children' prop expects a single child of type 'ReactNode | undefined', but multiple children were provided.
[21:34:39.728] src/pages/Geography.tsx(24,10): error TS2786: 'Box' cannot be used as a JSX component.
[21:34:39.728]   Its type 'ComponentType<BoxProps>' is not a valid JSX element type.
[21:34:39.728]     Type 'ComponentType<BoxProps>' is not assignable to type '(props: any, deprecatedLegacyContext?: any) => ReactNode'.
[21:34:39.728]       Type 'Element | null' is not assignable to type 'ReactNode'.
[21:34:39.728]         Type 'Element' is not assignable to type 'ReactNode'.
[21:34:39.728]           Property 'children' is missing in type 'Element' but required in type 'ReactPortal'.
[21:34:39.728] src/pages/Geography.tsx(25,12): error TS2786: 'Heading' cannot be used as a JSX component.
[21:34:39.728]   Its type 'ComponentType<HeadingProps>' is not a valid JSX element type.
[21:34:39.729]     Type 'ComponentType<HeadingProps>' is not assignable to type '(props: any, deprecatedLegacyContext?: any) => ReactNode'.
[21:34:39.729]       Type 'Element | null' is not assignable to type 'ReactNode'.
[21:34:39.729]         Type 'Element' is not assignable to type 'ReactNode'.
[21:34:39.729]           Property 'children' is missing in type 'Element' but required in type 'ReactPortal'.
[21:34:39.729] src/pages/Geography.tsx(25,55): error TS2559: Type 'string' has no properties in common with type 'ReactNode'.
[21:34:39.729] src/pages/Geography.tsx(26,12): error TS2786: 'Text' cannot be used as a JSX component.
[21:34:39.729]   Its type 'ComponentType<TextProps>' is not a valid JSX element type.
[21:34:39.729]     Type 'ComponentType<TextProps>' is not assignable to type '(props: any, deprecatedLegacyContext?: any) => ReactNode'.
[21:34:39.729]       Type 'Element | null' is not assignable to type 'ReactNode'.
[21:34:39.729]         Type 'Element' is not assignable to type 'ReactNode'.
[21:34:39.729]           Property 'children' is missing in type 'Element' but required in type 'ReactPortal'.
[21:34:39.729] src/pages/Geography.tsx(26,41): error TS2559: Type 'string' has no properties in common with type 'ReactNode'.
[21:34:39.729] src/pages/Geography.tsx(30,12): error TS2746: This JSX tag's 'children' prop expects a single child of type 'ReactNode | undefined', but multiple children were provided.
[21:34:39.729] src/pages/Geography.tsx(30,12): error TS2786: 'Box' cannot be used as a JSX component.
[21:34:39.729]   Its type 'ComponentType<BoxProps>' is not a valid JSX element type.
[21:34:39.729]     Type 'ComponentType<BoxProps>' is not assignable to type '(props: any, deprecatedLegacyContext?: any) => ReactNode'.
[21:34:39.729]       Type 'Element | null' is not assignable to type 'ReactNode'.
[21:34:39.729]         Type 'Element' is not assignable to type 'ReactNode'.
[21:34:39.729]           Property 'children' is missing in type 'Element' but required in type 'ReactPortal'.
[21:34:39.729] src/pages/Geography.tsx(37,14): error TS2786: 'Heading' cannot be used as a JSX component.
[21:34:39.729]   Its type 'ComponentType<HeadingProps>' is not a valid JSX element type.
[21:34:39.729]     Type 'ComponentType<HeadingProps>' is not assignable to type '(props: any, deprecatedLegacyContext?: any) => ReactNode'.
[21:34:39.729]       Type 'Element | null' is not assignable to type 'ReactNode'.
[21:34:39.729]         Type 'Element' is not assignable to type 'ReactNode'.
[21:34:39.729]           Property 'children' is missing in type 'Element' but required in type 'ReactPortal'.
[21:34:39.729] src/pages/Geography.tsx(37,74): error TS2559: Type 'string' has no properties in common with type 'ReactNode'.
[21:34:39.729] src/pages/Geography.tsx(38,14): error TS2786: 'VStack' cannot be used as a JSX component.
[21:34:39.732]   Its type 'ComponentType<VStackProps>' is not a valid JSX element type.
[21:34:39.732]     Type 'ComponentType<VStackProps>' is not assignable to type '(props: any, deprecatedLegacyContext?: any) => ReactNode'.
[21:34:39.732]       Type 'Element | null' is not assignable to type 'ReactNode'.
[21:34:39.732]         Type 'Element' is not assignable to type 'ReactNode'.
[21:34:39.732]           Property 'children' is missing in type 'Element' but required in type 'ReactPortal'.
[21:34:39.732] src/pages/Geography.tsx(39,15): error TS2559: Type 'Element[]' has no properties in common with type 'ReactNode'.
[21:34:39.732] src/pages/Geography.tsx(40,18): error TS2746: This JSX tag's 'children' prop expects a single child of type 'ReactNode | undefined', but multiple children were provided.
[21:34:39.732] src/pages/Geography.tsx(40,18): error TS2786: 'Box' cannot be used as a JSX component.
[21:34:39.732]   Its type 'ComponentType<BoxProps>' is not a valid JSX element type.
[21:34:39.732]     Type 'ComponentType<BoxProps>' is not assignable to type '(props: any, deprecatedLegacyContext?: any) => ReactNode'.
[21:34:39.732]       Type 'Element | null' is not assignable to type 'ReactNode'.
[21:34:39.732]         Type 'Element' is not assignable to type 'ReactNode'.
[21:34:39.732]           Property 'children' is missing in type 'Element' but required in type 'ReactPortal'.
[21:34:39.732] src/pages/Geography.tsx(42,22): error TS2786: 'Text' cannot be used as a JSX component.
[21:34:39.732]   Its type 'ComponentType<TextProps>' is not a valid JSX element type.
[21:34:39.732]     Type 'ComponentType<TextProps>' is not assignable to type '(props: any, deprecatedLegacyContext?: any) => ReactNode'.
[21:34:39.732]       Type 'Element | null' is not assignable to type 'ReactNode'.
[21:34:39.732]         Type 'Element' is not assignable to type 'ReactNode'.
[21:34:39.732]           Property 'children' is missing in type 'Element' but required in type 'ReactPortal'.
[21:34:39.732] src/pages/Geography.tsx(42,51): error TS2559: Type 'string' has no properties in common with type 'ReactNode'.
[21:34:39.732] src/pages/Geography.tsx(43,22): error TS2746: This JSX tag's 'children' prop expects a single child of type 'ReactNode | undefined', but multiple children were provided.
[21:34:39.732] src/pages/Geography.tsx(43,22): error TS2786: 'Text' cannot be used as a JSX component.
[21:34:39.732]   Its type 'ComponentType<TextProps>' is not a valid JSX element type.
[21:34:39.732]     Type 'ComponentType<TextProps>' is not assignable to type '(props: any, deprecatedLegacyContext?: any) => ReactNode'.
[21:34:39.732]       Type 'Element | null' is not assignable to type 'ReactNode'.
[21:34:39.732]         Type 'Element' is not assignable to type 'ReactNode'.
[21:34:39.732]           Property 'children' is missing in type 'Element' but required in type 'ReactPortal'.
[21:34:39.732] src/pages/Geography.tsx(51,12): error TS2746: This JSX tag's 'children' prop expects a single child of type 'ReactNode | undefined', but multiple children were provided.
[21:34:39.732] src/pages/Geography.tsx(51,12): error TS2786: 'Box' cannot be used as a JSX component.
[21:34:39.732]   Its type 'ComponentType<BoxProps>' is not a valid JSX element type.
[21:34:39.732]     Type 'ComponentType<BoxProps>' is not assignable to type '(props: any, deprecatedLegacyContext?: any) => ReactNode'.
[21:34:39.732]       Type 'Element | null' is not assignable to type 'ReactNode'.
[21:34:39.732]         Type 'Element' is not assignable to type 'ReactNode'.
[21:34:39.732]           Property 'children' is missing in type 'Element' but required in type 'ReactPortal'.
[21:34:39.732] src/pages/Geography.tsx(58,14): error TS2786: 'Heading' cannot be used as a JSX component.
[21:34:39.732]   Its type 'ComponentType<HeadingProps>' is not a valid JSX element type.
[21:34:39.732]     Type 'ComponentType<HeadingProps>' is not assignable to type '(props: any, deprecatedLegacyContext?: any) => ReactNode'.
[21:34:39.732]       Type 'Element | null' is not assignable to type 'ReactNode'.
[21:34:39.732]         Type 'Element' is not assignable to type 'ReactNode'.
[21:34:39.732]           Property 'children' is missing in type 'Element' but required in type 'ReactPortal'.
[21:34:39.732] src/pages/Geography.tsx(58,74): error TS2559: Type 'string' has no properties in common with type 'ReactNode'.
[21:34:39.732] src/pages/Geography.tsx(59,14): error TS2786: 'VStack' cannot be used as a JSX component.
[21:34:39.732]   Its type 'ComponentType<VStackProps>' is not a valid JSX element type.
[21:34:39.732]     Type 'ComponentType<VStackProps>' is not assignable to type '(props: any, deprecatedLegacyContext?: any) => ReactNode'.
[21:34:39.732]       Type 'Element | null' is not assignable to type 'ReactNode'.
[21:34:39.732]         Type 'Element' is not assignable to type 'ReactNode'.
[21:34:39.732]           Property 'children' is missing in type 'Element' but required in type 'ReactPortal'.
[21:34:39.732] src/pages/Geography.tsx(60,15): error TS2559: Type 'Element[]' has no properties in common with type 'ReactNode'.
[21:34:39.732] src/pages/Geography.tsx(61,18): error TS2746: This JSX tag's 'children' prop expects a single child of type 'ReactNode | undefined', but multiple children were provided.
[21:34:39.733] src/pages/Geography.tsx(61,18): error TS2786: 'Box' cannot be used as a JSX component.
[21:34:39.733]   Its type 'ComponentType<BoxProps>' is not a valid JSX element type.
[21:34:39.733]     Type 'ComponentType<BoxProps>' is not assignable to type '(props: any, deprecatedLegacyContext?: any) => ReactNode'.
[21:34:39.733]       Type 'Element | null' is not assignable to type 'ReactNode'.
[21:34:39.733]         Type 'Element' is not assignable to type 'ReactNode'.
[21:34:39.733]           Property 'children' is missing in type 'Element' but required in type 'ReactPortal'.
[21:34:39.733] src/pages/Geography.tsx(63,22): error TS2786: 'Text' cannot be used as a JSX component.
[21:34:39.733]   Its type 'ComponentType<TextProps>' is not a valid JSX element type.
[21:34:39.733]     Type 'ComponentType<TextProps>' is not assignable to type '(props: any, deprecatedLegacyContext?: any) => ReactNode'.
[21:34:39.733]       Type 'Element | null' is not assignable to type 'ReactNode'.
[21:34:39.733]         Type 'Element' is not assignable to type 'ReactNode'.
[21:34:39.733]           Property 'children' is missing in type 'Element' but required in type 'ReactPortal'.
[21:34:39.733] src/pages/Geography.tsx(63,51): error TS2559: Type 'string' has no properties in common with type 'ReactNode'.
[21:34:39.733] src/pages/Geography.tsx(64,22): error TS2746: This JSX tag's 'children' prop expects a single child of type 'ReactNode | undefined', but multiple children were provided.
[21:34:39.733] src/pages/Geography.tsx(64,22): error TS2786: 'Text' cannot be used as a JSX component.
[21:34:39.733]   Its type 'ComponentType<TextProps>' is not a valid JSX element type.
[21:34:39.733]     Type 'ComponentType<TextProps>' is not assignable to type '(props: any, deprecatedLegacyContext?: any) => ReactNode'.
[21:34:39.733]       Type 'Element | null' is not assignable to type 'ReactNode'.
[21:34:39.733]         Type 'Element' is not assignable to type 'ReactNode'.
[21:34:39.733]           Property 'children' is missing in type 'Element' but required in type 'ReactPortal'.
[21:34:39.733] src/pages/Home.tsx(3,3): error TS2305: Module '"@chakra-ui/react"' has no exported member 'Container'.
[21:34:39.733] src/pages/Home.tsx(3,3): error TS6133: 'Container' is declared but its value is never read.
[21:34:39.733] src/pages/Home.tsx(7,3): error TS2305: Module '"@chakra-ui/react"' has no exported member 'useColorModeValue'.
[21:34:39.733] src/pages/Home.tsx(8,3): error TS2724: '"@chakra-ui/react"' has no exported member named 'HStack'. Did you mean 'VStack'?
[21:34:39.733] src/pages/Home.tsx(13,3): error TS2305: Module '"@chakra-ui/react"' has no exported member 'Circle'.
[21:34:39.733] src/pages/Home.tsx(14,3): error TS2305: Module '"@chakra-ui/react"' has no exported member 'useToken'.
[21:34:39.733] src/pages/Home.tsx(20,3): error TS2305: Module '"react-icons/fa"' has no exported member 'FaArrowRight'.
[21:34:39.733] src/pages/Home.tsx(22,3): error TS2305: Module '"react-icons/fa"' has no exported member 'FaChartLine'.
[21:34:39.733] src/pages/Home.tsx(23,3): error TS2305: Module '"react-icons/fa"' has no exported member 'FaShieldAlt'.
[21:34:39.733] src/pages/Home.tsx(24,3): error TS2305: Module '"react-icons/fa"' has no exported member 'FaGlobe'.
[21:34:39.733] src/pages/Home.tsx(25,3): error TS2305: Module '"react-icons/fa"' has no exported member 'FaCoins'.
[21:34:39.733] src/pages/Home.tsx(26,3): error TS2305: Module '"react-icons/fa"' has no exported member 'FaUsers'.
[21:34:39.733] src/pages/Home.tsx(27,3): error TS2305: Module '"react-icons/fa"' has no exported member 'FaLock'.
[21:34:39.733] src/pages/Home.tsx(28,3): error TS2305: Module '"react-icons/fa"' has no exported member 'FaRocket'.
[21:34:39.733] src/pages/Home.tsx(70,7): error TS2559: Type 'ReactElement<any, any>' has no properties in common with type 'ReactNode'.
[21:34:39.733] src/pages/Home.tsx(70,8): error TS2746: This JSX tag's 'children' prop expects a single child of type 'ReactNode | undefined', but multiple children were provided.
[21:34:39.733] src/pages/Home.tsx(70,8): error TS2786: 'Box' cannot be used as a JSX component.
[21:34:39.733]   Its type 'ComponentType<BoxProps>' is not a valid JSX element type.
[21:34:39.733]     Type 'ComponentType<BoxProps>' is not assignable to type '(props: any, deprecatedLegacyContext?: any) => ReactNode'.
[21:34:39.733]       Type 'Element | null' is not assignable to type 'ReactNode'.
[21:34:39.733]         Type 'Element' is not assignable to type 'ReactNode'.
[21:34:39.733]           Property 'children' is missing in type 'Element' but required in type 'ReactPortal'.
[21:34:39.733] src/pages/Home.tsx(82,10): error TS2786: 'Box' cannot be used as a JSX component.
[21:34:39.733]   Its type 'ComponentType<BoxProps>' is not a valid JSX element type.
[21:34:39.733]     Type 'ComponentType<BoxProps>' is not assignable to type '(props: any, deprecatedLegacyContext?: any) => ReactNode'.
[21:34:39.733]       Type 'Element | null' is not assignable to type 'ReactNode'.
[21:34:39.733]         Type 'Element' is not assignable to type 'ReactNode'.
[21:34:39.733]           Property 'children' is missing in type 'Element' but required in type 'ReactPortal'.
[21:34:39.733] src/pages/Home.tsx(89,11): error TS2322: Type '{ position: string; top: string; left: string; w: string; h: string; borderRadius: string; bgGradient: string; opacity: string; filter: string; animation: string; }' is not assignable to type 'IntrinsicAttributes & BoxProps'.
[21:34:39.733]   Property 'bgGradient' does not exist on type 'IntrinsicAttributes & BoxProps'.
[21:34:39.733] src/pages/Home.tsx(94,10): error TS2786: 'Box' cannot be used as a JSX component.
[21:34:39.733]   Its type 'ComponentType<BoxProps>' is not a valid JSX element type.
[21:34:39.733]     Type 'ComponentType<BoxProps>' is not assignable to type '(props: any, deprecatedLegacyContext?: any) => ReactNode'.
[21:34:39.737]       Type 'Element | null' is not assignable to type 'ReactNode'.
[21:34:39.737]         Type 'Element' is not assignable to type 'ReactNode'.
[21:34:39.737]           Property 'children' is missing in type 'Element' but required in type 'ReactPortal'.
[21:34:39.737] src/pages/Home.tsx(96,11): error TS2322: Type '{ position: string; bottom: string; right: string; w: string; h: string; borderRadius: string; bgGradient: string; opacity: string; filter: string; animation: string; }' is not assignable to type 'IntrinsicAttributes & BoxProps'.
[21:34:39.737]   Property 'bottom' does not exist on type 'IntrinsicAttributes & BoxProps'.
[21:34:39.737] src/pages/Home.tsx(107,10): error TS2786: 'Box' cannot be used as a JSX component.
[21:34:39.737]   Its type 'ComponentType<BoxProps>' is not a valid JSX element type.
[21:34:39.737]     Type 'ComponentType<BoxProps>' is not assignable to type '(props: any, deprecatedLegacyContext?: any) => ReactNode'.
[21:34:39.737]       Type 'Element | null' is not assignable to type 'ReactNode'.
[21:34:39.737]         Type 'Element' is not assignable to type 'ReactNode'.
[21:34:39.738]           Property 'children' is missing in type 'Element' but required in type 'ReactPortal'.
[21:34:39.738] src/pages/Home.tsx(119,11): error TS2559: Type 'ReactElement<any, any>' has no properties in common with type 'ReactNode'.
[21:34:39.738] src/pages/Home.tsx(119,12): error TS2786: 'Grid' cannot be used as a JSX component.
[21:34:39.738]   Its type 'ComponentType<GridProps>' is not a valid JSX element type.
[21:34:39.738]     Type 'ComponentType<GridProps>' is not assignable to type '(props: any, deprecatedLegacyContext?: any) => ReactNode'.
[21:34:39.738]       Type 'Element | null' is not assignable to type 'ReactNode'.
[21:34:39.738]         Type 'Element' is not assignable to type 'ReactNode'.
[21:34:39.738]           Property 'children' is missing in type 'Element' but required in type 'ReactPortal'.
[21:34:39.738] src/pages/Home.tsx(129,13): error TS2559: Type 'ReactElement<any, any>' has no properties in common with type 'ReactNode'.
[21:34:39.738] src/pages/Home.tsx(129,14): error TS2786: 'GridItem' cannot be used as a JSX component.
[21:34:39.738]   Its type 'ComponentType<GridItemProps>' is not a valid JSX element type.
[21:34:39.738]     Type 'ComponentType<GridItemProps>' is not assignable to type '(props: any, deprecatedLegacyContext?: any) => ReactNode'.
[21:34:39.741]       Type 'Element | null' is not assignable to type 'ReactNode'.
[21:34:39.741]         Type 'Element' is not assignable to type 'ReactNode'.
[21:34:39.741]           Property 'children' is missing in type 'Element' but required in type 'ReactPortal'.
[21:34:39.741] src/pages/Home.tsx(130,15): error TS2559: Type 'ReactElement<any, any>' has no properties in common with type 'ReactNode'.
[21:34:39.741] src/pages/Home.tsx(130,16): error TS2746: This JSX tag's 'children' prop expects a single child of type 'ReactNode | undefined', but multiple children were provided.
[21:34:39.741] src/pages/Home.tsx(130,16): error TS2786: 'Grid' cannot be used as a JSX component.
[21:34:39.741]   Its type 'ComponentType<GridProps>' is not a valid JSX element type.
[21:34:39.741]     Type 'ComponentType<GridProps>' is not assignable to type '(props: any, deprecatedLegacyContext?: any) => ReactNode'.
[21:34:39.741]       Type 'Element | null' is not assignable to type 'ReactNode'.
[21:34:39.741]         Type 'Element' is not assignable to type 'ReactNode'.
[21:34:39.741]           Property 'children' is missing in type 'Element' but required in type 'ReactPortal'.
[21:34:39.741] src/pages/Home.tsx(131,17): error TS2322: Type '{ base: string; lg: string; }' is not assignable to type 'string'.
[21:34:39.741] src/pages/Home.tsx(132,17): error TS2322: Type '{ base: number; lg: number; }' is not assignable to type 'string | number | undefined'.
[21:34:39.741] src/pages/Home.tsx(139,18): error TS2786: 'GridItem' cannot be used as a JSX component.
[21:34:39.741]   Its type 'ComponentType<GridItemProps>' is not a valid JSX element type.
[21:34:39.742]     Type 'ComponentType<GridItemProps>' is not assignable to type '(props: any, deprecatedLegacyContext?: any) => ReactNode'.
[21:34:39.742]       Type 'Element | null' is not assignable to type 'ReactNode'.
[21:34:39.742]         Type 'Element' is not assignable to type 'ReactNode'.
[21:34:39.742]           Property 'children' is missing in type 'Element' but required in type 'ReactPortal'.
[21:34:39.742] src/pages/Home.tsx(140,19): error TS2559: Type 'ReactElement<any, any>' has no properties in common with type 'ReactNode'.
[21:34:39.742] src/pages/Home.tsx(140,20): error TS2746: This JSX tag's 'children' prop expects a single child of type 'ReactNode | undefined', but multiple children were provided.
[21:34:39.742] src/pages/Home.tsx(140,20): error TS2786: 'VStack' cannot be used as a JSX component.
[21:34:39.742]   Its type 'ComponentType<VStackProps>' is not a valid JSX element type.
[21:34:39.742]     Type 'ComponentType<VStackProps>' is not assignable to type '(props: any, deprecatedLegacyContext?: any) => ReactNode'.
[21:34:39.742]       Type 'Element | null' is not assignable to type 'ReactNode'.
[21:34:39.742]         Type 'Element' is not assignable to type 'ReactNode'.
[21:34:39.742]           Property 'children' is missing in type 'Element' but required in type 'ReactPortal'.
[21:34:39.742] src/pages/Home.tsx(141,22): error TS2786: 'MotionBox' cannot be used as a JSX component.
[21:34:39.742]   Its type 'ComponentType<MotionComponentProps<React$1.PropsWithChildren<Props>>>' is not a valid JSX element type.
[21:34:39.742]     Type 'ComponentType<MotionComponentProps<React$1.PropsWithChildren<Props>>>' is not assignable to type '(props: any, deprecatedLegacyContext?: any) => ReactNode'.
[21:34:39.742]       Type 'Element | null' is not assignable to type 'ReactNode'.
[21:34:39.742]         Type 'Element' is not assignable to type 'ReactNode'.
[21:34:39.742]           Property 'children' is missing in type 'Element' but required in type 'ReactPortal'.
[21:34:39.743] src/pages/Home.tsx(161,24): error TS2786: 'Image' cannot be used as a JSX component.
[21:34:39.743]   Its type 'ComponentType<ImageProps>' is not a valid JSX element type.
[21:34:39.743]     Type 'ComponentType<ImageProps>' is not assignable to type '(props: any, deprecatedLegacyContext?: any) => ReactNode'.
[21:34:39.743]       Type 'Element | null' is not assignable to type 'ReactNode'.
[21:34:39.743]         Type 'Element' is not assignable to type 'ReactNode'.
[21:34:39.743]           Property 'children' is missing in type 'Element' but required in type 'ReactPortal'.
[21:34:39.743] src/pages/Home.tsx(164,25): error TS2322: Type '{ src: string; alt: string; w: { base: string; md: string; }; h: string; objectFit: string; filter: string; position: string; zIndex: string; }' is not assignable to type 'IntrinsicAttributes & ImageProps'.
[21:34:39.743]   Property 'w' does not exist on type 'IntrinsicAttributes & ImageProps'.
[21:34:39.743] src/pages/Home.tsx(173,22): error TS2746: This JSX tag's 'children' prop expects a single child of type 'ReactNode | undefined', but multiple children were provided.
[21:34:39.743] src/pages/Home.tsx(173,22): error TS2786: 'VStack' cannot be used as a JSX component.
[21:34:39.743]   Its type 'ComponentType<VStackProps>' is not a valid JSX element type.
[21:34:39.743]     Type 'ComponentType<VStackProps>' is not assignable to type '(props: any, deprecatedLegacyContext?: any) => ReactNode'.
[21:34:39.743]       Type 'Element | null' is not assignable to type 'ReactNode'.
[21:34:39.743]         Type 'Element' is not assignable to type 'ReactNode'.
[21:34:39.743]           Property 'children' is missing in type 'Element' but required in type 'ReactPortal'.
[21:34:39.743] src/pages/Home.tsx(174,24): error TS2786: 'Text' cannot be used as a JSX component.
[21:34:39.743]   Its type 'ComponentType<TextProps>' is not a valid JSX element type.
[21:34:39.743]     Type 'ComponentType<TextProps>' is not assignable to type '(props: any, deprecatedLegacyContext?: any) => ReactNode'.
[21:34:39.743]       Type 'Element | null' is not assignable to type 'ReactNode'.
[21:34:39.743]         Type 'Element' is not assignable to type 'ReactNode'.
[21:34:39.744]           Property 'children' is missing in type 'Element' but required in type 'ReactPortal'.
[21:34:39.744] src/pages/Home.tsx(175,25): error TS2322: Type '{ base: string; md: string; lg: string; }' is not assignable to type 'string'.
[21:34:39.744] src/pages/Home.tsx(182,24): error TS2559: Type 'string' has no properties in common with type 'ReactNode'.
[21:34:39.744] src/pages/Home.tsx(186,24): error TS2786: 'Text' cannot be used as a JSX component.
[21:34:39.744]   Its type 'ComponentType<TextProps>' is not a valid JSX element type.
[21:34:39.744]     Type 'ComponentType<TextProps>' is not assignable to type '(props: any, deprecatedLegacyContext?: any) => ReactNode'.
[21:34:39.744]       Type 'Element | null' is not assignable to type 'ReactNode'.
[21:34:39.744]         Type 'Element' is not assignable to type 'ReactNode'.
[21:34:39.744]           Property 'children' is missing in type 'Element' but required in type 'ReactPortal'.
[21:34:39.744] src/pages/Home.tsx(187,25): error TS2322: Type '{ base: string; md: string; }' is not assignable to type 'string'.
[21:34:39.744] src/pages/Home.tsx(191,24): error TS2559: Type 'string' has no properties in common with type 'ReactNode'.
[21:34:39.744] src/pages/Home.tsx(196,26): error TS2786: 'Button' cannot be used as a JSX component.
[21:34:39.744]   Its type 'ComponentType<ButtonProps>' is not a valid JSX element type.
[21:34:39.744]     Type 'ComponentType<ButtonProps>' is not assignable to type '(props: any, deprecatedLegacyContext?: any) => ReactNode'.
[21:34:39.744]       Type 'Element | null' is not assignable to type 'ReactNode'.
[21:34:39.744]         Type 'Element' is not assignable to type 'ReactNode'.
[21:34:39.744]           Property 'children' is missing in type 'Element' but required in type 'ReactPortal'.
[21:34:39.744] src/pages/Home.tsx(202,26): error TS2559: Type 'string' has no properties in common with type 'ReactNode'.
[21:34:39.744] src/pages/Home.tsx(205,26): error TS2786: 'Button' cannot be used as a JSX component.
[21:34:39.744]   Its type 'ComponentType<ButtonProps>' is not a valid JSX element type.
[21:34:39.744]     Type 'ComponentType<ButtonProps>' is not assignable to type '(props: any, deprecatedLegacyContext?: any) => ReactNode'.
[21:34:39.744]       Type 'Element | null' is not assignable to type 'ReactNode'.
[21:34:39.744]         Type 'Element' is not assignable to type 'ReactNode'.
[21:34:39.745]           Property 'children' is missing in type 'Element' but required in type 'ReactPortal'.
[21:34:39.745] src/pages/Home.tsx(211,26): error TS2559: Type 'string' has no properties in common with type 'ReactNode'.
[21:34:39.745] src/pages/Home.tsx(220,18): error TS2786: 'GridItem' cannot be used as a JSX component.
[21:34:39.745]   Its type 'ComponentType<GridItemProps>' is not a valid JSX element type.
[21:34:39.745]     Type 'ComponentType<GridItemProps>' is not assignable to type '(props: any, deprecatedLegacyContext?: any) => ReactNode'.
[21:34:39.745]       Type 'Element | null' is not assignable to type 'ReactNode'.
[21:34:39.745]         Type 'Element' is not assignable to type 'ReactNode'.
[21:34:39.745]           Property 'children' is missing in type 'Element' but required in type 'ReactPortal'.
[21:34:39.745] src/pages/Home.tsx(221,19): error TS2559: Type 'ReactElement<any, any>' has no properties in common with type 'ReactNode'.
[21:34:39.745] src/pages/Home.tsx(221,20): error TS2786: 'Grid' cannot be used as a JSX component.
[21:34:39.745]   Its type 'ComponentType<GridProps>' is not a valid JSX element type.
[21:34:39.745]     Type 'ComponentType<GridProps>' is not assignable to type '(props: any, deprecatedLegacyContext?: any) => ReactNode'.
[21:34:39.745]       Type 'Element | null' is not assignable to type 'ReactNode'.
[21:34:39.745]         Type 'Element' is not assignable to type 'ReactNode'.
[21:34:39.745]           Property 'children' is missing in type 'Element' but required in type 'ReactPortal'.
[21:34:39.745] src/pages/Home.tsx(240,21): error TS2559: Type 'Element[]' has no properties in common with type 'ReactNode'.
[21:34:39.745] src/pages/Home.tsx(282,24): error TS2786: 'MotionBox' cannot be used as a JSX component.
[21:34:39.745]   Its type 'ComponentType<MotionComponentProps<React$1.PropsWithChildren<Props>>>' is not a valid JSX element type.
[21:34:39.748]     Type 'ComponentType<MotionComponentProps<React$1.PropsWithChildren<Props>>>' is not assignable to type '(props: any, deprecatedLegacyContext?: any) => ReactNode'.
[21:34:39.748]       Type 'Element | null' is not assignable to type 'ReactNode'.
[21:34:39.748]         Type 'Element' is not assignable to type 'ReactNode'.
[21:34:39.748]           Property 'children' is missing in type 'Element' but required in type 'ReactPortal'.
[21:34:39.749] src/pages/Home.tsx(306,26): error TS2746: This JSX tag's 'children' prop expects a single child of type 'ReactNode | undefined', but multiple children were provided.
[21:34:39.749] src/pages/Home.tsx(306,26): error TS2786: 'VStack' cannot be used as a JSX component.
[21:34:39.749]   Its type 'ComponentType<VStackProps>' is not a valid JSX element type.
[21:34:39.749]     Type 'ComponentType<VStackProps>' is not assignable to type '(props: any, deprecatedLegacyContext?: any) => ReactNode'.
[21:34:39.749]       Type 'Element | null' is not assignable to type 'ReactNode'.
[21:34:39.749]         Type 'Element' is not assignable to type 'ReactNode'.
[21:34:39.749]           Property 'children' is missing in type 'Element' but required in type 'ReactPortal'.
[21:34:39.749] src/pages/Home.tsx(308,30): error TS2786: 'Icon' cannot be used as a JSX component.
[21:34:39.749]   Its type 'ComponentType<IconProps>' is not a valid JSX element type.
[21:34:39.749]     Type 'ComponentType<IconProps>' is not assignable to type '(props: any, deprecatedLegacyContext?: any) => ReactNode'.
[21:34:39.749]       Type 'Element | null' is not assignable to type 'ReactNode'.
[21:34:39.749]         Type 'Element' is not assignable to type 'ReactNode'.
[21:34:39.749]           Property 'children' is missing in type 'Element' but required in type 'ReactPortal'.
[21:34:39.749] src/pages/Home.tsx(308,53): error TS2322: Type '{ as: any; w: number; h: number; color: string; }' is not assignable to type 'IntrinsicAttributes & IconProps'.
[21:34:39.749]   Property 'w' does not exist on type 'IntrinsicAttributes & IconProps'.
[21:34:39.749] src/pages/Home.tsx(309,30): error TS2786: 'Text' cannot be used as a JSX component.
[21:34:39.749]   Its type 'ComponentType<TextProps>' is not a valid JSX element type.
[21:34:39.749]     Type 'ComponentType<TextProps>' is not assignable to type '(props: any, deprecatedLegacyContext?: any) => ReactNode'.
[21:34:39.749]       Type 'Element | null' is not assignable to type 'ReactNode'.
[21:34:39.749]         Type 'Element' is not assignable to type 'ReactNode'.
[21:34:39.749]           Property 'children' is missing in type 'Element' but required in type 'ReactPortal'.
[21:34:39.749] src/pages/Home.tsx(310,31): error TS2559: Type 'string' has no properties in common with type 'ReactNode'.
[21:34:39.750] src/pages/Home.tsx(313,28): error TS2786: 'Text' cannot be used as a JSX component.
[21:34:39.750]   Its type 'ComponentType<TextProps>' is not a valid JSX element type.
[21:34:39.750]     Type 'ComponentType<TextProps>' is not assignable to type '(props: any, deprecatedLegacyContext?: any) => ReactNode'.
[21:34:39.750]       Type 'Element | null' is not assignable to type 'ReactNode'.
[21:34:39.750]         Type 'Element' is not assignable to type 'ReactNode'.
[21:34:39.750]           Property 'children' is missing in type 'Element' but required in type 'ReactPortal'.
[21:34:39.750] src/pages/Home.tsx(314,29): error TS2559: Type 'string' has no properties in common with type 'ReactNode'.
[21:34:39.750] src/pages/Home.tsx(327,10): error TS2786: 'Box' cannot be used as a JSX component.
[21:34:39.750]   Its type 'ComponentType<BoxProps>' is not a valid JSX element type.
[21:34:39.750]     Type 'ComponentType<BoxProps>' is not assignable to type '(props: any, deprecatedLegacyContext?: any) => ReactNode'.
[21:34:39.750]       Type 'Element | null' is not assignable to type 'ReactNode'.
[21:34:39.750]         Type 'Element' is not assignable to type 'ReactNode'.
[21:34:39.750]           Property 'children' is missing in type 'Element' but required in type 'ReactPortal'.
[21:34:39.750] src/pages/Home.tsx(339,11): error TS2559: Type 'ReactElement<any, any>' has no properties in common with type 'ReactNode'.
[21:34:39.750] src/pages/Home.tsx(339,12): error TS2746: This JSX tag's 'children' prop expects a single child of type 'ReactNode | undefined', but multiple children were provided.
[21:34:39.750] src/pages/Home.tsx(339,12): error TS2786: 'Box' cannot be used as a JSX component.
[21:34:39.750]   Its type 'ComponentType<BoxProps>' is not a valid JSX element type.
[21:34:39.750]     Type 'ComponentType<BoxProps>' is not assignable to type '(props: any, deprecatedLegacyContext?: any) => ReactNode'.
[21:34:39.751]       Type 'Element | null' is not assignable to type 'ReactNode'.
[21:34:39.751]         Type 'Element' is not assignable to type 'ReactNode'.
[21:34:39.751]           Property 'children' is missing in type 'Element' but required in type 'ReactPortal'.
[21:34:39.751] src/pages/Home.tsx(348,14): error TS2786: 'Text' cannot be used as a JSX component.
[21:34:39.751]   Its type 'ComponentType<TextProps>' is not a valid JSX element type.
[21:34:39.751]     Type 'ComponentType<TextProps>' is not assignable to type '(props: any, deprecatedLegacyContext?: any) => ReactNode'.
[21:34:39.751]       Type 'Element | null' is not assignable to type 'ReactNode'.
[21:34:39.751]         Type 'Element' is not assignable to type 'ReactNode'.
[21:34:39.751]           Property 'children' is missing in type 'Element' but required in type 'ReactPortal'.
[21:34:39.751] src/pages/Home.tsx(356,14): error TS2559: Type 'string' has no properties in common with type 'ReactNode'.
[21:34:39.751] src/pages/Home.tsx(359,14): error TS2786: 'Text' cannot be used as a JSX component.
[21:34:39.751]   Its type 'ComponentType<TextProps>' is not a valid JSX element type.
[21:34:39.751]     Type 'ComponentType<TextProps>' is not assignable to type '(props: any, deprecatedLegacyContext?: any) => ReactNode'.
[21:34:39.751]       Type 'Element | null' is not assignable to type 'ReactNode'.
[21:34:39.751]         Type 'Element' is not assignable to type 'ReactNode'.
[21:34:39.751]           Property 'children' is missing in type 'Element' but required in type 'ReactPortal'.
[21:34:39.751] src/pages/Home.tsx(367,14): error TS2559: Type 'string' has no properties in common with type 'ReactNode'.
[21:34:39.751] src/pages/InvestorDashboard.tsx(6,3): error TS2724: '"@chakra-ui/react"' has no exported member named 'HStack'. Did you mean 'VStack'?
[21:34:39.751] src/pages/InvestorDashboard.tsx(8,3): error TS2305: Module '"@chakra-ui/react"' has no exported member 'Table'.
[21:34:39.752] src/pages/InvestorDashboard.tsx(9,3): error TS2305: Module '"@chakra-ui/react"' has no exported member 'Thead'.
[21:34:39.752] src/pages/InvestorDashboard.tsx(10,3): error TS2305: Module '"@chakra-ui/react"' has no exported member 'Tbody'.
[21:34:39.752] src/pages/InvestorDashboard.tsx(11,3): error TS2305: Module '"@chakra-ui/react"' has no exported member 'Tr'.
[21:34:39.752] src/pages/InvestorDashboard.tsx(12,3): error TS2305: Module '"@chakra-ui/react"' has no exported member 'Th'.
[21:34:39.752] src/pages/InvestorDashboard.tsx(13,3): error TS2305: Module '"@chakra-ui/react"' has no exported member 'Td'.
[21:34:39.752] src/pages/InvestorDashboard.tsx(15,3): error TS2305: Module '"@chakra-ui/react"' has no exported member 'Progress'.
[21:34:39.752] src/pages/InvestorDashboard.tsx(17,3): error TS2305: Module '"@chakra-ui/react"' has no exported member 'Badge'.
[21:34:39.752] src/pages/InvestorDashboard.tsx(18,3): error TS2305: Module '"@chakra-ui/react"' has no exported member 'SimpleGrid'.
[21:34:39.752] src/pages/InvestorDashboard.tsx(19,3): error TS2305: Module '"@chakra-ui/react"' has no exported member 'useColorModeValue'.
[21:34:39.752] src/pages/InvestorDashboard.tsx(20,3): error TS2305: Module '"@chakra-ui/react"' has no exported member 'Avatar'.
[21:34:39.752] src/pages/InvestorDashboard.tsx(21,3): error TS2305: Module '"@chakra-ui/react"' has no exported member 'AvatarGroup'.
[21:34:39.752] src/pages/InvestorDashboard.tsx(22,3): error TS2305: Module '"@chakra-ui/react"' has no exported member 'Container'.
[21:34:39.752] src/pages/InvestorDashboard.tsx(23,3): error TS2305: Module '"@chakra-ui/react"' has no exported member 'Flex'.
[21:34:39.752] src/pages/InvestorDashboard.tsx(24,3): error TS2305: Module '"@chakra-ui/react"' has no exported member 'useBreakpointValue'.
[21:34:39.752] src/pages/InvestorDashboard.tsx(27,10): error TS2305: Module '"react-icons/fa"' has no exported member 'FaChartLine'.
[21:34:39.752] src/pages/InvestorDashboard.tsx(27,23): error TS2305: Module '"react-icons/fa"' has no exported member 'FaCoins'.
[21:34:39.752] src/pages/InvestorDashboard.tsx(27,32): error TS2305: Module '"react-icons/fa"' has no exported member 'FaUsers'.
[21:34:39.752] src/pages/InvestorDashboard.tsx(27,41): error TS2305: Module '"react-icons/fa"' has no exported member 'FaLock'.
[21:34:39.752] src/pages/InvestorDashboard.tsx(27,49): error TS2305: Module '"react-icons/fa"' has no exported member 'FaDownload'.
[21:34:39.753] src/pages/InvestorDashboard.tsx(27,89): error TS2305: Module '"react-icons/fa"' has no exported member 'FaArrowUp'.
[21:34:39.753] src/pages/InvestorDashboard.tsx(27,100): error TS2305: Module '"react-icons/fa"' has no exported member 'FaArrowDown'.
[21:34:39.753] src/pages/InvestorDashboard.tsx(36,9): error TS6133: 'isMobile' is declared but its value is never read.
[21:34:39.753] src/pages/InvestorDashboard.tsx(40,7): error TS2559: Type 'ReactElement<any, any>' has no properties in common with type 'ReactNode'.
[21:34:39.753] src/pages/InvestorDashboard.tsx(49,12): error TS2746: This JSX tag's 'children' prop expects a single child of type 'ReactNode | undefined', but multiple children were provided.
[21:34:39.753] src/pages/InvestorDashboard.tsx(49,12): error TS2786: 'VStack' cannot be used as a JSX component.
[21:34:39.753]   Its type 'ComponentType<VStackProps>' is not a valid JSX element type.
[21:34:39.753]     Type 'ComponentType<VStackProps>' is not assignable to type '(props: any, deprecatedLegacyContext?: any) => ReactNode'.
[21:34:39.753]       Type 'Element | null' is not assignable to type 'ReactNode'.
[21:34:39.753]         Type 'Element' is not assignable to type 'ReactNode'.
[21:34:39.753]           Property 'children' is missing in type 'Element' but required in type 'ReactPortal'.
[21:34:39.753] src/pages/InvestorDashboard.tsx(49,19): error TS2322: Type '{ base: string; md: string; }' is not assignable to type 'string'.
[21:34:39.753] src/pages/InvestorDashboard.tsx(50,14): error TS2786: 'Heading' cannot be used as a JSX component.
[21:34:39.753]   Its type 'ComponentType<HeadingProps>' is not a valid JSX element type.
[21:34:39.753]     Type 'ComponentType<HeadingProps>' is not assignable to type '(props: any, deprecatedLegacyContext?: any) => ReactNode'.
[21:34:39.753]       Type 'Element | null' is not assignable to type 'ReactNode'.
[21:34:39.753]         Type 'Element' is not assignable to type 'ReactNode'.
[21:34:39.753]           Property 'children' is missing in type 'Element' but required in type 'ReactPortal'.
[21:34:39.753] src/pages/InvestorDashboard.tsx(50,94): error TS2559: Type 'string' has no properties in common with type 'ReactNode'.
[21:34:39.754] src/pages/InvestorDashboard.tsx(51,14): error TS2786: 'Text' cannot be used as a JSX component.
[21:34:39.754]   Its type 'ComponentType<TextProps>' is not a valid JSX element type.
[21:34:39.754]     Type 'ComponentType<TextProps>' is not assignable to type '(props: any, deprecatedLegacyContext?: any) => ReactNode'.
[21:34:39.754]       Type 'Element | null' is not assignable to type 'ReactNode'.
[21:34:39.754]         Type 'Element' is not assignable to type 'ReactNode'.
[21:34:39.754]           Property 'children' is missing in type 'Element' but required in type 'ReactPortal'.
[21:34:39.754] src/pages/InvestorDashboard.tsx(51,86): error TS2559: Type 'string' has no properties in common with type 'ReactNode'.
[21:34:39.754] src/pages/InvestorDashboard.tsx(53,12): error TS2786: 'Button' cannot be used as a JSX component.
[21:34:39.754]   Its type 'ComponentType<ButtonProps>' is not a valid JSX element type.
[21:34:39.754]     Type 'ComponentType<ButtonProps>' is not assignable to type '(props: any, deprecatedLegacyContext?: any) => ReactNode'.
[21:34:39.754]       Type 'Element | null' is not assignable to type 'ReactNode'.
[21:34:39.754]         Type 'Element' is not assignable to type 'ReactNode'.
[21:34:39.754]           Property 'children' is missing in type 'Element' but required in type 'ReactPortal'.
[21:34:39.754] src/pages/InvestorDashboard.tsx(62,12): error TS2559: Type 'string' has no properties in common with type 'ReactNode'.
[21:34:39.754] src/pages/InvestorDashboard.tsx(78,20): error TS2786: 'Icon' cannot be used as a JSX component.
[21:34:39.754]   Its type 'ComponentType<IconProps>' is not a valid JSX element type.
[21:34:39.754]     Type 'ComponentType<IconProps>' is not assignable to type '(props: any, deprecatedLegacyContext?: any) => ReactNode'.
[21:34:39.754]       Type 'Element | null' is not assignable to type 'ReactNode'.
[21:34:39.754]         Type 'Element' is not assignable to type 'ReactNode'.
[21:34:39.754]           Property 'children' is missing in type 'Element' but required in type 'ReactPortal'.
[21:34:39.755] src/pages/InvestorDashboard.tsx(78,38): error TS2322: Type '{ as: any; w: number; h: number; color: string; }' is not assignable to type 'IntrinsicAttributes & IconProps'.
[21:34:39.755]   Property 'w' does not exist on type 'IntrinsicAttributes & IconProps'.
[21:34:39.755] src/pages/InvestorDashboard.tsx(85,20): error TS2786: 'Icon' cannot be used as a JSX component.
[21:34:39.755]   Its type 'ComponentType<IconProps>' is not a valid JSX element type.
[21:34:39.755]     Type 'ComponentType<IconProps>' is not assignable to type '(props: any, deprecatedLegacyContext?: any) => ReactNode'.
[21:34:39.755]       Type 'Element | null' is not assignable to type 'ReactNode'.
[21:34:39.755]         Type 'Element' is not assignable to type 'ReactNode'.
[21:34:39.755]           Property 'children' is missing in type 'Element' but required in type 'ReactPortal'.
[21:34:39.755] src/pages/InvestorDashboard.tsx(85,42): error TS2322: Type '{ as: any; w: number; h: number; color: string; }' is not assignable to type 'IntrinsicAttributes & IconProps'.
[21:34:39.755]   Property 'w' does not exist on type 'IntrinsicAttributes & IconProps'.
[21:34:39.755] src/pages/InvestorDashboard.tsx(92,20): error TS2786: 'Icon' cannot be used as a JSX component.
[21:34:39.755]   Its type 'ComponentType<IconProps>' is not a valid JSX element type.
[21:34:39.755]     Type 'ComponentType<IconProps>' is not assignable to type '(props: any, deprecatedLegacyContext?: any) => ReactNode'.
[21:34:39.755]       Type 'Element | null' is not assignable to type 'ReactNode'.
[21:34:39.755]         Type 'Element' is not assignable to type 'ReactNode'.
[21:34:39.755]           Property 'children' is missing in type 'Element' but required in type 'ReactPortal'.
[21:34:39.755] src/pages/InvestorDashboard.tsx(92,37): error TS2322: Type '{ as: any; w: number; h: number; color: string; }' is not assignable to type 'IntrinsicAttributes & IconProps'.
[21:34:39.755]   Property 'w' does not exist on type 'IntrinsicAttributes & IconProps'.
[21:34:39.755] src/pages/InvestorDashboard.tsx(99,20): error TS2786: 'Icon' cannot be used as a JSX component.
[21:34:39.756]   Its type 'ComponentType<IconProps>' is not a valid JSX element type.
[21:34:39.756]     Type 'ComponentType<IconProps>' is not assignable to type '(props: any, deprecatedLegacyContext?: any) => ReactNode'.
[21:34:39.756]       Type 'Element | null' is not assignable to type 'ReactNode'.
[21:34:39.756]         Type 'Element' is not assignable to type 'ReactNode'.
[21:34:39.756]           Property 'children' is missing in type 'Element' but required in type 'ReactPortal'.
[21:34:39.756] src/pages/InvestorDashboard.tsx(99,38): error TS2322: Type '{ as: any; w: number; h: number; color: string; }' is not assignable to type 'IntrinsicAttributes & IconProps'.
[21:34:39.756]   Property 'w' does not exist on type 'IntrinsicAttributes & IconProps'.
[21:34:39.756] src/pages/InvestorDashboard.tsx(110,12): error TS2746: This JSX tag's 'children' prop expects a single child of type 'ReactNode | undefined', but multiple children were provided.
[21:34:39.756] src/pages/InvestorDashboard.tsx(110,12): error TS2786: 'Box' cannot be used as a JSX component.
[21:34:39.756]   Its type 'ComponentType<BoxProps>' is not a valid JSX element type.
[21:34:39.756]     Type 'ComponentType<BoxProps>' is not assignable to type '(props: any, deprecatedLegacyContext?: any) => ReactNode'.
[21:34:39.756]       Type 'Element | null' is not assignable to type 'ReactNode'.
[21:34:39.756]         Type 'Element' is not assignable to type 'ReactNode'.
[21:34:39.756]           Property 'children' is missing in type 'Element' but required in type 'ReactPortal'.
[21:34:39.756] src/pages/InvestorDashboard.tsx(126,16): error TS2786: 'Heading' cannot be used as a JSX component.
[21:34:39.756]   Its type 'ComponentType<HeadingProps>' is not a valid JSX element type.
[21:34:39.756]     Type 'ComponentType<HeadingProps>' is not assignable to type '(props: any, deprecatedLegacyContext?: any) => ReactNode'.
[21:34:39.756]       Type 'Element | null' is not assignable to type 'ReactNode'.
[21:34:39.756]         Type 'Element' is not assignable to type 'ReactNode'.
[21:34:39.756]           Property 'children' is missing in type 'Element' but required in type 'ReactPortal'.
[21:34:39.756] src/pages/InvestorDashboard.tsx(126,69): error TS2559: Type 'string' has no properties in common with type 'ReactNode'.
[21:34:39.757] src/pages/InvestorDashboard.tsx(127,16): error TS2746: This JSX tag's 'children' prop expects a single child of type 'ReactNode | undefined', but multiple children were provided.
[21:34:39.757] src/pages/InvestorDashboard.tsx(127,16): error TS2786: 'Select' cannot be used as a JSX component.
[21:34:39.757]   Its type 'ComponentType<SelectProps>' is not a valid JSX element type.
[21:34:39.757]     Type 'ComponentType<SelectProps>' is not assignable to type '(props: any, deprecatedLegacyContext?: any) => ReactNode'.
[21:34:39.757]       Type 'Element | null' is not assignable to type 'ReactNode'.
[21:34:39.757]         Type 'Element' is not assignable to type 'ReactNode'.
[21:34:39.757]           Property 'children' is missing in type 'Element' but required in type 'ReactPortal'.
[21:34:39.757] src/pages/InvestorDashboard.tsx(140,14): error TS2786: 'Box' cannot be used as a JSX component.
[21:34:39.757]   Its type 'ComponentType<BoxProps>' is not a valid JSX element type.
[21:34:39.757]     Type 'ComponentType<BoxProps>' is not assignable to type '(props: any, deprecatedLegacyContext?: any) => ReactNode'.
[21:34:39.757]       Type 'Element | null' is not assignable to type 'ReactNode'.
[21:34:39.757]         Type 'Element' is not assignable to type 'ReactNode'.
[21:34:39.757]           Property 'children' is missing in type 'Element' but required in type 'ReactPortal'.
[21:34:39.757] src/pages/InvestorDashboard.tsx(141,15): error TS2559: Type 'ReactElement<any, any>' has no properties in common with type 'ReactNode'.
[21:34:39.757] src/pages/InvestorDashboard.tsx(155,26): error TS2786: 'Icon' cannot be used as a JSX component.
[21:34:39.757]   Its type 'ComponentType<IconProps>' is not a valid JSX element type.
[21:34:39.757]     Type 'ComponentType<IconProps>' is not assignable to type '(props: any, deprecatedLegacyContext?: any) => ReactNode'.
[21:34:39.757]       Type 'Element | null' is not assignable to type 'ReactNode'.
[21:34:39.757]         Type 'Element' is not assignable to type 'ReactNode'.
[21:34:39.757]           Property 'children' is missing in type 'Element' but required in type 'ReactPortal'.
[21:34:39.757] src/pages/InvestorDashboard.tsx(155,31): error TS2322: Type 'IconType' is not assignable to type 'ComponentType'.
[21:34:39.757]   Type 'ReactNode' is missing the following properties from type 'Element': type, props, key
[21:34:39.758] src/pages/InvestorDashboard.tsx(156,26): error TS2786: 'Text' cannot be used as a JSX component.
[21:34:39.758]   Its type 'ComponentType<TextProps>' is not a valid JSX element type.
[21:34:39.758]     Type 'ComponentType<TextProps>' is not assignable to type '(props: any, deprecatedLegacyContext?: any) => ReactNode'.
[21:34:39.758]       Type 'Element | null' is not assignable to type 'ReactNode'.
[21:34:39.758]         Type 'Element' is not assignable to type 'ReactNode'.
[21:34:39.758]           Property 'children' is missing in type 'Element' but required in type 'ReactPortal'.
[21:34:39.758] src/pages/InvestorDashboard.tsx(156,45): error TS2559: Type 'string' has no properties in common with type 'ReactNode'.
[21:34:39.758] src/pages/InvestorDashboard.tsx(167,26): error TS2786: 'Icon' cannot be used as a JSX component.
[21:34:39.758]   Its type 'ComponentType<IconProps>' is not a valid JSX element type.
[21:34:39.758]     Type 'ComponentType<IconProps>' is not assignable to type '(props: any, deprecatedLegacyContext?: any) => ReactNode'.
[21:34:39.758]       Type 'Element | null' is not assignable to type 'ReactNode'.
[21:34:39.758]         Type 'Element' is not assignable to type 'ReactNode'.
[21:34:39.758]           Property 'children' is missing in type 'Element' but required in type 'ReactPortal'.
[21:34:39.758] src/pages/InvestorDashboard.tsx(167,31): error TS2322: Type 'IconType' is not assignable to type 'ComponentType'.
[21:34:39.758]   Type 'ReactNode' is missing the following properties from type 'Element': type, props, key
[21:34:39.758] src/pages/InvestorDashboard.tsx(168,26): error TS2786: 'Text' cannot be used as a JSX component.
[21:34:39.758]   Its type 'ComponentType<TextProps>' is not a valid JSX element type.
[21:34:39.758]     Type 'ComponentType<TextProps>' is not assignable to type '(props: any, deprecatedLegacyContext?: any) => ReactNode'.
[21:34:39.758]       Type 'Element | null' is not assignable to type 'ReactNode'.
[21:34:39.758]         Type 'Element' is not assignable to type 'ReactNode'.
[21:34:39.759]           Property 'children' is missing in type 'Element' but required in type 'ReactPortal'.
[21:34:39.759] src/pages/InvestorDashboard.tsx(168,45): error TS2559: Type 'string' has no properties in common with type 'ReactNode'.
[21:34:39.759] src/pages/InvestorDashboard.tsx(179,26): error TS2786: 'Icon' cannot be used as a JSX component.
[21:34:39.759]   Its type 'ComponentType<IconProps>' is not a valid JSX element type.
[21:34:39.759]     Type 'ComponentType<IconProps>' is not assignable to type '(props: any, deprecatedLegacyContext?: any) => ReactNode'.
[21:34:39.759]       Type 'Element | null' is not assignable to type 'ReactNode'.
[21:34:39.759]         Type 'Element' is not assignable to type 'ReactNode'.
[21:34:39.759]           Property 'children' is missing in type 'Element' but required in type 'ReactPortal'.
[21:34:39.759] src/pages/InvestorDashboard.tsx(179,31): error TS2322: Type 'IconType' is not assignable to type 'ComponentType'.
[21:34:39.759]   Type 'ReactNode' is missing the following properties from type 'Element': type, props, key
[21:34:39.759] src/pages/InvestorDashboard.tsx(180,26): error TS2786: 'Text' cannot be used as a JSX component.
[21:34:39.759]   Its type 'ComponentType<TextProps>' is not a valid JSX element type.
[21:34:39.759]     Type 'ComponentType<TextProps>' is not assignable to type '(props: any, deprecatedLegacyContext?: any) => ReactNode'.
[21:34:39.759]       Type 'Element | null' is not assignable to type 'ReactNode'.
[21:34:39.759]         Type 'Element' is not assignable to type 'ReactNode'.
[21:34:39.759]           Property 'children' is missing in type 'Element' but required in type 'ReactPortal'.
[21:34:39.759] src/pages/InvestorDashboard.tsx(180,45): error TS2559: Type 'string' has no properties in common with type 'ReactNode'.
[21:34:39.759] src/pages/InvestorDashboard.tsx(194,12): error TS2786: 'Box' cannot be used as a JSX component.
[21:34:39.759]   Its type 'ComponentType<BoxProps>' is not a valid JSX element type.
[21:34:39.759]     Type 'ComponentType<BoxProps>' is not assignable to type '(props: any, deprecatedLegacyContext?: any) => ReactNode'.
[21:34:39.759]       Type 'Element | null' is not assignable to type 'ReactNode'.
[21:34:39.759]         Type 'Element' is not assignable to type 'ReactNode'.
[21:34:39.759]           Property 'children' is missing in type 'Element' but required in type 'ReactPortal'.
[21:34:39.760] src/pages/InvestorDashboard.tsx(201,13): error TS2559: Type 'ReactElement<any, any>' has no properties in common with type 'ReactNode'.
[21:34:39.760] src/pages/InvestorDashboard.tsx(201,14): error TS2746: This JSX tag's 'children' prop expects a single child of type 'ReactNode | undefined', but multiple children were provided.
[21:34:39.760] src/pages/InvestorDashboard.tsx(201,14): error TS2786: 'VStack' cannot be used as a JSX component.
[21:34:39.760]   Its type 'ComponentType<VStackProps>' is not a valid JSX element type.
[21:34:39.760]     Type 'ComponentType<VStackProps>' is not assignable to type '(props: any, deprecatedLegacyContext?: any) => ReactNode'.
[21:34:39.760]       Type 'Element | null' is not assignable to type 'ReactNode'.
[21:34:39.760]         Type 'Element' is not assignable to type 'ReactNode'.
[21:34:39.760]           Property 'children' is missing in type 'Element' but required in type 'ReactPortal'.
[21:34:39.760] src/pages/InvestorDashboard.tsx(202,16): error TS2786: 'Heading' cannot be used as a JSX component.
[21:34:39.760]   Its type 'ComponentType<HeadingProps>' is not a valid JSX element type.
[21:34:39.760]     Type 'ComponentType<HeadingProps>' is not assignable to type '(props: any, deprecatedLegacyContext?: any) => ReactNode'.
[21:34:39.760]       Type 'Element | null' is not assignable to type 'ReactNode'.
[21:34:39.760]         Type 'Element' is not assignable to type 'ReactNode'.
[21:34:39.760]           Property 'children' is missing in type 'Element' but required in type 'ReactPortal'.
[21:34:39.760] src/pages/InvestorDashboard.tsx(202,69): error TS2559: Type 'string' has no properties in common with type 'ReactNode'.
[21:34:39.760] src/pages/InvestorDashboard.tsx(203,16): error TS2786: 'Box' cannot be used as a JSX component.
[21:34:39.760]   Its type 'ComponentType<BoxProps>' is not a valid JSX element type.
[21:34:39.760]     Type 'ComponentType<BoxProps>' is not assignable to type '(props: any, deprecatedLegacyContext?: any) => ReactNode'.
[21:34:39.760]       Type 'Element | null' is not assignable to type 'ReactNode'.
[21:34:39.761]         Type 'Element' is not assignable to type 'ReactNode'.
[21:34:39.761]           Property 'children' is missing in type 'Element' but required in type 'ReactPortal'.
[21:34:39.761] src/pages/InvestorDashboard.tsx(203,20): error TS2322: Type '{ base: string; md: string; }' is not assignable to type 'string'.
[21:34:39.761] src/pages/InvestorDashboard.tsx(204,17): error TS2559: Type 'ReactElement<any, any>' has no properties in common with type 'ReactNode'.
[21:34:39.761] src/pages/InvestorDashboard.tsx(206,16): error TS2746: This JSX tag's 'children' prop expects a single child of type 'ReactNode | undefined', but multiple children were provided.
[21:34:39.761] src/pages/InvestorDashboard.tsx(206,16): error TS2786: 'VStack' cannot be used as a JSX component.
[21:34:39.761]   Its type 'ComponentType<VStackProps>' is not a valid JSX element type.
[21:34:39.761]     Type 'ComponentType<VStackProps>' is not assignable to type '(props: any, deprecatedLegacyContext?: any) => ReactNode'.
[21:34:39.761]       Type 'Element | null' is not assignable to type 'ReactNode'.
[21:34:39.761]         Type 'Element' is not assignable to type 'ReactNode'.
[21:34:39.761]           Property 'children' is missing in type 'Element' but required in type 'ReactPortal'.
[21:34:39.761] src/pages/InvestorDashboard.tsx(245,6): error TS2786: 'Box' cannot be used as a JSX component.
[21:34:39.761]   Its type 'ComponentType<BoxProps>' is not a valid JSX element type.
[21:34:39.761]     Type 'ComponentType<BoxProps>' is not assignable to type '(props: any, deprecatedLegacyContext?: any) => ReactNode'.
[21:34:39.761]       Type 'Element | null' is not assignable to type 'ReactNode'.
[21:34:39.762]         Type 'Element' is not assignable to type 'ReactNode'.
[21:34:39.762]           Property 'children' is missing in type 'Element' but required in type 'ReactPortal'.
[21:34:39.762] src/pages/InvestorDashboard.tsx(252,7): error TS2559: Type 'ReactElement<any, any>' has no properties in common with type 'ReactNode'.
[21:34:39.762] src/pages/InvestorDashboard.tsx(252,8): error TS2746: This JSX tag's 'children' prop expects a single child of type 'ReactNode | undefined', but multiple children were provided.
[21:34:39.763] src/pages/InvestorDashboard.tsx(252,8): error TS2786: 'VStack' cannot be used as a JSX component.
[21:34:39.763]   Its type 'ComponentType<VStackProps>' is not a valid JSX element type.
[21:34:39.763]     Type 'ComponentType<VStackProps>' is not assignable to type '(props: any, deprecatedLegacyContext?: any) => ReactNode'.
[21:34:39.763]       Type 'Element | null' is not assignable to type 'ReactNode'.
[21:34:39.763]         Type 'Element' is not assignable to type 'ReactNode'.
[21:34:39.763]           Property 'children' is missing in type 'Element' but required in type 'ReactPortal'.
[21:34:39.763] src/pages/InvestorDashboard.tsx(254,12): error TS2786: 'Text' cannot be used as a JSX component.
[21:34:39.763]   Its type 'ComponentType<TextProps>' is not a valid JSX element type.
[21:34:39.763]     Type 'ComponentType<TextProps>' is not assignable to type '(props: any, deprecatedLegacyContext?: any) => ReactNode'.
[21:34:39.763]       Type 'Element | null' is not assignable to type 'ReactNode'.
[21:34:39.763]         Type 'Element' is not assignable to type 'ReactNode'.
[21:34:39.763]           Property 'children' is missing in type 'Element' but required in type 'ReactPortal'.
[21:34:39.763] src/pages/InvestorDashboard.tsx(254,55): error TS2559: Type 'string' has no properties in common with type 'ReactNode'.
[21:34:39.763] src/pages/InvestorDashboard.tsx(257,10): error TS2786: 'Text' cannot be used as a JSX component.
[21:34:39.763]   Its type 'ComponentType<TextProps>' is not a valid JSX element type.
[21:34:39.763]     Type 'ComponentType<TextProps>' is not assignable to type '(props: any, deprecatedLegacyContext?: any) => ReactNode'.
[21:34:39.763]       Type 'Element | null' is not assignable to type 'ReactNode'.
[21:34:39.763]         Type 'Element' is not assignable to type 'ReactNode'.
[21:34:39.764]           Property 'children' is missing in type 'Element' but required in type 'ReactPortal'.
[21:34:39.764] src/pages/InvestorDashboard.tsx(257,62): error TS2559: Type 'string' has no properties in common with type 'ReactNode'.
[21:34:39.764] src/pages/InvestorDashboard.tsx(259,12): error TS2786: 'Text' cannot be used as a JSX component.
[21:34:39.764]   Its type 'ComponentType<TextProps>' is not a valid JSX element type.
[21:34:39.764]     Type 'ComponentType<TextProps>' is not assignable to type '(props: any, deprecatedLegacyContext?: any) => ReactNode'.
[21:34:39.764]       Type 'Element | null' is not assignable to type 'ReactNode'.
[21:34:39.764]         Type 'Element' is not assignable to type 'ReactNode'.
[21:34:39.764]           Property 'children' is missing in type 'Element' but required in type 'ReactPortal'.
[21:34:39.764] src/pages/InvestorDashboard.tsx(260,13): error TS2559: Type 'string' has no properties in common with type 'ReactNode'.
[21:34:39.764] src/pages/InvestorDashboard.tsx(262,12): error TS2786: 'Text' cannot be used as a JSX component.
[21:34:39.764]   Its type 'ComponentType<TextProps>' is not a valid JSX element type.
[21:34:39.764]     Type 'ComponentType<TextProps>' is not assignable to type '(props: any, deprecatedLegacyContext?: any) => ReactNode'.
[21:34:39.764]       Type 'Element | null' is not assignable to type 'ReactNode'.
[21:34:39.764]         Type 'Element' is not assignable to type 'ReactNode'.
[21:34:39.764]           Property 'children' is missing in type 'Element' but required in type 'ReactPortal'.
[21:34:39.764] src/pages/InvestorDashboard.tsx(262,55): error TS2559: Type 'string' has no properties in common with type 'ReactNode'.
[21:34:39.764] src/pages/InvestorDashboard.tsx(271,6): error TS2746: This JSX tag's 'children' prop expects a single child of type 'ReactNode | undefined', but multiple children were provided.
[21:34:39.764] src/pages/InvestorDashboard.tsx(271,6): error TS2786: 'Box' cannot be used as a JSX component.
[21:34:39.764]   Its type 'ComponentType<BoxProps>' is not a valid JSX element type.
[21:34:39.764]     Type 'ComponentType<BoxProps>' is not assignable to type '(props: any, deprecatedLegacyContext?: any) => ReactNode'.
[21:34:39.764]       Type 'Element | null' is not assignable to type 'ReactNode'.
[21:34:39.765]         Type 'Element' is not assignable to type 'ReactNode'.
[21:34:39.765]           Property 'children' is missing in type 'Element' but required in type 'ReactPortal'.
[21:34:39.765] src/pages/InvestorDashboard.tsx(273,10): error TS2786: 'Text' cannot be used as a JSX component.
[21:34:39.765]   Its type 'ComponentType<TextProps>' is not a valid JSX element type.
[21:34:39.765]     Type 'ComponentType<TextProps>' is not assignable to type '(props: any, deprecatedLegacyContext?: any) => ReactNode'.
[21:34:39.765]       Type 'Element | null' is not assignable to type 'ReactNode'.
[21:34:39.765]         Type 'Element' is not assignable to type 'ReactNode'.
[21:34:39.765]           Property 'children' is missing in type 'Element' but required in type 'ReactPortal'.
[21:34:39.765] src/pages/InvestorDashboard.tsx(273,49): error TS2559: Type 'string' has no properties in common with type 'ReactNode'.
[21:34:39.765] src/pages/InvestorDashboard.tsx(275,12): error TS2786: 'Text' cannot be used as a JSX component.
[21:34:39.765]   Its type 'ComponentType<TextProps>' is not a valid JSX element type.
[21:34:39.765]     Type 'ComponentType<TextProps>' is not assignable to type '(props: any, deprecatedLegacyContext?: any) => ReactNode'.
[21:34:39.765]       Type 'Element | null' is not assignable to type 'ReactNode'.
[21:34:39.765]         Type 'Element' is not assignable to type 'ReactNode'.
[21:34:39.765]           Property 'children' is missing in type 'Element' but required in type 'ReactPortal'.
[21:34:39.765] src/pages/InvestorDashboard.tsx(275,31): error TS2559: Type 'string' has no properties in common with type 'ReactNode'.
[21:34:39.765] src/pages/InvestorDashboard.tsx(276,12): error TS2786: 'Text' cannot be used as a JSX component.
[21:34:39.765]   Its type 'ComponentType<TextProps>' is not a valid JSX element type.
[21:34:39.765]     Type 'ComponentType<TextProps>' is not assignable to type '(props: any, deprecatedLegacyContext?: any) => ReactNode'.
[21:34:39.765]       Type 'Element | null' is not assignable to type 'ReactNode'.
[21:34:39.765]         Type 'Element' is not assignable to type 'ReactNode'.
[21:34:39.765]           Property 'children' is missing in type 'Element' but required in type 'ReactPortal'.
[21:34:39.766] src/pages/InvestorDashboard.tsx(277,13): error TS2559: Type 'string' has no properties in common with type 'ReactNode'.
[21:34:39.766] src/pages/InvestorDashboard.tsx(292,7): error TS6133: 'TrendingAsset' is declared but its value is never read.
[21:34:39.766] src/pages/InvestorDashboard.tsx(292,78): error TS6133: 'owners' is declared but its value is never read.
[21:34:39.766] src/pages/InvestorDashboard.tsx(294,6): error TS2786: 'MotionBox' cannot be used as a JSX component.
[21:34:39.766]   Its type 'ComponentType<MotionComponentProps<React$1.PropsWithChildren<Props>>>' is not a valid JSX element type.
[21:34:39.766]     Type 'ComponentType<MotionComponentProps<React$1.PropsWithChildren<Props>>>' is not assignable to type '(props: any, deprecatedLegacyContext?: any) => ReactNode'.
[21:34:39.766]       Type 'Element | null' is not assignable to type 'ReactNode'.
[21:34:39.766]         Type 'Element' is not assignable to type 'ReactNode'.
[21:34:39.766]           Property 'children' is missing in type 'Element' but required in type 'ReactPortal'.
[21:34:39.766] src/pages/InvestorDashboard.tsx(303,8): error TS2746: This JSX tag's 'children' prop expects a single child of type 'ReactNode | undefined', but multiple children were provided.
[21:34:39.766] src/pages/InvestorDashboard.tsx(303,8): error TS2786: 'VStack' cannot be used as a JSX component.
[21:34:39.766]   Its type 'ComponentType<VStackProps>' is not a valid JSX element type.
[21:34:39.766]     Type 'ComponentType<VStackProps>' is not assignable to type '(props: any, deprecatedLegacyContext?: any) => ReactNode'.
[21:34:39.766]       Type 'Element | null' is not assignable to type 'ReactNode'.
[21:34:39.766]         Type 'Element' is not assignable to type 'ReactNode'.
[21:34:39.766]           Property 'children' is missing in type 'Element' but required in type 'ReactPortal'.
[21:34:39.766] src/pages/InvestorDashboard.tsx(306,14): error TS2786: 'Icon' cannot be used as a JSX component.
[21:34:39.766]   Its type 'ComponentType<IconProps>' is not a valid JSX element type.
[21:34:39.766]     Type 'ComponentType<IconProps>' is not assignable to type '(props: any, deprecatedLegacyContext?: any) => ReactNode'.
[21:34:39.766]       Type 'Element | null' is not assignable to type 'ReactNode'.
[21:34:39.767]         Type 'Element' is not assignable to type 'ReactNode'.
[21:34:39.767]           Property 'children' is missing in type 'Element' but required in type 'ReactPortal'.
[21:34:39.767] src/pages/InvestorDashboard.tsx(306,29): error TS2322: Type '{ as: any; color: string; }' is not assignable to type 'IntrinsicAttributes & IconProps'.
[21:34:39.767]   Property 'color' does not exist on type 'IntrinsicAttributes & IconProps'.
[21:34:39.767] src/pages/InvestorDashboard.tsx(307,14): error TS2786: 'Text' cannot be used as a JSX component.
[21:34:39.767]   Its type 'ComponentType<TextProps>' is not a valid JSX element type.
[21:34:39.767]     Type 'ComponentType<TextProps>' is not assignable to type '(props: any, deprecatedLegacyContext?: any) => ReactNode'.
[21:34:39.767]       Type 'Element | null' is not assignable to type 'ReactNode'.
[21:34:39.767]         Type 'Element' is not assignable to type 'ReactNode'.
[21:34:39.767]           Property 'children' is missing in type 'Element' but required in type 'ReactPortal'.
[21:34:39.767] src/pages/InvestorDashboard.tsx(307,51): error TS2559: Type 'string' has no properties in common with type 'ReactNode'.
[21:34:39.767] src/pages/InvestorDashboard.tsx(313,12): error TS2786: 'Text' cannot be used as a JSX component.
[21:34:39.767]   Its type 'ComponentType<TextProps>' is not a valid JSX element type.
[21:34:39.767]     Type 'ComponentType<TextProps>' is not assignable to type '(props: any, deprecatedLegacyContext?: any) => ReactNode'.
[21:34:39.767]       Type 'Element | null' is not assignable to type 'ReactNode'.
[21:34:39.767]         Type 'Element' is not assignable to type 'ReactNode'.
[21:34:39.768]           Property 'children' is missing in type 'Element' but required in type 'ReactPortal'.
[21:34:39.768] src/pages/InvestorDashboard.tsx(313,63): error TS2559: Type 'string' has no properties in common with type 'ReactNode'.
[21:34:39.768] src/pages/InvestorDashboard.tsx(315,14): error TS2786: 'Icon' cannot be used as a JSX component.
[21:34:39.768]   Its type 'ComponentType<IconProps>' is not a valid JSX element type.
[21:34:39.768]     Type 'ComponentType<IconProps>' is not assignable to type '(props: any, deprecatedLegacyContext?: any) => ReactNode'.
[21:34:39.768]       Type 'Element | null' is not assignable to type 'ReactNode'.
[21:34:39.768]         Type 'Element' is not assignable to type 'ReactNode'.
[21:34:39.768]           Property 'children' is missing in type 'Element' but required in type 'ReactPortal'.
[21:34:39.768] src/pages/InvestorDashboard.tsx(315,65): error TS2322: Type '{ as: any; color: string; }' is not assignable to type 'IntrinsicAttributes & IconProps'.
[21:34:39.768]   Property 'color' does not exist on type 'IntrinsicAttributes & IconProps'.
[21:34:39.768] src/pages/InvestorDashboard.tsx(316,14): error TS2786: 'Text' cannot be used as a JSX component.
[21:34:39.768]   Its type 'ComponentType<TextProps>' is not a valid JSX element type.
[21:34:39.768]     Type 'ComponentType<TextProps>' is not assignable to type '(props: any, deprecatedLegacyContext?: any) => ReactNode'.
[21:34:39.768]       Type 'Element | null' is not assignable to type 'ReactNode'.
[21:34:39.768]         Type 'Element' is not assignable to type 'ReactNode'.
[21:34:39.768]           Property 'children' is missing in type 'Element' but required in type 'ReactPortal'.
[21:34:39.768] src/pages/InvestorDashboard.tsx(316,68): error TS2559: Type 'string' has no properties in common with type 'ReactNode'.
[21:34:39.769] src/pages/InvestorDashboard.tsx(321,12): error TS2786: 'Text' cannot be used as a JSX component.
[21:34:39.769]   Its type 'ComponentType<TextProps>' is not a valid JSX element type.
[21:34:39.769]     Type 'ComponentType<TextProps>' is not assignable to type '(props: any, deprecatedLegacyContext?: any) => ReactNode'.
[21:34:39.769]       Type 'Element | null' is not assignable to type 'ReactNode'.
[21:34:39.769]         Type 'Element' is not assignable to type 'ReactNode'.
[21:34:39.769]           Property 'children' is missing in type 'Element' but required in type 'ReactPortal'.
[21:34:39.769] src/pages/InvestorDashboard.tsx(321,55): error TS2559: Type 'string' has no properties in common with type 'ReactNode'.
[21:34:39.769] src/pages/Marketplace.tsx(6,3): error TS2305: Module '"@chakra-ui/react"' has no exported member 'Container'.
[21:34:39.769] src/pages/Marketplace.tsx(7,3): error TS2305: Module '"@chakra-ui/react"' has no exported member 'SimpleGrid'.
[21:34:39.769] src/pages/Marketplace.tsx(9,3): error TS2305: Module '"@chakra-ui/react"' has no exported member 'Badge'.
[21:34:39.769] src/pages/Marketplace.tsx(10,3): error TS2724: '"@chakra-ui/react"' has no exported member named 'HStack'. Did you mean 'VStack'?
[21:34:39.769] src/pages/Marketplace.tsx(12,3): error TS2305: Module '"@chakra-ui/react"' has no exported member 'useColorModeValue'.
[21:34:39.769] src/pages/Marketplace.tsx(14,3): error TS2305: Module '"@chakra-ui/react"' has no exported member 'Flex'.
[21:34:39.769] src/pages/Marketplace.tsx(14,3): error TS6133: 'Flex' is declared but its value is never read.
[21:34:39.770] src/pages/Marketplace.tsx(15,3): error TS2305: Module '"@chakra-ui/react"' has no exported member 'Progress'.
[21:34:39.770] src/pages/Marketplace.tsx(16,3): error TS2305: Module '"@chakra-ui/react"' has no exported member 'Stat'.
[21:34:39.770] src/pages/Marketplace.tsx(17,3): error TS2305: Module '"@chakra-ui/react"' has no exported member 'StatLabel'.
[21:34:39.770] src/pages/Marketplace.tsx(18,3): error TS2305: Module '"@chakra-ui/react"' has no exported member 'StatNumber'.
[21:34:39.770] src/pages/Marketplace.tsx(19,3): error TS2305: Module '"@chakra-ui/react"' has no exported member 'StatHelpText'.
[21:34:39.770] src/pages/Marketplace.tsx(19,3): error TS6133: 'StatHelpText' is declared but its value is never read.
[21:34:39.770] src/pages/Marketplace.tsx(20,3): error TS2305: Module '"@chakra-ui/react"' has no exported member 'Skeleton'.
[21:34:39.770] src/pages/Marketplace.tsx(21,3): error TS2305: Module '"@chakra-ui/react"' has no exported member 'Modal'.
[21:34:39.770] src/pages/Marketplace.tsx(22,3): error TS2305: Module '"@chakra-ui/react"' has no exported member 'ModalOverlay'.
[21:34:39.770] src/pages/Marketplace.tsx(23,3): error TS2305: Module '"@chakra-ui/react"' has no exported member 'ModalContent'.
[21:34:39.770] src/pages/Marketplace.tsx(24,3): error TS2305: Module '"@chakra-ui/react"' has no exported member 'ModalHeader'.
[21:34:39.770] src/pages/Marketplace.tsx(25,3): error TS2305: Module '"@chakra-ui/react"' has no exported member 'ModalBody'.
[21:34:39.770] src/pages/Marketplace.tsx(26,3): error TS2305: Module '"@chakra-ui/react"' has no exported member 'ModalCloseButton'.
[21:34:39.770] src/pages/Marketplace.tsx(27,3): error TS2305: Module '"@chakra-ui/react"' has no exported member 'useDisclosure'.
[21:34:39.770] src/pages/Marketplace.tsx(29,3): error TS2305: Module '"@chakra-ui/react"' has no exported member 'NumberInput'.
[21:34:39.770] src/pages/Marketplace.tsx(30,3): error TS2305: Module '"@chakra-ui/react"' has no exported member 'NumberInputField'.
[21:34:39.770] src/pages/Marketplace.tsx(31,3): error TS2305: Module '"@chakra-ui/react"' has no exported member 'NumberInputStepper'.
[21:34:39.770] src/pages/Marketplace.tsx(32,3): error TS2305: Module '"@chakra-ui/react"' has no exported member 'NumberIncrementStepper'.
[21:34:39.770] src/pages/Marketplace.tsx(33,3): error TS2305: Module '"@chakra-ui/react"' has no exported member 'NumberDecrementStepper'.
[21:34:39.770] src/pages/Marketplace.tsx(36,3): error TS2724: '"@chakra-ui/react"' has no exported member named 'InputGroup'. Did you mean 'InputProps'?
[21:34:39.770] src/pages/Marketplace.tsx(37,3): error TS2305: Module '"@chakra-ui/react"' has no exported member 'InputLeftElement'.
[21:34:39.771] src/pages/Marketplace.tsx(38,3): error TS2305: Module '"@chakra-ui/react"' has no exported member 'Drawer'.
[21:34:39.790] src/pages/Marketplace.tsx(39,3): error TS2305: Module '"@chakra-ui/react"' has no exported member 'DrawerBody'.
[21:34:39.791] src/pages/Marketplace.tsx(40,3): error TS2305: Module '"@chakra-ui/react"' has no exported member 'DrawerHeader'.
[21:34:39.791] src/pages/Marketplace.tsx(41,3): error TS2305: Module '"@chakra-ui/react"' has no exported member 'DrawerOverlay'.
[21:34:39.791] src/pages/Marketplace.tsx(42,3): error TS2305: Module '"@chakra-ui/react"' has no exported member 'DrawerContent'.
[21:34:39.791] src/pages/Marketplace.tsx(43,3): error TS2305: Module '"@chakra-ui/react"' has no exported member 'DrawerCloseButton'.
[21:34:39.791] src/pages/Marketplace.tsx(44,3): error TS2305: Module '"@chakra-ui/react"' has no exported member 'Divider'.
[21:34:39.791] src/pages/Marketplace.tsx(45,3): error TS2305: Module '"@chakra-ui/react"' has no exported member 'Tag'.
[21:34:39.791] src/pages/Marketplace.tsx(46,3): error TS2305: Module '"@chakra-ui/react"' has no exported member 'TagLabel'.
[21:34:39.791] src/pages/Marketplace.tsx(47,3): error TS2305: Module '"@chakra-ui/react"' has no exported member 'TagCloseButton'.
[21:34:39.791] src/pages/Marketplace.tsx(48,3): error TS2305: Module '"@chakra-ui/react"' has no exported member 'Wrap'.
[21:34:39.791] src/pages/Marketplace.tsx(49,3): error TS2305: Module '"@chakra-ui/react"' has no exported member 'WrapItem'.
[21:34:39.791] src/pages/Marketplace.tsx(50,3): error TS2305: Module '"@chakra-ui/react"' has no exported member 'Switch'.
[21:34:39.791] src/pages/Marketplace.tsx(54,10): error TS2305: Module '"react-icons/fa"' has no exported member 'FaEthereum'.
[21:34:39.791] src/pages/Marketplace.tsx(54,22): error TS2305: Module '"react-icons/fa"' has no exported member 'FaClock'.
[21:34:39.791] src/pages/Marketplace.tsx(54,31): error TS2305: Module '"react-icons/fa"' has no exported member 'FaFire'.
[21:34:39.791] src/pages/Marketplace.tsx(54,39): error TS2305: Module '"react-icons/fa"' has no exported member 'FaChartLine'.
[21:34:39.791] src/pages/Marketplace.tsx(54,39): error TS6133: 'FaChartLine' is declared but its value is never read.
[21:34:39.791] src/pages/Marketplace.tsx(54,52): error TS2305: Module '"react-icons/fa"' has no exported member 'FaUsers'.
[21:34:39.791] src/pages/Marketplace.tsx(54,61): error TS2305: Module '"react-icons/fa"' has no exported member 'FaLock'.
[21:34:39.791] src/pages/Marketplace.tsx(54,61): error TS6133: 'FaLock' is declared but its value is never read.
[21:34:39.791] src/pages/Marketplace.tsx(54,69): error TS2305: Module '"react-icons/fa"' has no exported member 'FaShare'.
[21:34:39.791] src/pages/Marketplace.tsx(54,78): error TS2305: Module '"react-icons/fa"' has no exported member 'FaFilter'.
[21:34:39.791] src/pages/Marketplace.tsx(54,88): error TS2305: Module '"react-icons/fa"' has no exported member 'FaSort'.
[21:34:39.791] src/pages/Marketplace.tsx(54,88): error TS6133: 'FaSort' is declared but its value is never read.
[21:34:39.791] src/pages/Marketplace.tsx(54,96): error TS2305: Module '"react-icons/fa"' has no exported member 'FaSearch'.
[21:34:39.791] src/pages/Marketplace.tsx(54,106): error TS2305: Module '"react-icons/fa"' has no exported member 'FaTimes'.
[21:34:39.791] src/pages/Marketplace.tsx(56,20): error TS2305: Module '"react"' has no exported member 'memo'.
[21:34:39.791] src/pages/Marketplace.tsx(56,26): error TS2305: Module '"react"' has no exported member 'useMemo'.
[21:34:39.791] src/pages/Marketplace.tsx(59,32): error TS7031: Binding element 'collection' implicitly has an 'any' type.
[21:34:39.791] src/pages/Marketplace.tsx(59,44): error TS7031: Binding element 'onOpen' implicitly has an 'any' type.
[21:34:39.791] src/pages/Marketplace.tsx(69,6): error TS2746: This JSX tag's 'children' prop expects a single child of type 'ReactNode | undefined', but multiple children were provided.
[21:34:39.791] src/pages/Marketplace.tsx(69,6): error TS2786: 'Box' cannot be used as a JSX component.
[21:34:39.791]   Its type 'ComponentType<BoxProps>' is not a valid JSX element type.
[21:34:39.791]     Type 'ComponentType<BoxProps>' is not assignable to type '(props: any, deprecatedLegacyContext?: any) => ReactNode'.
[21:34:39.791]       Type 'Element | null' is not assignable to type 'ReactNode'.
[21:34:39.791]         Type 'Element' is not assignable to type 'ReactNode'.
[21:34:39.791]           Property 'children' is missing in type 'Element' but required in type 'ReactPortal'.
[21:34:39.791] src/pages/Marketplace.tsx(83,8): error TS2746: This JSX tag's 'children' prop expects a single child of type 'ReactNode | undefined', but multiple children were provided.
[21:34:39.791] src/pages/Marketplace.tsx(83,8): error TS2786: 'Box' cannot be used as a JSX component.
[21:34:39.791]   Its type 'ComponentType<BoxProps>' is not a valid JSX element type.
[21:34:39.791]     Type 'ComponentType<BoxProps>' is not assignable to type '(props: any, deprecatedLegacyContext?: any) => ReactNode'.
[21:34:39.791]       Type 'Element | null' is not assignable to type 'ReactNode'.
[21:34:39.791]         Type 'Element' is not assignable to type 'ReactNode'.
[21:34:39.791]           Property 'children' is missing in type 'Element' but required in type 'ReactPortal'.
[21:34:39.791] src/pages/Marketplace.tsx(85,12): error TS2786: 'Image' cannot be used as a JSX component.
[21:34:39.791]   Its type 'ComponentType<ImageProps>' is not a valid JSX element type.
[21:34:39.791]     Type 'ComponentType<ImageProps>' is not assignable to type '(props: any, deprecatedLegacyContext?: any) => ReactNode'.
[21:34:39.791]       Type 'Element | null' is not assignable to type 'ReactNode'.
[21:34:39.791]         Type 'Element' is not assignable to type 'ReactNode'.
[21:34:39.796]           Property 'children' is missing in type 'Element' but required in type 'ReactPortal'.
[21:34:39.796] src/pages/Marketplace.tsx(88,13): error TS2322: Type '{ src: any; alt: any; w: string; h: string; objectFit: string; onLoad: () => void; loading: string; }' is not assignable to type 'IntrinsicAttributes & ImageProps'.
[21:34:39.796]   Property 'w' does not exist on type 'IntrinsicAttributes & ImageProps'.
[21:34:39.796] src/pages/Marketplace.tsx(107,8): error TS2746: This JSX tag's 'children' prop expects a single child of type 'ReactNode | undefined', but multiple children were provided.
[21:34:39.796] src/pages/Marketplace.tsx(107,8): error TS2786: 'VStack' cannot be used as a JSX component.
[21:34:39.796]   Its type 'ComponentType<VStackProps>' is not a valid JSX element type.
[21:34:39.796]     Type 'ComponentType<VStackProps>' is not assignable to type '(props: any, deprecatedLegacyContext?: any) => ReactNode'.
[21:34:39.796]       Type 'Element | null' is not assignable to type 'ReactNode'.
[21:34:39.796]         Type 'Element' is not assignable to type 'ReactNode'.
[21:34:39.796]           Property 'children' is missing in type 'Element' but required in type 'ReactPortal'.
[21:34:39.796] src/pages/Marketplace.tsx(108,10): error TS2786: 'Heading' cannot be used as a JSX component.
[21:34:39.796]   Its type 'ComponentType<HeadingProps>' is not a valid JSX element type.
[21:34:39.796]     Type 'ComponentType<HeadingProps>' is not assignable to type '(props: any, deprecatedLegacyContext?: any) => ReactNode'.
[21:34:39.796]       Type 'Element | null' is not assignable to type 'ReactNode'.
[21:34:39.796]         Type 'Element' is not assignable to type 'ReactNode'.
[21:34:39.796]           Property 'children' is missing in type 'Element' but required in type 'ReactPortal'.
[21:34:39.796] src/pages/Marketplace.tsx(108,28): error TS2322: Type '{ children: any; size: string; color: string; fontFamily: string; }' is not assignable to type 'IntrinsicAttributes & HeadingProps'.
[21:34:39.796]   Property 'color' does not exist on type 'IntrinsicAttributes & HeadingProps'.
[21:34:39.796] src/pages/Marketplace.tsx(111,10): error TS2786: 'Text' cannot be used as a JSX component.
[21:34:39.796]   Its type 'ComponentType<TextProps>' is not a valid JSX element type.
[21:34:39.796]     Type 'ComponentType<TextProps>' is not assignable to type '(props: any, deprecatedLegacyContext?: any) => ReactNode'.
[21:34:39.796]       Type 'Element | null' is not assignable to type 'ReactNode'.
[21:34:39.796]         Type 'Element' is not assignable to type 'ReactNode'.
[21:34:39.796]           Property 'children' is missing in type 'Element' but required in type 'ReactPortal'.
[21:34:39.796] src/pages/Marketplace.tsx(111,53): error TS2322: Type '{ children: any; color: string; fontSize: string; noOfLines: number; }' is not assignable to type 'IntrinsicAttributes & TextProps'.
[21:34:39.796]   Property 'noOfLines' does not exist on type 'IntrinsicAttributes & TextProps'.
[21:34:39.796] src/pages/Marketplace.tsx(116,14): error TS2786: 'Icon' cannot be used as a JSX component.
[21:34:39.796]   Its type 'ComponentType<IconProps>' is not a valid JSX element type.
[21:34:39.796]     Type 'ComponentType<IconProps>' is not assignable to type '(props: any, deprecatedLegacyContext?: any) => ReactNode'.
[21:34:39.796]       Type 'Element | null' is not assignable to type 'ReactNode'.
[21:34:39.796]         Type 'Element' is not assignable to type 'ReactNode'.
[21:34:39.796]           Property 'children' is missing in type 'Element' but required in type 'ReactPortal'.
[21:34:39.796] src/pages/Marketplace.tsx(116,32): error TS2322: Type '{ as: any; color: string; }' is not assignable to type 'IntrinsicAttributes & IconProps'.
[21:34:39.796]   Property 'color' does not exist on type 'IntrinsicAttributes & IconProps'.
[21:34:39.796] src/pages/Marketplace.tsx(117,14): error TS2746: This JSX tag's 'children' prop expects a single child of type 'ReactNode | undefined', but multiple children were provided.
[21:34:39.796] src/pages/Marketplace.tsx(117,14): error TS2786: 'Text' cannot be used as a JSX component.
[21:34:39.796]   Its type 'ComponentType<TextProps>' is not a valid JSX element type.
[21:34:39.796]     Type 'ComponentType<TextProps>' is not assignable to type '(props: any, deprecatedLegacyContext?: any) => ReactNode'.
[21:34:39.796]       Type 'Element | null' is not assignable to type 'ReactNode'.
[21:34:39.796]         Type 'Element' is not assignable to type 'ReactNode'.
[21:34:39.796]           Property 'children' is missing in type 'Element' but required in type 'ReactPortal'.
[21:34:39.796] src/pages/Marketplace.tsx(120,14): error TS2786: 'Icon' cannot be used as a JSX component.
[21:34:39.796]   Its type 'ComponentType<IconProps>' is not a valid JSX element type.
[21:34:39.796]     Type 'ComponentType<IconProps>' is not assignable to type '(props: any, deprecatedLegacyContext?: any) => ReactNode'.
[21:34:39.796]       Type 'Element | null' is not assignable to type 'ReactNode'.
[21:34:39.796]         Type 'Element' is not assignable to type 'ReactNode'.
[21:34:39.796]           Property 'children' is missing in type 'Element' but required in type 'ReactPortal'.
[21:34:39.796] src/pages/Marketplace.tsx(120,35): error TS2322: Type '{ as: any; color: string; }' is not assignable to type 'IntrinsicAttributes & IconProps'.
[21:34:39.796]   Property 'color' does not exist on type 'IntrinsicAttributes & IconProps'.
[21:34:39.796] src/pages/Marketplace.tsx(121,14): error TS2746: This JSX tag's 'children' prop expects a single child of type 'ReactNode | undefined', but multiple children were provided.
[21:34:39.796] src/pages/Marketplace.tsx(121,14): error TS2786: 'Text' cannot be used as a JSX component.
[21:34:39.796]   Its type 'ComponentType<TextProps>' is not a valid JSX element type.
[21:34:39.796]     Type 'ComponentType<TextProps>' is not assignable to type '(props: any, deprecatedLegacyContext?: any) => ReactNode'.
[21:34:39.796]       Type 'Element | null' is not assignable to type 'ReactNode'.
[21:34:39.796]         Type 'Element' is not assignable to type 'ReactNode'.
[21:34:39.796]           Property 'children' is missing in type 'Element' but required in type 'ReactPortal'.
[21:34:39.796] src/pages/Marketplace.tsx(132,12): error TS2746: This JSX tag's 'children' prop expects a single child of type 'ReactNode | undefined', but multiple children were provided.
[21:34:39.796] src/pages/Marketplace.tsx(132,12): error TS2786: 'Text' cannot be used as a JSX component.
[21:34:39.796]   Its type 'ComponentType<TextProps>' is not a valid JSX element type.
[21:34:39.796]     Type 'ComponentType<TextProps>' is not assignable to type '(props: any, deprecatedLegacyContext?: any) => ReactNode'.
[21:34:39.796]       Type 'Element | null' is not assignable to type 'ReactNode'.
[21:34:39.796]         Type 'Element' is not assignable to type 'ReactNode'.
[21:34:39.796]           Property 'children' is missing in type 'Element' but required in type 'ReactPortal'.
[21:34:39.796] src/pages/Marketplace.tsx(133,12): error TS2746: This JSX tag's 'children' prop expects a single child of type 'ReactNode | undefined', but multiple children were provided.
[21:34:39.796] src/pages/Marketplace.tsx(133,12): error TS2786: 'Text' cannot be used as a JSX component.
[21:34:39.796]   Its type 'ComponentType<TextProps>' is not a valid JSX element type.
[21:34:39.796]     Type 'ComponentType<TextProps>' is not assignable to type '(props: any, deprecatedLegacyContext?: any) => ReactNode'.
[21:34:39.796]       Type 'Element | null' is not assignable to type 'ReactNode'.
[21:34:39.796]         Type 'Element' is not assignable to type 'ReactNode'.
[21:34:39.796]           Property 'children' is missing in type 'Element' but required in type 'ReactPortal'.
[21:34:39.796] src/pages/Marketplace.tsx(140,27): error TS7031: Binding element 'isOpen' implicitly has an 'any' type.
[21:34:39.796] src/pages/Marketplace.tsx(140,35): error TS7031: Binding element 'onClose' implicitly has an 'any' type.
[21:34:39.796] src/pages/Marketplace.tsx(140,44): error TS7031: Binding element 'collection' implicitly has an 'any' type.
[21:34:39.796] src/pages/Marketplace.tsx(163,12): error TS2746: This JSX tag's 'children' prop expects a single child of type 'ReactNode | undefined', but multiple children were provided.
[21:34:39.796] src/pages/Marketplace.tsx(163,12): error TS2786: 'VStack' cannot be used as a JSX component.
[21:34:39.796]   Its type 'ComponentType<VStackProps>' is not a valid JSX element type.
[21:34:39.796]     Type 'ComponentType<VStackProps>' is not assignable to type '(props: any, deprecatedLegacyContext?: any) => ReactNode'.
[21:34:39.796]       Type 'Element | null' is not assignable to type 'ReactNode'.
[21:34:39.796]         Type 'Element' is not assignable to type 'ReactNode'.
[21:34:39.796]           Property 'children' is missing in type 'Element' but required in type 'ReactPortal'.
[21:34:39.796] src/pages/Marketplace.tsx(165,16): error TS2786: 'Box' cannot be used as a JSX component.
[21:34:39.796]   Its type 'ComponentType<BoxProps>' is not a valid JSX element type.
[21:34:39.796]     Type 'ComponentType<BoxProps>' is not assignable to type '(props: any, deprecatedLegacyContext?: any) => ReactNode'.
[21:34:39.796]       Type 'Element | null' is not assignable to type 'ReactNode'.
[21:34:39.796]         Type 'Element' is not assignable to type 'ReactNode'.
[21:34:39.796]           Property 'children' is missing in type 'Element' but required in type 'ReactPortal'.
[21:34:39.796] src/pages/Marketplace.tsx(166,17): error TS2559: Type 'ReactElement<any, any>' has no properties in common with type 'ReactNode'.
[21:34:39.796] src/pages/Marketplace.tsx(166,18): error TS2786: 'Image' cannot be used as a JSX component.
[21:34:39.796]   Its type 'ComponentType<ImageProps>' is not a valid JSX element type.
[21:34:39.796]     Type 'ComponentType<ImageProps>' is not assignable to type '(props: any, deprecatedLegacyContext?: any) => ReactNode'.
[21:34:39.796]       Type 'Element | null' is not assignable to type 'ReactNode'.
[21:34:39.796]         Type 'Element' is not assignable to type 'ReactNode'.
[21:34:39.796]           Property 'children' is missing in type 'Element' but required in type 'ReactPortal'.
[21:34:39.796] src/pages/Marketplace.tsx(169,19): error TS2322: Type '{ src: any; alt: any; borderRadius: string; w: string; h: string; objectFit: string; }' is not assignable to type 'IntrinsicAttributes & ImageProps'.
[21:34:39.796]   Property 'borderRadius' does not exist on type 'IntrinsicAttributes & ImageProps'.
[21:34:39.796] src/pages/Marketplace.tsx(175,16): error TS2746: This JSX tag's 'children' prop expects a single child of type 'ReactNode | undefined', but multiple children were provided.
[21:34:39.796] src/pages/Marketplace.tsx(175,16): error TS2786: 'VStack' cannot be used as a JSX component.
[21:34:39.796]   Its type 'ComponentType<VStackProps>' is not a valid JSX element type.
[21:34:39.796]     Type 'ComponentType<VStackProps>' is not assignable to type '(props: any, deprecatedLegacyContext?: any) => ReactNode'.
[21:34:39.796]       Type 'Element | null' is not assignable to type 'ReactNode'.
[21:34:39.796]         Type 'Element' is not assignable to type 'ReactNode'.
[21:34:39.796]           Property 'children' is missing in type 'Element' but required in type 'ReactPortal'.
[21:34:39.796] src/pages/Marketplace.tsx(176,18): error TS2786: 'Heading' cannot be used as a JSX component.
[21:34:39.797]   Its type 'ComponentType<HeadingProps>' is not a valid JSX element type.
[21:34:39.797]     Type 'ComponentType<HeadingProps>' is not assignable to type '(props: any, deprecatedLegacyContext?: any) => ReactNode'.
[21:34:39.797]       Type 'Element | null' is not assignable to type 'ReactNode'.
[21:34:39.797]         Type 'Element' is not assignable to type 'ReactNode'.
[21:34:39.797]           Property 'children' is missing in type 'Element' but required in type 'ReactPortal'.
[21:34:39.797] src/pages/Marketplace.tsx(176,36): error TS2322: Type '{ children: any; size: string; color: string; fontFamily: string; }' is not assignable to type 'IntrinsicAttributes & HeadingProps'.
[21:34:39.797]   Property 'color' does not exist on type 'IntrinsicAttributes & HeadingProps'.
[21:34:39.797] src/pages/Marketplace.tsx(179,18): error TS2786: 'Text' cannot be used as a JSX component.
[21:34:39.797]   Its type 'ComponentType<TextProps>' is not a valid JSX element type.
[21:34:39.797]     Type 'ComponentType<TextProps>' is not assignable to type '(props: any, deprecatedLegacyContext?: any) => ReactNode'.
[21:34:39.797]       Type 'Element | null' is not assignable to type 'ReactNode'.
[21:34:39.797]         Type 'Element' is not assignable to type 'ReactNode'.
[21:34:39.797]           Property 'children' is missing in type 'Element' but required in type 'ReactPortal'.
[21:34:39.797] src/pages/Marketplace.tsx(195,14): error TS2746: This JSX tag's 'children' prop expects a single child of type 'ReactNode | undefined', but multiple children were provided.
[21:34:39.797] src/pages/Marketplace.tsx(195,14): error TS2786: 'VStack' cannot be used as a JSX component.
[21:34:39.797]   Its type 'ComponentType<VStackProps>' is not a valid JSX element type.
[21:34:39.797]     Type 'ComponentType<VStackProps>' is not assignable to type '(props: any, deprecatedLegacyContext?: any) => ReactNode'.
[21:34:39.797]       Type 'Element | null' is not assignable to type 'ReactNode'.
[21:34:39.797]         Type 'Element' is not assignable to type 'ReactNode'.
[21:34:39.797]           Property 'children' is missing in type 'Element' but required in type 'ReactPortal'.
[21:34:39.797] src/pages/Marketplace.tsx(196,16): error TS2786: 'Text' cannot be used as a JSX component.
[21:34:39.797]   Its type 'ComponentType<TextProps>' is not a valid JSX element type.
[21:34:39.797]     Type 'ComponentType<TextProps>' is not assignable to type '(props: any, deprecatedLegacyContext?: any) => ReactNode'.
[21:34:39.797]       Type 'Element | null' is not assignable to type 'ReactNode'.
[21:34:39.797]         Type 'Element' is not assignable to type 'ReactNode'.
[21:34:39.797]           Property 'children' is missing in type 'Element' but required in type 'ReactPortal'.
[21:34:39.797] src/pages/Marketplace.tsx(196,55): error TS2559: Type 'string' has no properties in common with type 'ReactNode'.
[21:34:39.797] src/pages/Marketplace.tsx(201,28): error TS7006: Parameter 'value' implicitly has an 'any' type.
[21:34:39.797] src/pages/Marketplace.tsx(210,18): error TS2786: 'Text' cannot be used as a JSX component.
[21:34:39.797]   Its type 'ComponentType<TextProps>' is not a valid JSX element type.
[21:34:39.797]     Type 'ComponentType<TextProps>' is not assignable to type '(props: any, deprecatedLegacyContext?: any) => ReactNode'.
[21:34:39.797]       Type 'Element | null' is not assignable to type 'ReactNode'.
[21:34:39.797]         Type 'Element' is not assignable to type 'ReactNode'.
[21:34:39.797]           Property 'children' is missing in type 'Element' but required in type 'ReactPortal'.
[21:34:39.797] src/pages/Marketplace.tsx(210,47): error TS2559: Type 'string' has no properties in common with type 'ReactNode'.
[21:34:39.797] src/pages/Marketplace.tsx(211,18): error TS2746: This JSX tag's 'children' prop expects a single child of type 'ReactNode | undefined', but multiple children were provided.
[21:34:39.797] src/pages/Marketplace.tsx(211,18): error TS2786: 'Text' cannot be used as a JSX component.
[21:34:39.797]   Its type 'ComponentType<TextProps>' is not a valid JSX element type.
[21:34:39.797]     Type 'ComponentType<TextProps>' is not assignable to type '(props: any, deprecatedLegacyContext?: any) => ReactNode'.
[21:34:39.797]       Type 'Element | null' is not assignable to type 'ReactNode'.
[21:34:39.797]         Type 'Element' is not assignable to type 'ReactNode'.
[21:34:39.797]           Property 'children' is missing in type 'Element' but required in type 'ReactPortal'.
[21:34:39.797] src/pages/Marketplace.tsx(215,14): error TS2786: 'Button' cannot be used as a JSX component.
[21:34:39.797]   Its type 'ComponentType<ButtonProps>' is not a valid JSX element type.
[21:34:39.797]     Type 'ComponentType<ButtonProps>' is not assignable to type '(props: any, deprecatedLegacyContext?: any) => ReactNode'.
[21:34:39.797]       Type 'Element | null' is not assignable to type 'ReactNode'.
[21:34:39.797]         Type 'Element' is not assignable to type 'ReactNode'.
[21:34:39.797]           Property 'children' is missing in type 'Element' but required in type 'ReactPortal'.
[21:34:39.797] src/pages/Marketplace.tsx(221,14): error TS2559: Type 'string' has no properties in common with type 'ReactNode'.
[21:34:39.797] src/pages/Marketplace.tsx(231,26): error TS7031: Binding element 'isOpen' implicitly has an 'any' type.
[21:34:39.797] src/pages/Marketplace.tsx(231,34): error TS7031: Binding element 'onClose' implicitly has an 'any' type.
[21:34:39.797] src/pages/Marketplace.tsx(231,43): error TS7031: Binding element 'filters' implicitly has an 'any' type.
[21:34:39.797] src/pages/Marketplace.tsx(231,52): error TS7031: Binding element 'setFilters' implicitly has an 'any' type.
[21:34:39.797] src/pages/Marketplace.tsx(231,64): error TS7031: Binding element 'categories' implicitly has an 'any' type.
[21:34:39.797] src/pages/Marketplace.tsx(235,33): error TS7006: Parameter 'category' implicitly has an 'any' type.
[21:34:39.797] src/pages/Marketplace.tsx(236,16): error TS7006: Parameter 'prev' implicitly has an 'any' type.
[21:34:39.797] src/pages/Marketplace.tsx(239,34): error TS7006: Parameter 'c' implicitly has an 'any' type.
[21:34:39.797] src/pages/Marketplace.tsx(244,30): error TS7006: Parameter 'field' implicitly has an 'any' type.
[21:34:39.797] src/pages/Marketplace.tsx(244,37): error TS7006: Parameter 'value' implicitly has an 'any' type.
[21:34:39.797] src/pages/Marketplace.tsx(245,16): error TS7006: Parameter 'prev' implicitly has an 'any' type.
[21:34:39.797] src/pages/Marketplace.tsx(265,14): error TS2786: 'Heading' cannot be used as a JSX component.
[21:34:39.797]   Its type 'ComponentType<HeadingProps>' is not a valid JSX element type.
[21:34:39.797]     Type 'ComponentType<HeadingProps>' is not assignable to type '(props: any, deprecatedLegacyContext?: any) => ReactNode'.
[21:34:39.797]       Type 'Element | null' is not assignable to type 'ReactNode'.
[21:34:39.797]         Type 'Element' is not assignable to type 'ReactNode'.
[21:34:39.797]           Property 'children' is missing in type 'Element' but required in type 'ReactPortal'.
[21:34:39.797] src/pages/Marketplace.tsx(265,46): error TS2559: Type 'string' has no properties in common with type 'ReactNode'.
[21:34:39.797] src/pages/Marketplace.tsx(271,12): error TS2746: This JSX tag's 'children' prop expects a single child of type 'ReactNode | undefined', but multiple children were provided.
[21:34:39.797] src/pages/Marketplace.tsx(271,12): error TS2786: 'VStack' cannot be used as a JSX component.
[21:34:39.797]   Its type 'ComponentType<VStackProps>' is not a valid JSX element type.
[21:34:39.797]     Type 'ComponentType<VStackProps>' is not assignable to type '(props: any, deprecatedLegacyContext?: any) => ReactNode'.
[21:34:39.797]       Type 'Element | null' is not assignable to type 'ReactNode'.
[21:34:39.797]         Type 'Element' is not assignable to type 'ReactNode'.
[21:34:39.797]           Property 'children' is missing in type 'Element' but required in type 'ReactPortal'.
[21:34:39.797] src/pages/Marketplace.tsx(273,14): error TS2746: This JSX tag's 'children' prop expects a single child of type 'ReactNode | undefined', but multiple children were provided.
[21:34:39.797] src/pages/Marketplace.tsx(273,14): error TS2786: 'FormControl' cannot be used as a JSX component.
[21:34:39.797]   Its type 'ComponentType<FormControlProps>' is not a valid JSX element type.
[21:34:39.797]     Type 'ComponentType<FormControlProps>' is not assignable to type '(props: any, deprecatedLegacyContext?: any) => ReactNode'.
[21:34:39.797]       Type 'Element | null' is not assignable to type 'ReactNode'.
[21:34:39.797]         Type 'Element' is not assignable to type 'ReactNode'.
[21:34:39.797]           Property 'children' is missing in type 'Element' but required in type 'ReactPortal'.
[21:34:39.797] src/pages/Marketplace.tsx(274,16): error TS2786: 'FormLabel' cannot be used as a JSX component.
[21:34:39.797]   Its type 'ComponentType<FormLabelProps>' is not a valid JSX element type.
[21:34:39.797]     Type 'ComponentType<FormLabelProps>' is not assignable to type '(props: any, deprecatedLegacyContext?: any) => ReactNode'.
[21:34:39.797]       Type 'Element | null' is not assignable to type 'ReactNode'.
[21:34:39.797]         Type 'Element' is not assignable to type 'ReactNode'.
[21:34:39.797]           Property 'children' is missing in type 'Element' but required in type 'ReactPortal'.
[21:34:39.797] src/pages/Marketplace.tsx(274,40): error TS2559: Type 'string' has no properties in common with type 'ReactNode'.
[21:34:39.797] src/pages/Marketplace.tsx(277,20): error TS2786: 'Icon' cannot be used as a JSX component.
[21:34:39.797]   Its type 'ComponentType<IconProps>' is not a valid JSX element type.
[21:34:39.797]     Type 'ComponentType<IconProps>' is not assignable to type '(props: any, deprecatedLegacyContext?: any) => ReactNode'.
[21:34:39.797]       Type 'Element | null' is not assignable to type 'ReactNode'.
[21:34:39.797]         Type 'Element' is not assignable to type 'ReactNode'.
[21:34:39.797]           Property 'children' is missing in type 'Element' but required in type 'ReactPortal'.
[21:34:39.797] src/pages/Marketplace.tsx(277,39): error TS2322: Type '{ as: any; color: string; }' is not assignable to type 'IntrinsicAttributes & IconProps'.
[21:34:39.797]   Property 'color' does not exist on type 'IntrinsicAttributes & IconProps'.
[21:34:39.797] src/pages/Marketplace.tsx(279,18): error TS2786: 'Input' cannot be used as a JSX component.
[21:34:39.797]   Its type 'ComponentType<InputProps>' is not a valid JSX element type.
[21:34:39.797]     Type 'ComponentType<InputProps>' is not assignable to type '(props: any, deprecatedLegacyContext?: any) => ReactNode'.
[21:34:39.797]       Type 'Element | null' is not assignable to type 'ReactNode'.
[21:34:39.797]         Type 'Element' is not assignable to type 'ReactNode'.
[21:34:39.797]           Property 'children' is missing in type 'Element' but required in type 'ReactPortal'.
[21:34:39.797] src/pages/Marketplace.tsx(282,47): error TS7006: Parameter 'prev' implicitly has an 'any' type.
[21:34:39.797] src/pages/Marketplace.tsx(286,19): error TS2322: Type '{ placeholder: string; value: any; onChange: (e: ChangeEvent<HTMLInputElement>) => any; bg: any; borderColor: any; color: string; _placeholder: { color: string; }; }' is not assignable to type 'IntrinsicAttributes & InputProps'.
[21:34:39.798]   Property '_placeholder' does not exist on type 'IntrinsicAttributes & InputProps'. Did you mean 'placeholder'?
[21:34:39.798] src/pages/Marketplace.tsx(292,14): error TS2746: This JSX tag's 'children' prop expects a single child of type 'ReactNode | undefined', but multiple children were provided.
[21:34:39.798] src/pages/Marketplace.tsx(292,14): error TS2786: 'VStack' cannot be used as a JSX component.
[21:34:39.798]   Its type 'ComponentType<VStackProps>' is not a valid JSX element type.
[21:34:39.798]     Type 'ComponentType<VStackProps>' is not assignable to type '(props: any, deprecatedLegacyContext?: any) => ReactNode'.
[21:34:39.798]       Type 'Element | null' is not assignable to type 'ReactNode'.
[21:34:39.798]         Type 'Element' is not assignable to type 'ReactNode'.
[21:34:39.798]           Property 'children' is missing in type 'Element' but required in type 'ReactPortal'.
[21:34:39.798] src/pages/Marketplace.tsx(293,16): error TS2786: 'Heading' cannot be used as a JSX component.
[21:34:39.798]   Its type 'ComponentType<HeadingProps>' is not a valid JSX element type.
[21:34:39.798]     Type 'ComponentType<HeadingProps>' is not assignable to type '(props: any, deprecatedLegacyContext?: any) => ReactNode'.
[21:34:39.798]       Type 'Element | null' is not assignable to type 'ReactNode'.
[21:34:39.798]         Type 'Element' is not assignable to type 'ReactNode'.
[21:34:39.798]           Property 'children' is missing in type 'Element' but required in type 'ReactPortal'.
[21:34:39.798] src/pages/Marketplace.tsx(293,48): error TS2559: Type 'string' has no properties in common with type 'ReactNode'.
[21:34:39.798] src/pages/Marketplace.tsx(294,16): error TS2746: This JSX tag's 'children' prop expects a single child of type 'ReactNode | undefined', but multiple children were provided.
[21:34:39.798] src/pages/Marketplace.tsx(294,16): error TS2786: 'FormControl' cannot be used as a JSX component.
[21:34:39.798]   Its type 'ComponentType<FormControlProps>' is not a valid JSX element type.
[21:34:39.798]     Type 'ComponentType<FormControlProps>' is not assignable to type '(props: any, deprecatedLegacyContext?: any) => ReactNode'.
[21:34:39.798]       Type 'Element | null' is not assignable to type 'ReactNode'.
[21:34:39.798]         Type 'Element' is not assignable to type 'ReactNode'.
[21:34:39.798]           Property 'children' is missing in type 'Element' but required in type 'ReactPortal'.
[21:34:39.798] src/pages/Marketplace.tsx(295,18): error TS2786: 'FormLabel' cannot be used as a JSX component.
[21:34:39.798]   Its type 'ComponentType<FormLabelProps>' is not a valid JSX element type.
[21:34:39.798]     Type 'ComponentType<FormLabelProps>' is not assignable to type '(props: any, deprecatedLegacyContext?: any) => ReactNode'.
[21:34:39.798]       Type 'Element | null' is not assignable to type 'ReactNode'.
[21:34:39.798]         Type 'Element' is not assignable to type 'ReactNode'.
[21:34:39.798]           Property 'children' is missing in type 'Element' but required in type 'ReactPortal'.
[21:34:39.798] src/pages/Marketplace.tsx(296,19): error TS2559: Type 'ReactElement<any, any>' has no properties in common with type 'ReactNode'.
[21:34:39.798] src/pages/Marketplace.tsx(297,22): error TS2786: 'Icon' cannot be used as a JSX component.
[21:34:39.798]   Its type 'ComponentType<IconProps>' is not a valid JSX element type.
[21:34:39.798]     Type 'ComponentType<IconProps>' is not assignable to type '(props: any, deprecatedLegacyContext?: any) => ReactNode'.
[21:34:39.798]       Type 'Element | null' is not assignable to type 'ReactNode'.
[21:34:39.798]         Type 'Element' is not assignable to type 'ReactNode'.
[21:34:39.798]           Property 'children' is missing in type 'Element' but required in type 'ReactPortal'.
[21:34:39.798] src/pages/Marketplace.tsx(297,39): error TS2322: Type '{ as: any; color: string; }' is not assignable to type 'IntrinsicAttributes & IconProps'.
[21:34:39.798]   Property 'color' does not exist on type 'IntrinsicAttributes & IconProps'.
[21:34:39.798] src/pages/Marketplace.tsx(298,22): error TS2786: 'Text' cannot be used as a JSX component.
[21:34:39.798]   Its type 'ComponentType<TextProps>' is not a valid JSX element type.
[21:34:39.798]     Type 'ComponentType<TextProps>' is not assignable to type '(props: any, deprecatedLegacyContext?: any) => ReactNode'.
[21:34:39.798]       Type 'Element | null' is not assignable to type 'ReactNode'.
[21:34:39.798]         Type 'Element' is not assignable to type 'ReactNode'.
[21:34:39.798]           Property 'children' is missing in type 'Element' but required in type 'ReactPortal'.
[21:34:39.798] src/pages/Marketplace.tsx(298,27): error TS2559: Type 'string' has no properties in common with type 'ReactNode'.
[21:34:39.798] src/pages/Marketplace.tsx(303,30): error TS7006: Parameter 'e' implicitly has an 'any' type.
[21:34:39.798] src/pages/Marketplace.tsx(303,47): error TS7006: Parameter 'prev' implicitly has an 'any' type.
[21:34:39.798] src/pages/Marketplace.tsx(307,16): error TS2746: This JSX tag's 'children' prop expects a single child of type 'ReactNode | undefined', but multiple children were provided.
[21:34:39.798] src/pages/Marketplace.tsx(307,16): error TS2786: 'FormControl' cannot be used as a JSX component.
[21:34:39.798]   Its type 'ComponentType<FormControlProps>' is not a valid JSX element type.
[21:34:39.798]     Type 'ComponentType<FormControlProps>' is not assignable to type '(props: any, deprecatedLegacyContext?: any) => ReactNode'.
[21:34:39.798]       Type 'Element | null' is not assignable to type 'ReactNode'.
[21:34:39.798]         Type 'Element' is not assignable to type 'ReactNode'.
[21:34:39.798]           Property 'children' is missing in type 'Element' but required in type 'ReactPortal'.
[21:34:39.798] src/pages/Marketplace.tsx(308,18): error TS2786: 'FormLabel' cannot be used as a JSX component.
[21:34:39.798]   Its type 'ComponentType<FormLabelProps>' is not a valid JSX element type.
[21:34:39.798]     Type 'ComponentType<FormLabelProps>' is not assignable to type '(props: any, deprecatedLegacyContext?: any) => ReactNode'.
[21:34:39.798]       Type 'Element | null' is not assignable to type 'ReactNode'.
[21:34:39.798]         Type 'Element' is not assignable to type 'ReactNode'.
[21:34:39.798]           Property 'children' is missing in type 'Element' but required in type 'ReactPortal'.
[21:34:39.798] src/pages/Marketplace.tsx(309,19): error TS2559: Type 'ReactElement<any, any>' has no properties in common with type 'ReactNode'.
[21:34:39.798] src/pages/Marketplace.tsx(310,22): error TS2786: 'Icon' cannot be used as a JSX component.
[21:34:39.798]   Its type 'ComponentType<IconProps>' is not a valid JSX element type.
[21:34:39.798]     Type 'ComponentType<IconProps>' is not assignable to type '(props: any, deprecatedLegacyContext?: any) => ReactNode'.
[21:34:39.798]       Type 'Element | null' is not assignable to type 'ReactNode'.
[21:34:39.798]         Type 'Element' is not assignable to type 'ReactNode'.
[21:34:39.798]           Property 'children' is missing in type 'Element' but required in type 'ReactPortal'.
[21:34:39.798] src/pages/Marketplace.tsx(310,40): error TS2322: Type '{ as: any; color: string; }' is not assignable to type 'IntrinsicAttributes & IconProps'.
[21:34:39.798]   Property 'color' does not exist on type 'IntrinsicAttributes & IconProps'.
[21:34:39.798] src/pages/Marketplace.tsx(311,22): error TS2786: 'Text' cannot be used as a JSX component.
[21:34:39.798]   Its type 'ComponentType<TextProps>' is not a valid JSX element type.
[21:34:39.798]     Type 'ComponentType<TextProps>' is not assignable to type '(props: any, deprecatedLegacyContext?: any) => ReactNode'.
[21:34:39.798]       Type 'Element | null' is not assignable to type 'ReactNode'.
[21:34:39.798]         Type 'Element' is not assignable to type 'ReactNode'.
[21:34:39.798]           Property 'children' is missing in type 'Element' but required in type 'ReactPortal'.
[21:34:39.798] src/pages/Marketplace.tsx(311,27): error TS2559: Type 'string' has no properties in common with type 'ReactNode'.
[21:34:39.798] src/pages/Marketplace.tsx(316,30): error TS7006: Parameter 'e' implicitly has an 'any' type.
[21:34:39.798] src/pages/Marketplace.tsx(316,47): error TS7006: Parameter 'prev' implicitly has an 'any' type.
[21:34:39.798] src/pages/Marketplace.tsx(325,14): error TS2746: This JSX tag's 'children' prop expects a single child of type 'ReactNode | undefined', but multiple children were provided.
[21:34:39.798] src/pages/Marketplace.tsx(325,14): error TS2786: 'VStack' cannot be used as a JSX component.
[21:34:39.798]   Its type 'ComponentType<VStackProps>' is not a valid JSX element type.
[21:34:39.798]     Type 'ComponentType<VStackProps>' is not assignable to type '(props: any, deprecatedLegacyContext?: any) => ReactNode'.
[21:34:39.798]       Type 'Element | null' is not assignable to type 'ReactNode'.
[21:34:39.798]         Type 'Element' is not assignable to type 'ReactNode'.
[21:34:39.798]           Property 'children' is missing in type 'Element' but required in type 'ReactPortal'.
[21:34:39.798] src/pages/Marketplace.tsx(326,16): error TS2786: 'Heading' cannot be used as a JSX component.
[21:34:39.798]   Its type 'ComponentType<HeadingProps>' is not a valid JSX element type.
[21:34:39.798]     Type 'ComponentType<HeadingProps>' is not assignable to type '(props: any, deprecatedLegacyContext?: any) => ReactNode'.
[21:34:39.798]       Type 'Element | null' is not assignable to type 'ReactNode'.
[21:34:39.798]         Type 'Element' is not assignable to type 'ReactNode'.
[21:34:39.798]           Property 'children' is missing in type 'Element' but required in type 'ReactPortal'.
[21:34:39.798] src/pages/Marketplace.tsx(326,48): error TS2559: Type 'string' has no properties in common with type 'ReactNode'.
[21:34:39.798] src/pages/Marketplace.tsx(327,16): error TS2746: This JSX tag's 'children' prop expects a single child of type 'ReactNode | undefined', but multiple children were provided.
[21:34:39.798] src/pages/Marketplace.tsx(327,16): error TS2786: 'Select' cannot be used as a JSX component.
[21:34:39.798]   Its type 'ComponentType<SelectProps>' is not a valid JSX element type.
[21:34:39.798]     Type 'ComponentType<SelectProps>' is not assignable to type '(props: any, deprecatedLegacyContext?: any) => ReactNode'.
[21:34:39.798]       Type 'Element | null' is not assignable to type 'ReactNode'.
[21:34:39.798]         Type 'Element' is not assignable to type 'ReactNode'.
[21:34:39.798]           Property 'children' is missing in type 'Element' but required in type 'ReactPortal'.
[21:34:39.798] src/pages/Marketplace.tsx(329,28): error TS7006: Parameter 'e' implicitly has an 'any' type.
[21:34:39.798] src/pages/Marketplace.tsx(329,45): error TS7006: Parameter 'prev' implicitly has an 'any' type.
[21:34:39.798] src/pages/Marketplace.tsx(344,14): error TS2746: This JSX tag's 'children' prop expects a single child of type 'ReactNode | undefined', but multiple children were provided.
[21:34:39.798] src/pages/Marketplace.tsx(344,14): error TS2786: 'VStack' cannot be used as a JSX component.
[21:34:39.798]   Its type 'ComponentType<VStackProps>' is not a valid JSX element type.
[21:34:39.799]     Type 'ComponentType<VStackProps>' is not assignable to type '(props: any, deprecatedLegacyContext?: any) => ReactNode'.
[21:34:39.799]       Type 'Element | null' is not assignable to type 'ReactNode'.
[21:34:39.799]         Type 'Element' is not assignable to type 'ReactNode'.
[21:34:39.799]           Property 'children' is missing in type 'Element' but required in type 'ReactPortal'.
[21:34:39.799] src/pages/Marketplace.tsx(345,16): error TS2786: 'Heading' cannot be used as a JSX component.
[21:34:39.799]   Its type 'ComponentType<HeadingProps>' is not a valid JSX element type.
[21:34:39.799]     Type 'ComponentType<HeadingProps>' is not assignable to type '(props: any, deprecatedLegacyContext?: any) => ReactNode'.
[21:34:39.799]       Type 'Element | null' is not assignable to type 'ReactNode'.
[21:34:39.799]         Type 'Element' is not assignable to type 'ReactNode'.
[21:34:39.799]           Property 'children' is missing in type 'Element' but required in type 'ReactPortal'.
[21:34:39.799] src/pages/Marketplace.tsx(345,48): error TS2559: Type 'string' has no properties in common with type 'ReactNode'.
[21:34:39.799] src/pages/Marketplace.tsx(351,30): error TS7006: Parameter 'value' implicitly has an 'any' type.
[21:34:39.799] src/pages/Marketplace.tsx(361,18): error TS2786: 'Text' cannot be used as a JSX component.
[21:34:39.799]   Its type 'ComponentType<TextProps>' is not a valid JSX element type.
[21:34:39.799]     Type 'ComponentType<TextProps>' is not assignable to type '(props: any, deprecatedLegacyContext?: any) => ReactNode'.
[21:34:39.799]       Type 'Element | null' is not assignable to type 'ReactNode'.
[21:34:39.800]         Type 'Element' is not assignable to type 'ReactNode'.
[21:34:39.800]           Property 'children' is missing in type 'Element' but required in type 'ReactPortal'.
[21:34:39.800] src/pages/Marketplace.tsx(361,47): error TS2559: Type 'string' has no properties in common with type 'ReactNode'.
[21:34:39.800] src/pages/Marketplace.tsx(365,30): error TS7006: Parameter 'value' implicitly has an 'any' type.
[21:34:39.800] src/pages/Marketplace.tsx(381,14): error TS2746: This JSX tag's 'children' prop expects a single child of type 'ReactNode | undefined', but multiple children were provided.
[21:34:39.800] src/pages/Marketplace.tsx(381,14): error TS2786: 'VStack' cannot be used as a JSX component.
[21:34:39.800]   Its type 'ComponentType<VStackProps>' is not a valid JSX element type.
[21:34:39.800]     Type 'ComponentType<VStackProps>' is not assignable to type '(props: any, deprecatedLegacyContext?: any) => ReactNode'.
[21:34:39.800]       Type 'Element | null' is not assignable to type 'ReactNode'.
[21:34:39.800]         Type 'Element' is not assignable to type 'ReactNode'.
[21:34:39.800]           Property 'children' is missing in type 'Element' but required in type 'ReactPortal'.
[21:34:39.800] src/pages/Marketplace.tsx(382,16): error TS2786: 'Heading' cannot be used as a JSX component.
[21:34:39.800]   Its type 'ComponentType<HeadingProps>' is not a valid JSX element type.
[21:34:39.800]     Type 'ComponentType<HeadingProps>' is not assignable to type '(props: any, deprecatedLegacyContext?: any) => ReactNode'.
[21:34:39.800]       Type 'Element | null' is not assignable to type 'ReactNode'.
[21:34:39.800]         Type 'Element' is not assignable to type 'ReactNode'.
[21:34:39.800]           Property 'children' is missing in type 'Element' but required in type 'ReactPortal'.
[21:34:39.800] src/pages/Marketplace.tsx(382,48): error TS2559: Type 'string' has no properties in common with type 'ReactNode'.
[21:34:39.800] src/pages/Marketplace.tsx(384,34): error TS7006: Parameter 'category' implicitly has an 'any' type.
[21:34:39.800] src/pages/Marketplace.tsx(403,14): error TS2786: 'Button' cannot be used as a JSX component.
[21:34:39.800]   Its type 'ComponentType<ButtonProps>' is not a valid JSX element type.
[21:34:39.800]     Type 'ComponentType<ButtonProps>' is not assignable to type '(props: any, deprecatedLegacyContext?: any) => ReactNode'.
[21:34:39.800]       Type 'Element | null' is not assignable to type 'ReactNode'.
[21:34:39.800]         Type 'Element' is not assignable to type 'ReactNode'.
[21:34:39.800]           Property 'children' is missing in type 'Element' but required in type 'ReactPortal'.
[21:34:39.800] src/pages/Marketplace.tsx(418,14): error TS2559: Type 'string' has no properties in common with type 'ReactNode'.
[21:34:39.800] src/pages/Marketplace.tsx(428,22): error TS7031: Binding element 'onOpen' implicitly has an 'any' type.
[21:34:39.800] src/pages/Marketplace.tsx(433,12): error TS2786: 'Icon' cannot be used as a JSX component.
[21:34:39.800]   Its type 'ComponentType<IconProps>' is not a valid JSX element type.
[21:34:39.800]     Type 'ComponentType<IconProps>' is not assignable to type '(props: any, deprecatedLegacyContext?: any) => ReactNode'.
[21:34:39.800]       Type 'Element | null' is not assignable to type 'ReactNode'.
[21:34:39.800]         Type 'Element' is not assignable to type 'ReactNode'.
[21:34:39.800]           Property 'children' is missing in type 'Element' but required in type 'ReactPortal'.
[21:34:39.800] src/pages/Marketplace.tsx(433,31): error TS2322: Type '{ as: any; color: string; }' is not assignable to type 'IntrinsicAttributes & IconProps'.
[21:34:39.800]   Property 'color' does not exist on type 'IntrinsicAttributes & IconProps'.
[21:34:39.800] src/pages/Marketplace.tsx(435,10): error TS2786: 'Input' cannot be used as a JSX component.
[21:34:39.800]   Its type 'ComponentType<InputProps>' is not a valid JSX element type.
[21:34:39.800]     Type 'ComponentType<InputProps>' is not assignable to type '(props: any, deprecatedLegacyContext?: any) => ReactNode'.
[21:34:39.800]       Type 'Element | null' is not assignable to type 'ReactNode'.
[21:34:39.800]         Type 'Element' is not assignable to type 'ReactNode'.
[21:34:39.800]           Property 'children' is missing in type 'Element' but required in type 'ReactPortal'.
[21:34:39.800] src/pages/Marketplace.tsx(440,11): error TS2322: Type '{ placeholder: string; bg: string; borderColor: string; color: string; _placeholder: { color: string; }; }' is not assignable to type 'IntrinsicAttributes & InputProps'.
[21:34:39.800]   Property '_placeholder' does not exist on type 'IntrinsicAttributes & InputProps'. Did you mean 'placeholder'?
[21:34:39.800] src/pages/Marketplace.tsx(444,8): error TS2786: 'Button' cannot be used as a JSX component.
[21:34:39.800]   Its type 'ComponentType<ButtonProps>' is not a valid JSX element type.
[21:34:39.800]     Type 'ComponentType<ButtonProps>' is not assignable to type '(props: any, deprecatedLegacyContext?: any) => ReactNode'.
[21:34:39.800]       Type 'Element | null' is not assignable to type 'ReactNode'.
[21:34:39.800]         Type 'Element' is not assignable to type 'ReactNode'.
[21:34:39.800]           Property 'children' is missing in type 'Element' but required in type 'ReactPortal'.
[21:34:39.800] src/pages/Marketplace.tsx(449,8): error TS2559: Type 'string' has no properties in common with type 'ReactNode'.
[21:34:39.800] src/pages/Marketplace.tsx(590,75): error TS2345: Argument of type 'string' is not assignable to parameter of type 'never'.
[21:34:39.800] src/pages/Marketplace.tsx(627,28): error TS7006: Parameter 'collection' implicitly has an 'any' type.
[21:34:39.800] src/pages/Marketplace.tsx(633,6): error TS2746: This JSX tag's 'children' prop expects a single child of type 'ReactNode', but multiple children were provided.
[21:34:39.800] src/pages/Marketplace.tsx(634,8): error TS2786: 'Box' cannot be used as a JSX component.
[21:34:39.800]   Its type 'ComponentType<BoxProps>' is not a valid JSX element type.
[21:34:39.800]     Type 'ComponentType<BoxProps>' is not assignable to type '(props: any, deprecatedLegacyContext?: any) => ReactNode'.
[21:34:39.800]       Type 'Element | null' is not assignable to type 'ReactNode'.
[21:34:39.800]         Type 'Element' is not assignable to type 'ReactNode'.
[21:34:39.800]           Property 'children' is missing in type 'Element' but required in type 'ReactPortal'.
[21:34:39.800] src/pages/Marketplace.tsx(635,9): error TS2559: Type 'ReactElement<any, any>' has no properties in common with type 'ReactNode'.
[21:34:39.801] src/pages/Marketplace.tsx(636,12): error TS2746: This JSX tag's 'children' prop expects a single child of type 'ReactNode | undefined', but multiple children were provided.
[21:34:39.801] src/pages/Marketplace.tsx(636,12): error TS2786: 'VStack' cannot be used as a JSX component.
[21:34:39.801]   Its type 'ComponentType<VStackProps>' is not a valid JSX element type.
[21:34:39.801]     Type 'ComponentType<VStackProps>' is not assignable to type '(props: any, deprecatedLegacyContext?: any) => ReactNode'.
[21:34:39.801]       Type 'Element | null' is not assignable to type 'ReactNode'.
[21:34:39.801]         Type 'Element' is not assignable to type 'ReactNode'.
[21:34:39.801]           Property 'children' is missing in type 'Element' but required in type 'ReactPortal'.
[21:34:39.801] src/pages/Marketplace.tsx(638,14): error TS2746: This JSX tag's 'children' prop expects a single child of type 'ReactNode | undefined', but multiple children were provided.
[21:34:39.801] src/pages/Marketplace.tsx(638,14): error TS2786: 'VStack' cannot be used as a JSX component.
[21:34:39.801]   Its type 'ComponentType<VStackProps>' is not a valid JSX element type.
[21:34:39.801]     Type 'ComponentType<VStackProps>' is not assignable to type '(props: any, deprecatedLegacyContext?: any) => ReactNode'.
[21:34:39.801]       Type 'Element | null' is not assignable to type 'ReactNode'.
[21:34:39.801]         Type 'Element' is not assignable to type 'ReactNode'.
[21:34:39.801]           Property 'children' is missing in type 'Element' but required in type 'ReactPortal'.
[21:34:39.803] src/pages/Marketplace.tsx(639,16): error TS2786: 'Heading' cannot be used as a JSX component.
[21:34:39.803]   Its type 'ComponentType<HeadingProps>' is not a valid JSX element type.
[21:34:39.803]     Type 'ComponentType<HeadingProps>' is not assignable to type '(props: any, deprecatedLegacyContext?: any) => ReactNode'.
[21:34:39.803]       Type 'Element | null' is not assignable to type 'ReactNode'.
[21:34:39.803]         Type 'Element' is not assignable to type 'ReactNode'.
[21:34:39.803]           Property 'children' is missing in type 'Element' but required in type 'ReactPortal'.
[21:34:39.803] src/pages/Marketplace.tsx(639,49): error TS2559: Type 'string' has no properties in common with type 'ReactNode'.
[21:34:39.803] src/pages/Marketplace.tsx(640,16): error TS2786: 'Text' cannot be used as a JSX component.
[21:34:39.803]   Its type 'ComponentType<TextProps>' is not a valid JSX element type.
[21:34:39.803]     Type 'ComponentType<TextProps>' is not assignable to type '(props: any, deprecatedLegacyContext?: any) => ReactNode'.
[21:34:39.803]       Type 'Element | null' is not assignable to type 'ReactNode'.
[21:34:39.803]         Type 'Element' is not assignable to type 'ReactNode'.
[21:34:39.803]           Property 'children' is missing in type 'Element' but required in type 'ReactPortal'.
[21:34:39.803] src/pages/Marketplace.tsx(640,59): error TS2559: Type 'string' has no properties in common with type 'ReactNode'.
[21:34:39.803] src/pages/Marketplace.tsx(649,14): error TS2746: This JSX tag's 'children' prop expects a single child of type 'ReactNode | undefined', but multiple children were provided.
[21:34:39.803] src/pages/Marketplace.tsx(649,14): error TS2786: 'VStack' cannot be used as a JSX component.
[21:34:39.803]   Its type 'ComponentType<VStackProps>' is not a valid JSX element type.
[21:34:39.803]     Type 'ComponentType<VStackProps>' is not assignable to type '(props: any, deprecatedLegacyContext?: any) => ReactNode'.
[21:34:39.803]       Type 'Element | null' is not assignable to type 'ReactNode'.
[21:34:39.803]         Type 'Element' is not assignable to type 'ReactNode'.
[21:34:39.803]           Property 'children' is missing in type 'Element' but required in type 'ReactPortal'.
[21:34:39.803] src/pages/Marketplace.tsx(651,18): error TS2786: 'Heading' cannot be used as a JSX component.
[21:34:39.803]   Its type 'ComponentType<HeadingProps>' is not a valid JSX element type.
[21:34:39.803]     Type 'ComponentType<HeadingProps>' is not assignable to type '(props: any, deprecatedLegacyContext?: any) => ReactNode'.
[21:34:39.803]       Type 'Element | null' is not assignable to type 'ReactNode'.
[21:34:39.803]         Type 'Element' is not assignable to type 'ReactNode'.
[21:34:39.803]           Property 'children' is missing in type 'Element' but required in type 'ReactPortal'.
[21:34:39.803] src/pages/Marketplace.tsx(651,50): error TS2559: Type 'string' has no properties in common with type 'ReactNode'.
[21:34:39.803] src/pages/Marketplace.tsx(652,18): error TS2746: This JSX tag's 'children' prop expects a single child of type 'ReactNode | undefined', but multiple children were provided.
[21:34:39.803] src/pages/Marketplace.tsx(652,18): error TS2786: 'Text' cannot be used as a JSX component.
[21:34:39.803]   Its type 'ComponentType<TextProps>' is not a valid JSX element type.
[21:34:39.803]     Type 'ComponentType<TextProps>' is not assignable to type '(props: any, deprecatedLegacyContext?: any) => ReactNode'.
[21:34:39.803]       Type 'Element | null' is not assignable to type 'ReactNode'.
[21:34:39.803]         Type 'Element' is not assignable to type 'ReactNode'.
[21:34:39.803]           Property 'children' is missing in type 'Element' but required in type 'ReactPortal'.
[21:34:39.803] src/pages/Marketplace.tsx(657,43): error TS7006: Parameter 'collection' implicitly has an 'any' type.
[21:34:39.803] src/pages/Monthly.tsx(5,3): error TS2305: Module '"@chakra-ui/react"' has no exported member 'SimpleGrid'.
[21:34:39.803] src/pages/Monthly.tsx(7,3): error TS2724: '"@chakra-ui/react"' has no exported member named 'HStack'. Did you mean 'VStack'?
[21:34:39.803] src/pages/Monthly.tsx(9,3): error TS2305: Module '"@chakra-ui/react"' has no exported member 'useColorModeValue'.
[21:34:39.803] src/pages/Monthly.tsx(10,3): error TS2305: Module '"@chakra-ui/react"' has no exported member 'Table'.
[21:34:39.803] src/pages/Monthly.tsx(11,3): error TS2305: Module '"@chakra-ui/react"' has no exported member 'Thead'.
[21:34:39.803] src/pages/Monthly.tsx(12,3): error TS2305: Module '"@chakra-ui/react"' has no exported member 'Tbody'.
[21:34:39.803] src/pages/Monthly.tsx(13,3): error TS2305: Module '"@chakra-ui/react"' has no exported member 'Tr'.
[21:34:39.803] src/pages/Monthly.tsx(14,3): error TS2305: Module '"@chakra-ui/react"' has no exported member 'Th'.
[21:34:39.803] src/pages/Monthly.tsx(15,3): error TS2305: Module '"@chakra-ui/react"' has no exported member 'Td'.
[21:34:39.803] src/pages/Monthly.tsx(16,3): error TS2305: Module '"@chakra-ui/react"' has no exported member 'Progress'.
[21:34:39.803] src/pages/Monthly.tsx(18,10): error TS2305: Module '"react-icons/fa"' has no exported member 'FaCalendarAlt'.
[21:34:39.803] src/pages/Monthly.tsx(18,25): error TS2305: Module '"react-icons/fa"' has no exported member 'FaChartLine'.
[21:34:39.803] src/pages/Monthly.tsx(18,25): error TS6133: 'FaChartLine' is declared but its value is never read.
[21:34:39.803] src/pages/Monthly.tsx(18,38): error TS2305: Module '"react-icons/fa"' has no exported member 'FaCoins'.
[21:34:39.803] src/pages/Monthly.tsx(18,38): error TS6133: 'FaCoins' is declared but its value is never read.
[21:34:39.803] src/pages/Monthly.tsx(18,47): error TS2305: Module '"react-icons/fa"' has no exported member 'FaUsers'.
[21:34:39.803] src/pages/Monthly.tsx(18,47): error TS6133: 'FaUsers' is declared but its value is never read.
[21:34:39.803] src/pages/Monthly.tsx(20,1): error TS6133: 'OverviewChart' is declared but its value is never read.
[21:34:39.803] src/pages/Monthly.tsx(41,7): error TS2559: Type 'ReactElement<any, any>' has no properties in common with type 'ReactNode'.
[21:34:39.803] src/pages/Monthly.tsx(41,8): error TS2746: This JSX tag's 'children' prop expects a single child of type 'ReactNode | undefined', but multiple children were provided.
[21:34:39.803] src/pages/Monthly.tsx(41,8): error TS2786: 'VStack' cannot be used as a JSX component.
[21:34:39.804]   Its type 'ComponentType<VStackProps>' is not a valid JSX element type.
[21:34:39.804]     Type 'ComponentType<VStackProps>' is not assignable to type '(props: any, deprecatedLegacyContext?: any) => ReactNode'.
[21:34:39.804]       Type 'Element | null' is not assignable to type 'ReactNode'.
[21:34:39.804]         Type 'Element' is not assignable to type 'ReactNode'.
[21:34:39.804]           Property 'children' is missing in type 'Element' but required in type 'ReactPortal'.
[21:34:39.804] src/pages/Monthly.tsx(42,10): error TS2746: This JSX tag's 'children' prop expects a single child of type 'ReactNode | undefined', but multiple children were provided.
[21:34:39.804] src/pages/Monthly.tsx(42,10): error TS2786: 'Box' cannot be used as a JSX component.
[21:34:39.804]   Its type 'ComponentType<BoxProps>' is not a valid JSX element type.
[21:34:39.804]     Type 'ComponentType<BoxProps>' is not assignable to type '(props: any, deprecatedLegacyContext?: any) => ReactNode'.
[21:34:39.804]       Type 'Element | null' is not assignable to type 'ReactNode'.
[21:34:39.804]         Type 'Element' is not assignable to type 'ReactNode'.
[21:34:39.804]           Property 'children' is missing in type 'Element' but required in type 'ReactPortal'.
[21:34:39.804] src/pages/Monthly.tsx(43,12): error TS2786: 'Heading' cannot be used as a JSX component.
[21:34:39.804]   Its type 'ComponentType<HeadingProps>' is not a valid JSX element type.
[21:34:39.804]     Type 'ComponentType<HeadingProps>' is not assignable to type '(props: any, deprecatedLegacyContext?: any) => ReactNode'.
[21:34:39.804]       Type 'Element | null' is not assignable to type 'ReactNode'.
[21:34:39.804]         Type 'Element' is not assignable to type 'ReactNode'.
[21:34:39.804]           Property 'children' is missing in type 'Element' but required in type 'ReactPortal'.
[21:34:39.804] src/pages/Monthly.tsx(43,55): error TS2559: Type 'string' has no properties in common with type 'ReactNode'.
[21:34:39.804] src/pages/Monthly.tsx(44,12): error TS2786: 'Text' cannot be used as a JSX component.
[21:34:39.804]   Its type 'ComponentType<TextProps>' is not a valid JSX element type.
[21:34:39.804]     Type 'ComponentType<TextProps>' is not assignable to type '(props: any, deprecatedLegacyContext?: any) => ReactNode'.
[21:34:39.804]       Type 'Element | null' is not assignable to type 'ReactNode'.
[21:34:39.804]         Type 'Element' is not assignable to type 'ReactNode'.
[21:34:39.804]           Property 'children' is missing in type 'Element' but required in type 'ReactPortal'.
[21:34:39.804] src/pages/Monthly.tsx(44,41): error TS2559: Type 'string' has no properties in common with type 'ReactNode'.
[21:34:39.804] src/pages/Monthly.tsx(48,12): error TS2746: This JSX tag's 'children' prop expects a single child of type 'ReactNode | undefined', but multiple children were provided.
[21:34:39.804] src/pages/Monthly.tsx(48,12): error TS2786: 'Box' cannot be used as a JSX component.
[21:34:39.804]   Its type 'ComponentType<BoxProps>' is not a valid JSX element type.
[21:34:39.804]     Type 'ComponentType<BoxProps>' is not assignable to type '(props: any, deprecatedLegacyContext?: any) => ReactNode'.
[21:34:39.804]       Type 'Element | null' is not assignable to type 'ReactNode'.
[21:34:39.804]         Type 'Element' is not assignable to type 'ReactNode'.
[21:34:39.804]           Property 'children' is missing in type 'Element' but required in type 'ReactPortal'.
[21:34:39.804] src/pages/Monthly.tsx(55,14): error TS2786: 'Heading' cannot be used as a JSX component.
[21:34:39.804]   Its type 'ComponentType<HeadingProps>' is not a valid JSX element type.
[21:34:39.804]     Type 'ComponentType<HeadingProps>' is not assignable to type '(props: any, deprecatedLegacyContext?: any) => ReactNode'.
[21:34:39.804]       Type 'Element | null' is not assignable to type 'ReactNode'.
[21:34:39.804]         Type 'Element' is not assignable to type 'ReactNode'.
[21:34:39.804]           Property 'children' is missing in type 'Element' but required in type 'ReactPortal'.
[21:34:39.804] src/pages/Monthly.tsx(55,74): error TS2559: Type 'string' has no properties in common with type 'ReactNode'.
[21:34:39.804] src/pages/Monthly.tsx(56,14): error TS2786: 'VStack' cannot be used as a JSX component.
[21:34:39.804]   Its type 'ComponentType<VStackProps>' is not a valid JSX element type.
[21:34:39.804]     Type 'ComponentType<VStackProps>' is not assignable to type '(props: any, deprecatedLegacyContext?: any) => ReactNode'.
[21:34:39.804]       Type 'Element | null' is not assignable to type 'ReactNode'.
[21:34:39.804]         Type 'Element' is not assignable to type 'ReactNode'.
[21:34:39.804]           Property 'children' is missing in type 'Element' but required in type 'ReactPortal'.
[21:34:39.804] src/pages/Monthly.tsx(57,15): error TS2559: Type 'Element[]' has no properties in common with type 'ReactNode'.
[21:34:39.804] src/pages/Monthly.tsx(58,18): error TS2746: This JSX tag's 'children' prop expects a single child of type 'ReactNode | undefined', but multiple children were provided.
[21:34:39.804] src/pages/Monthly.tsx(58,18): error TS2786: 'Box' cannot be used as a JSX component.
[21:34:39.804]   Its type 'ComponentType<BoxProps>' is not a valid JSX element type.
[21:34:39.804]     Type 'ComponentType<BoxProps>' is not assignable to type '(props: any, deprecatedLegacyContext?: any) => ReactNode'.
[21:34:39.804]       Type 'Element | null' is not assignable to type 'ReactNode'.
[21:34:39.804]         Type 'Element' is not assignable to type 'ReactNode'.
[21:34:39.804]           Property 'children' is missing in type 'Element' but required in type 'ReactPortal'.
[21:34:39.804] src/pages/Monthly.tsx(60,22): error TS2786: 'Text' cannot be used as a JSX component.
[21:34:39.804]   Its type 'ComponentType<TextProps>' is not a valid JSX element type.
[21:34:39.804]     Type 'ComponentType<TextProps>' is not assignable to type '(props: any, deprecatedLegacyContext?: any) => ReactNode'.
[21:34:39.804]       Type 'Element | null' is not assignable to type 'ReactNode'.
[21:34:39.804]         Type 'Element' is not assignable to type 'ReactNode'.
[21:34:39.804]           Property 'children' is missing in type 'Element' but required in type 'ReactPortal'.
[21:34:39.804] src/pages/Monthly.tsx(60,51): error TS2559: Type 'string' has no properties in common with type 'ReactNode'.
[21:34:39.804] src/pages/Monthly.tsx(61,22): error TS2746: This JSX tag's 'children' prop expects a single child of type 'ReactNode | undefined', but multiple children were provided.
[21:34:39.804] src/pages/Monthly.tsx(61,22): error TS2786: 'Text' cannot be used as a JSX component.
[21:34:39.804]   Its type 'ComponentType<TextProps>' is not a valid JSX element type.
[21:34:39.804]     Type 'ComponentType<TextProps>' is not assignable to type '(props: any, deprecatedLegacyContext?: any) => ReactNode'.
[21:34:39.804]       Type 'Element | null' is not assignable to type 'ReactNode'.
[21:34:39.804]         Type 'Element' is not assignable to type 'ReactNode'.
[21:34:39.804]           Property 'children' is missing in type 'Element' but required in type 'ReactPortal'.
[21:34:39.804] src/pages/Monthly.tsx(73,12): error TS2746: This JSX tag's 'children' prop expects a single child of type 'ReactNode | undefined', but multiple children were provided.
[21:34:39.804] src/pages/Monthly.tsx(73,12): error TS2786: 'Box' cannot be used as a JSX component.
[21:34:39.804]   Its type 'ComponentType<BoxProps>' is not a valid JSX element type.
[21:34:39.804]     Type 'ComponentType<BoxProps>' is not assignable to type '(props: any, deprecatedLegacyContext?: any) => ReactNode'.
[21:34:39.804]       Type 'Element | null' is not assignable to type 'ReactNode'.
[21:34:39.804]         Type 'Element' is not assignable to type 'ReactNode'.
[21:34:39.804]           Property 'children' is missing in type 'Element' but required in type 'ReactPortal'.
[21:34:39.804] src/pages/Monthly.tsx(80,14): error TS2786: 'Heading' cannot be used as a JSX component.
[21:34:39.804]   Its type 'ComponentType<HeadingProps>' is not a valid JSX element type.
[21:34:39.804]     Type 'ComponentType<HeadingProps>' is not assignable to type '(props: any, deprecatedLegacyContext?: any) => ReactNode'.
[21:34:39.804]       Type 'Element | null' is not assignable to type 'ReactNode'.
[21:34:39.804]         Type 'Element' is not assignable to type 'ReactNode'.
[21:34:39.805]           Property 'children' is missing in type 'Element' but required in type 'ReactPortal'.
[21:34:39.805] src/pages/Monthly.tsx(80,74): error TS2559: Type 'string' has no properties in common with type 'ReactNode'.
[21:34:39.805] src/pages/Monthly.tsx(81,14): error TS2786: 'VStack' cannot be used as a JSX component.
[21:34:39.805]   Its type 'ComponentType<VStackProps>' is not a valid JSX element type.
[21:34:39.805]     Type 'ComponentType<VStackProps>' is not assignable to type '(props: any, deprecatedLegacyContext?: any) => ReactNode'.
[21:34:39.805]       Type 'Element | null' is not assignable to type 'ReactNode'.
[21:34:39.805]         Type 'Element' is not assignable to type 'ReactNode'.
[21:34:39.805]           Property 'children' is missing in type 'Element' but required in type 'ReactPortal'.
[21:34:39.818] src/pages/Monthly.tsx(82,15): error TS2559: Type 'Element[]' has no properties in common with type 'ReactNode'.
[21:34:39.818] src/pages/Monthly.tsx(83,18): error TS2746: This JSX tag's 'children' prop expects a single child of type 'ReactNode | undefined', but multiple children were provided.
[21:34:39.818] src/pages/Monthly.tsx(83,18): error TS2786: 'Box' cannot be used as a JSX component.
[21:34:39.818]   Its type 'ComponentType<BoxProps>' is not a valid JSX element type.
[21:34:39.818]     Type 'ComponentType<BoxProps>' is not assignable to type '(props: any, deprecatedLegacyContext?: any) => ReactNode'.
[21:34:39.818]       Type 'Element | null' is not assignable to type 'ReactNode'.
[21:34:39.818]         Type 'Element' is not assignable to type 'ReactNode'.
[21:34:39.818]           Property 'children' is missing in type 'Element' but required in type 'ReactPortal'.
[21:34:39.818] src/pages/Monthly.tsx(85,22): error TS2786: 'Text' cannot be used as a JSX component.
[21:34:39.818]   Its type 'ComponentType<TextProps>' is not a valid JSX element type.
[21:34:39.818]     Type 'ComponentType<TextProps>' is not assignable to type '(props: any, deprecatedLegacyContext?: any) => ReactNode'.
[21:34:39.818]       Type 'Element | null' is not assignable to type 'ReactNode'.
[21:34:39.818]         Type 'Element' is not assignable to type 'ReactNode'.
[21:34:39.818]           Property 'children' is missing in type 'Element' but required in type 'ReactPortal'.
[21:34:39.818] src/pages/Monthly.tsx(85,51): error TS2559: Type 'string' has no properties in common with type 'ReactNode'.
[21:34:39.818] src/pages/Monthly.tsx(86,22): error TS2746: This JSX tag's 'children' prop expects a single child of type 'ReactNode | undefined', but multiple children were provided.
[21:34:39.818] src/pages/Monthly.tsx(86,22): error TS2786: 'Text' cannot be used as a JSX component.
[21:34:39.818]   Its type 'ComponentType<TextProps>' is not a valid JSX element type.
[21:34:39.818]     Type 'ComponentType<TextProps>' is not assignable to type '(props: any, deprecatedLegacyContext?: any) => ReactNode'.
[21:34:39.818]       Type 'Element | null' is not assignable to type 'ReactNode'.
[21:34:39.818]         Type 'Element' is not assignable to type 'ReactNode'.
[21:34:39.818]           Property 'children' is missing in type 'Element' but required in type 'ReactPortal'.
[21:34:39.818] src/pages/Monthly.tsx(99,10): error TS2746: This JSX tag's 'children' prop expects a single child of type 'ReactNode | undefined', but multiple children were provided.
[21:34:39.818] src/pages/Monthly.tsx(99,10): error TS2786: 'Box' cannot be used as a JSX component.
[21:34:39.833]   Its type 'ComponentType<BoxProps>' is not a valid JSX element type.
[21:34:39.833]     Type 'ComponentType<BoxProps>' is not assignable to type '(props: any, deprecatedLegacyContext?: any) => ReactNode'.
[21:34:39.833]       Type 'Element | null' is not assignable to type 'ReactNode'.
[21:34:39.833]         Type 'Element' is not assignable to type 'ReactNode'.
[21:34:39.833]           Property 'children' is missing in type 'Element' but required in type 'ReactPortal'.
[21:34:39.833] src/pages/Monthly.tsx(107,14): error TS2786: 'Icon' cannot be used as a JSX component.
[21:34:39.833]   Its type 'ComponentType<IconProps>' is not a valid JSX element type.
[21:34:39.833]     Type 'ComponentType<IconProps>' is not assignable to type '(props: any, deprecatedLegacyContext?: any) => ReactNode'.
[21:34:39.833]       Type 'Element | null' is not assignable to type 'ReactNode'.
[21:34:39.833]         Type 'Element' is not assignable to type 'ReactNode'.
[21:34:39.833]           Property 'children' is missing in type 'Element' but required in type 'ReactPortal'.
[21:34:39.833] src/pages/Monthly.tsx(107,38): error TS2322: Type '{ as: any; w: number; h: number; color: string; }' is not assignable to type 'IntrinsicAttributes & IconProps'.
[21:34:39.833]   Property 'w' does not exist on type 'IntrinsicAttributes & IconProps'.
[21:34:39.833] src/pages/Monthly.tsx(108,14): error TS2786: 'Heading' cannot be used as a JSX component.
[21:34:39.833]   Its type 'ComponentType<HeadingProps>' is not a valid JSX element type.
[21:34:39.833]     Type 'ComponentType<HeadingProps>' is not assignable to type '(props: any, deprecatedLegacyContext?: any) => ReactNode'.
[21:34:39.833]       Type 'Element | null' is not assignable to type 'ReactNode'.
[21:34:39.833]         Type 'Element' is not assignable to type 'ReactNode'.
[21:34:39.833]           Property 'children' is missing in type 'Element' but required in type 'ReactPortal'.
[21:34:39.833] src/pages/Monthly.tsx(108,67): error TS2559: Type 'string' has no properties in common with type 'ReactNode'.
[21:34:39.833] src/pages/Overview.tsx(6,3): error TS2305: Module '"@chakra-ui/react"' has no exported member 'SimpleGrid'.
[21:34:39.833] src/pages/Overview.tsx(7,3): error TS2724: '"@chakra-ui/react"' has no exported member named 'HStack'. Did you mean 'VStack'?
[21:34:39.833] src/pages/Overview.tsx(9,3): error TS2305: Module '"@chakra-ui/react"' has no exported member 'Stat'.
[21:34:39.833] src/pages/Overview.tsx(10,3): error TS2305: Module '"@chakra-ui/react"' has no exported member 'StatLabel'.
[21:34:39.833] src/pages/Overview.tsx(11,3): error TS2305: Module '"@chakra-ui/react"' has no exported member 'StatNumber'.
[21:34:39.833] src/pages/Overview.tsx(12,3): error TS2305: Module '"@chakra-ui/react"' has no exported member 'StatHelpText'.
[21:34:39.833] src/pages/Overview.tsx(13,3): error TS2305: Module '"@chakra-ui/react"' has no exported member 'StatArrow'.
[21:34:39.833] src/pages/Overview.tsx(14,3): error TS2305: Module '"@chakra-ui/react"' has no exported member 'useColorModeValue'.
[21:34:39.833] src/pages/Overview.tsx(21,7): error TS6133: 'MotionBox' is declared but its value is never read.
[21:34:39.833] src/pages/Overview.tsx(29,7): error TS2559: Type 'ReactElement<any, any>' has no properties in common with type 'ReactNode'.
[21:34:39.833] src/pages/Overview.tsx(29,8): error TS2746: This JSX tag's 'children' prop expects a single child of type 'ReactNode | undefined', but multiple children were provided.
[21:34:39.833] src/pages/Overview.tsx(29,8): error TS2786: 'VStack' cannot be used as a JSX component.
[21:34:39.833]   Its type 'ComponentType<VStackProps>' is not a valid JSX element type.
[21:34:39.833]     Type 'ComponentType<VStackProps>' is not assignable to type '(props: any, deprecatedLegacyContext?: any) => ReactNode'.
[21:34:39.833]       Type 'Element | null' is not assignable to type 'ReactNode'.
[21:34:39.833]         Type 'Element' is not assignable to type 'ReactNode'.
[21:34:39.833]           Property 'children' is missing in type 'Element' but required in type 'ReactPortal'.
[21:34:39.833] src/pages/Overview.tsx(30,10): error TS2746: This JSX tag's 'children' prop expects a single child of type 'ReactNode | undefined', but multiple children were provided.
[21:34:39.833] src/pages/Overview.tsx(30,10): error TS2786: 'Box' cannot be used as a JSX component.
[21:34:39.833]   Its type 'ComponentType<BoxProps>' is not a valid JSX element type.
[21:34:39.833]     Type 'ComponentType<BoxProps>' is not assignable to type '(props: any, deprecatedLegacyContext?: any) => ReactNode'.
[21:34:39.833]       Type 'Element | null' is not assignable to type 'ReactNode'.
[21:34:39.833]         Type 'Element' is not assignable to type 'ReactNode'.
[21:34:39.833]           Property 'children' is missing in type 'Element' but required in type 'ReactPortal'.
[21:34:39.833] src/pages/Overview.tsx(31,12): error TS2786: 'Heading' cannot be used as a JSX component.
[21:34:39.833]   Its type 'ComponentType<HeadingProps>' is not a valid JSX element type.
[21:34:39.833]     Type 'ComponentType<HeadingProps>' is not assignable to type '(props: any, deprecatedLegacyContext?: any) => ReactNode'.
[21:34:39.833]       Type 'Element | null' is not assignable to type 'ReactNode'.
[21:34:39.833]         Type 'Element' is not assignable to type 'ReactNode'.
[21:34:39.833]           Property 'children' is missing in type 'Element' but required in type 'ReactPortal'.
[21:34:39.833] src/pages/Overview.tsx(31,55): error TS2559: Type 'string' has no properties in common with type 'ReactNode'.
[21:34:39.833] src/pages/Overview.tsx(32,12): error TS2786: 'Text' cannot be used as a JSX component.
[21:34:39.833]   Its type 'ComponentType<TextProps>' is not a valid JSX element type.
[21:34:39.833]     Type 'ComponentType<TextProps>' is not assignable to type '(props: any, deprecatedLegacyContext?: any) => ReactNode'.
[21:34:39.833]       Type 'Element | null' is not assignable to type 'ReactNode'.
[21:34:39.833]         Type 'Element' is not assignable to type 'ReactNode'.
[21:34:39.833]           Property 'children' is missing in type 'Element' but required in type 'ReactPortal'.
[21:34:39.833] src/pages/Overview.tsx(32,41): error TS2559: Type 'string' has no properties in common with type 'ReactNode'.
[21:34:39.833] src/pages/Overview.tsx(37,14): error TS2786: 'Box' cannot be used as a JSX component.
[21:34:39.833]   Its type 'ComponentType<BoxProps>' is not a valid JSX element type.
[21:34:39.833]     Type 'ComponentType<BoxProps>' is not assignable to type '(props: any, deprecatedLegacyContext?: any) => ReactNode'.
[21:34:39.833]       Type 'Element | null' is not assignable to type 'ReactNode'.
[21:34:39.833]         Type 'Element' is not assignable to type 'ReactNode'.
[21:34:39.833]           Property 'children' is missing in type 'Element' but required in type 'ReactPortal'.
[21:34:39.833] src/pages/Overview.tsx(45,15): error TS2559: Type 'ReactElement<any, any>' has no properties in common with type 'ReactNode'.
[21:34:39.833] src/pages/Overview.tsx(48,20): error TS2786: 'Icon' cannot be used as a JSX component.
[21:34:39.833]   Its type 'ComponentType<IconProps>' is not a valid JSX element type.
[21:34:39.834]     Type 'ComponentType<IconProps>' is not assignable to type '(props: any, deprecatedLegacyContext?: any) => ReactNode'.
[21:34:39.834]       Type 'Element | null' is not assignable to type 'ReactNode'.
[21:34:39.834]         Type 'Element' is not assignable to type 'ReactNode'.
[21:34:39.834]           Property 'children' is missing in type 'Element' but required in type 'ReactPortal'.
[21:34:39.834] src/pages/Overview.tsx(48,40): error TS2322: Type '{ as: any; w: number; h: number; color: string; }' is not assignable to type 'IntrinsicAttributes & IconProps'.
[21:34:39.834]   Property 'w' does not exist on type 'IntrinsicAttributes & IconProps'.
[21:34:39.834] src/pages/Overview.tsx(62,10): error TS2746: This JSX tag's 'children' prop expects a single child of type 'ReactNode | undefined', but multiple children were provided.
[21:34:39.834] src/pages/Overview.tsx(62,10): error TS2786: 'Box' cannot be used as a JSX component.
[21:34:39.834]   Its type 'ComponentType<BoxProps>' is not a valid JSX element type.
[21:34:39.834]     Type 'ComponentType<BoxProps>' is not assignable to type '(props: any, deprecatedLegacyContext?: any) => ReactNode'.
[21:34:39.834]       Type 'Element | null' is not assignable to type 'ReactNode'.
[21:34:39.834]         Type 'Element' is not assignable to type 'ReactNode'.
[21:34:39.834]           Property 'children' is missing in type 'Element' but required in type 'ReactPortal'.
[21:34:39.834] src/pages/Overview.tsx(69,12): error TS2786: 'Heading' cannot be used as a JSX component.
[21:34:39.834]   Its type 'ComponentType<HeadingProps>' is not a valid JSX element type.
[21:34:39.834]     Type 'ComponentType<HeadingProps>' is not assignable to type '(props: any, deprecatedLegacyContext?: any) => ReactNode'.
[21:34:39.834]       Type 'Element | null' is not assignable to type 'ReactNode'.
[21:34:39.834]         Type 'Element' is not assignable to type 'ReactNode'.
[21:34:39.834]           Property 'children' is missing in type 'Element' but required in type 'ReactPortal'.
[21:34:39.834] src/pages/Overview.tsx(69,72): error TS2559: Type 'string' has no properties in common with type 'ReactNode'.
[21:34:39.834] src/pages/Overview.tsx(70,12): error TS2786: 'Box' cannot be used as a JSX component.
[21:34:39.834]   Its type 'ComponentType<BoxProps>' is not a valid JSX element type.
[21:34:39.834]     Type 'ComponentType<BoxProps>' is not assignable to type '(props: any, deprecatedLegacyContext?: any) => ReactNode'.
[21:34:39.834]       Type 'Element | null' is not assignable to type 'ReactNode'.
[21:34:39.834]         Type 'Element' is not assignable to type 'ReactNode'.
[21:34:39.834]           Property 'children' is missing in type 'Element' but required in type 'ReactPortal'.
[21:34:39.834] src/pages/Overview.tsx(71,13): error TS2559: Type 'ReactElement<any, any>' has no properties in common with type 'ReactNode'.
[21:34:39.834] src/pages/Products.tsx(6,3): error TS2305: Module '"@chakra-ui/react"' has no exported member 'Container'.
[21:34:39.834] src/pages/Products.tsx(7,3): error TS2305: Module '"@chakra-ui/react"' has no exported member 'useColorModeValue'.
[21:34:39.834] src/pages/Products.tsx(16,7): error TS2559: Type 'ReactElement<any, any>' has no properties in common with type 'ReactNode'.
[21:34:39.840] src/pages/Products.tsx(16,8): error TS2786: 'Box' cannot be used as a JSX component.
[21:34:39.840]   Its type 'ComponentType<BoxProps>' is not a valid JSX element type.
[21:34:39.840]     Type 'ComponentType<BoxProps>' is not assignable to type '(props: any, deprecatedLegacyContext?: any) => ReactNode'.
[21:34:39.840]       Type 'Element | null' is not assignable to type 'ReactNode'.
[21:34:39.840]         Type 'Element' is not assignable to type 'ReactNode'.
[21:34:39.840]           Property 'children' is missing in type 'Element' but required in type 'ReactPortal'.
[21:34:39.840] src/pages/Products.tsx(17,9): error TS2559: Type 'ReactElement<any, any>' has no properties in common with type 'ReactNode'.
[21:34:39.840] src/pages/Products.tsx(18,12): error TS2746: This JSX tag's 'children' prop expects a single child of type 'ReactNode | undefined', but multiple children were provided.
[21:34:39.840] src/pages/Products.tsx(18,12): error TS2786: 'VStack' cannot be used as a JSX component.
[21:34:39.840]   Its type 'ComponentType<VStackProps>' is not a valid JSX element type.
[21:34:39.840]     Type 'ComponentType<VStackProps>' is not assignable to type '(props: any, deprecatedLegacyContext?: any) => ReactNode'.
[21:34:39.840]       Type 'Element | null' is not assignable to type 'ReactNode'.
[21:34:39.840]         Type 'Element' is not assignable to type 'ReactNode'.
[21:34:39.840]           Property 'children' is missing in type 'Element' but required in type 'ReactPortal'.
[21:34:39.840] src/pages/Products.tsx(19,14): error TS2786: 'Heading' cannot be used as a JSX component.
[21:34:39.840]   Its type 'ComponentType<HeadingProps>' is not a valid JSX element type.
[21:34:39.840]     Type 'ComponentType<HeadingProps>' is not assignable to type '(props: any, deprecatedLegacyContext?: any) => ReactNode'.
[21:34:39.840]       Type 'Element | null' is not assignable to type 'ReactNode'.
[21:34:39.840]         Type 'Element' is not assignable to type 'ReactNode'.
[21:34:39.840]           Property 'children' is missing in type 'Element' but required in type 'ReactPortal'.
[21:34:39.840] src/pages/Products.tsx(19,57): error TS2559: Type 'string' has no properties in common with type 'ReactNode'.
[21:34:39.840] src/pages/Products.tsx(20,14): error TS2786: 'Text' cannot be used as a JSX component.
[21:34:39.840]   Its type 'ComponentType<TextProps>' is not a valid JSX element type.
[21:34:39.840]     Type 'ComponentType<TextProps>' is not assignable to type '(props: any, deprecatedLegacyContext?: any) => ReactNode'.
[21:34:39.840]       Type 'Element | null' is not assignable to type 'ReactNode'.
[21:34:39.840]         Type 'Element' is not assignable to type 'ReactNode'.
[21:34:39.840]           Property 'children' is missing in type 'Element' but required in type 'ReactPortal'.
[21:34:39.840] src/pages/Products.tsx(20,57): error TS2559: Type 'string' has no properties in common with type 'ReactNode'.
[21:34:39.840] src/pages/Products.tsx(21,14): error TS2786: 'Text' cannot be used as a JSX component.
[21:34:39.840]   Its type 'ComponentType<TextProps>' is not a valid JSX element type.
[21:34:39.840]     Type 'ComponentType<TextProps>' is not assignable to type '(props: any, deprecatedLegacyContext?: any) => ReactNode'.
[21:34:39.840]       Type 'Element | null' is not assignable to type 'ReactNode'.
[21:34:39.840]         Type 'Element' is not assignable to type 'ReactNode'.
[21:34:39.840]           Property 'children' is missing in type 'Element' but required in type 'ReactPortal'.
[21:34:39.840] src/pages/Products.tsx(21,43): error TS2559: Type 'string' has no properties in common with type 'ReactNode'.
[21:34:39.840] src/pages/Profile.tsx(3,3): error TS2305: Module '"@chakra-ui/react"' has no exported member 'Container'.
[21:34:39.840] src/pages/Profile.tsx(5,3): error TS2724: '"@chakra-ui/react"' has no exported member named 'HStack'. Did you mean 'VStack'?
[21:34:39.840] src/pages/Profile.tsx(8,3): error TS2305: Module '"@chakra-ui/react"' has no exported member 'Avatar'.
[21:34:39.840] src/pages/Profile.tsx(10,3): error TS2305: Module '"@chakra-ui/react"' has no exported member 'SimpleGrid'.
[21:34:39.840] src/pages/Profile.tsx(11,3): error TS2305: Module '"@chakra-ui/react"' has no exported member 'Stat'.
[21:34:39.840] src/pages/Profile.tsx(12,3): error TS2305: Module '"@chakra-ui/react"' has no exported member 'StatLabel'.
[21:34:39.840] src/pages/Profile.tsx(13,3): error TS2305: Module '"@chakra-ui/react"' has no exported member 'StatNumber'.
[21:34:39.840] src/pages/Profile.tsx(14,3): error TS2305: Module '"@chakra-ui/react"' has no exported member 'StatHelpText'.
[21:34:39.840] src/pages/Profile.tsx(15,3): error TS2305: Module '"@chakra-ui/react"' has no exported member 'Badge'.
[21:34:39.840] src/pages/Profile.tsx(16,3): error TS2305: Module '"@chakra-ui/react"' has no exported member 'useColorModeValue'.
[21:34:39.840] src/pages/Profile.tsx(18,10): error TS2305: Module '"react-icons/fa"' has no exported member 'FaEdit'.
[21:34:39.840] src/pages/Profile.tsx(18,18): error TS2305: Module '"react-icons/fa"' has no exported member 'FaWallet'.
[21:34:39.840] src/pages/Profile.tsx(18,28): error TS2305: Module '"react-icons/fa"' has no exported member 'FaHistory'.
[21:34:39.840] src/pages/Profile.tsx(18,39): error TS2305: Module '"react-icons/fa"' has no exported member 'FaStar'.
[21:34:39.840] src/pages/Profile.tsx(27,7): error TS2559: Type 'ReactElement<any, any>' has no properties in common with type 'ReactNode'.
[21:34:39.840] src/pages/Profile.tsx(27,8): error TS2786: 'Box' cannot be used as a JSX component.
[21:34:39.840]   Its type 'ComponentType<BoxProps>' is not a valid JSX element type.
[21:34:39.840]     Type 'ComponentType<BoxProps>' is not assignable to type '(props: any, deprecatedLegacyContext?: any) => ReactNode'.
[21:34:39.840]       Type 'Element | null' is not assignable to type 'ReactNode'.
[21:34:39.840]         Type 'Element' is not assignable to type 'ReactNode'.
[21:34:39.840]           Property 'children' is missing in type 'Element' but required in type 'ReactPortal'.
[21:34:39.840] src/pages/Profile.tsx(28,9): error TS2559: Type 'ReactElement<any, any>' has no properties in common with type 'ReactNode'.
[21:34:39.840] src/pages/Profile.tsx(29,12): error TS2746: This JSX tag's 'children' prop expects a single child of type 'ReactNode | undefined', but multiple children were provided.
[21:34:39.840] src/pages/Profile.tsx(29,12): error TS2786: 'VStack' cannot be used as a JSX component.
[21:34:39.840]   Its type 'ComponentType<VStackProps>' is not a valid JSX element type.
[21:34:39.840]     Type 'ComponentType<VStackProps>' is not assignable to type '(props: any, deprecatedLegacyContext?: any) => ReactNode'.
[21:34:39.840]       Type 'Element | null' is not assignable to type 'ReactNode'.
[21:34:39.840]         Type 'Element' is not assignable to type 'ReactNode'.
[21:34:39.840]           Property 'children' is missing in type 'Element' but required in type 'ReactPortal'.
[21:34:39.840] src/pages/Profile.tsx(31,14): error TS2786: 'Box' cannot be used as a JSX component.
[21:34:39.840]   Its type 'ComponentType<BoxProps>' is not a valid JSX element type.
[21:34:39.840]     Type 'ComponentType<BoxProps>' is not assignable to type '(props: any, deprecatedLegacyContext?: any) => ReactNode'.
[21:34:39.840]       Type 'Element | null' is not assignable to type 'ReactNode'.
[21:34:39.840]         Type 'Element' is not assignable to type 'ReactNode'.
[21:34:39.840]           Property 'children' is missing in type 'Element' but required in type 'ReactPortal'.
[21:34:39.840] src/pages/Profile.tsx(38,15): error TS2559: Type 'ReactElement<any, any>' has no properties in common with type 'ReactNode'.
[21:34:39.840] src/pages/Profile.tsx(44,18): error TS2746: This JSX tag's 'children' prop expects a single child of type 'ReactNode | undefined', but multiple children were provided.
[21:34:39.841] src/pages/Profile.tsx(44,18): error TS2786: 'VStack' cannot be used as a JSX component.
[21:34:39.841]   Its type 'ComponentType<VStackProps>' is not a valid JSX element type.
[21:34:39.841]     Type 'ComponentType<VStackProps>' is not assignable to type '(props: any, deprecatedLegacyContext?: any) => ReactNode'.
[21:34:39.841]       Type 'Element | null' is not assignable to type 'ReactNode'.
[21:34:39.841]         Type 'Element' is not assignable to type 'ReactNode'.
[21:34:39.841]           Property 'children' is missing in type 'Element' but required in type 'ReactPortal'.
[21:34:39.841] src/pages/Profile.tsx(46,22): error TS2746: This JSX tag's 'children' prop expects a single child of type 'ReactNode | undefined', but multiple children were provided.
[21:34:39.841] src/pages/Profile.tsx(46,22): error TS2786: 'VStack' cannot be used as a JSX component.
[21:34:39.841]   Its type 'ComponentType<VStackProps>' is not a valid JSX element type.
[21:34:39.841]     Type 'ComponentType<VStackProps>' is not assignable to type '(props: any, deprecatedLegacyContext?: any) => ReactNode'.
[21:34:39.841]       Type 'Element | null' is not assignable to type 'ReactNode'.
[21:34:39.841]         Type 'Element' is not assignable to type 'ReactNode'.
[21:34:39.841]           Property 'children' is missing in type 'Element' but required in type 'ReactPortal'.
[21:34:39.841] src/pages/Profile.tsx(47,24): error TS2786: 'Heading' cannot be used as a JSX component.
[21:34:39.841]   Its type 'ComponentType<HeadingProps>' is not a valid JSX element type.
[21:34:39.841]     Type 'ComponentType<HeadingProps>' is not assignable to type '(props: any, deprecatedLegacyContext?: any) => ReactNode'.
[21:34:39.841]       Type 'Element | null' is not assignable to type 'ReactNode'.
[21:34:39.841]         Type 'Element' is not assignable to type 'ReactNode'.
[21:34:39.841]           Property 'children' is missing in type 'Element' but required in type 'ReactPortal'.
[21:34:39.841] src/pages/Profile.tsx(47,56): error TS2559: Type 'string' has no properties in common with type 'ReactNode'.
[21:34:39.841] src/pages/Profile.tsx(48,24): error TS2786: 'Text' cannot be used as a JSX component.
[21:34:39.841]   Its type 'ComponentType<TextProps>' is not a valid JSX element type.
[21:34:39.841]     Type 'ComponentType<TextProps>' is not assignable to type '(props: any, deprecatedLegacyContext?: any) => ReactNode'.
[21:34:39.841]       Type 'Element | null' is not assignable to type 'ReactNode'.
[21:34:39.841]         Type 'Element' is not assignable to type 'ReactNode'.
[21:34:39.841]           Property 'children' is missing in type 'Element' but required in type 'ReactPortal'.
[21:34:39.841] src/pages/Profile.tsx(48,53): error TS2559: Type 'string' has no properties in common with type 'ReactNode'.
[21:34:39.841] src/pages/Profile.tsx(50,22): error TS2786: 'Button' cannot be used as a JSX component.
[21:34:39.841]   Its type 'ComponentType<ButtonProps>' is not a valid JSX element type.
[21:34:39.841]     Type 'ComponentType<ButtonProps>' is not assignable to type '(props: any, deprecatedLegacyContext?: any) => ReactNode'.
[21:34:39.841]       Type 'Element | null' is not assignable to type 'ReactNode'.
[21:34:39.841]         Type 'Element' is not assignable to type 'ReactNode'.
[21:34:39.841]           Property 'children' is missing in type 'Element' but required in type 'ReactPortal'.
[21:34:39.841] src/pages/Profile.tsx(54,22): error TS2559: Type 'string' has no properties in common with type 'ReactNode'.
[21:34:39.841] src/pages/Profile.tsx(58,20): error TS2786: 'Text' cannot be used as a JSX component.
[21:34:39.841]   Its type 'ComponentType<TextProps>' is not a valid JSX element type.
[21:34:39.841]     Type 'ComponentType<TextProps>' is not assignable to type '(props: any, deprecatedLegacyContext?: any) => ReactNode'.
[21:34:39.841]       Type 'Element | null' is not assignable to type 'ReactNode'.
[21:34:39.841]         Type 'Element' is not assignable to type 'ReactNode'.
[21:34:39.841]           Property 'children' is missing in type 'Element' but required in type 'ReactPortal'.
[21:34:39.841] src/pages/Profile.tsx(58,39): error TS2559: Type 'string' has no properties in common with type 'ReactNode'.
[21:34:39.841] src/pages/Profile.tsx(126,16): error TS2786: 'Button' cannot be used as a JSX component.
[21:34:39.841]   Its type 'ComponentType<ButtonProps>' is not a valid JSX element type.
[21:34:39.841]     Type 'ComponentType<ButtonProps>' is not assignable to type '(props: any, deprecatedLegacyContext?: any) => ReactNode'.
[21:34:39.841]       Type 'Element | null' is not assignable to type 'ReactNode'.
[21:34:39.841]         Type 'Element' is not assignable to type 'ReactNode'.
[21:34:39.841]           Property 'children' is missing in type 'Element' but required in type 'ReactPortal'.
[21:34:39.841] src/pages/Profile.tsx(132,16): error TS2559: Type 'string' has no properties in common with type 'ReactNode'.
[21:34:39.841] src/pages/Profile.tsx(135,16): error TS2786: 'Button' cannot be used as a JSX component.
[21:34:39.841]   Its type 'ComponentType<ButtonProps>' is not a valid JSX element type.
[21:34:39.841]     Type 'ComponentType<ButtonProps>' is not assignable to type '(props: any, deprecatedLegacyContext?: any) => ReactNode'.
[21:34:39.841]       Type 'Element | null' is not assignable to type 'ReactNode'.
[21:34:39.841]         Type 'Element' is not assignable to type 'ReactNode'.
[21:34:39.841]           Property 'children' is missing in type 'Element' but required in type 'ReactPortal'.
[21:34:39.841] src/pages/Profile.tsx(141,16): error TS2559: Type 'string' has no properties in common with type 'ReactNode'.
[21:34:39.841] src/pages/Profile.tsx(144,16): error TS2786: 'Button' cannot be used as a JSX component.
[21:34:39.841]   Its type 'ComponentType<ButtonProps>' is not a valid JSX element type.
[21:34:39.841]     Type 'ComponentType<ButtonProps>' is not assignable to type '(props: any, deprecatedLegacyContext?: any) => ReactNode'.
[21:34:39.841]       Type 'Element | null' is not assignable to type 'ReactNode'.
[21:34:39.841]         Type 'Element' is not assignable to type 'ReactNode'.
[21:34:39.841]           Property 'children' is missing in type 'Element' but required in type 'ReactPortal'.
[21:34:39.841] src/pages/Profile.tsx(150,16): error TS2559: Type 'string' has no properties in common with type 'ReactNode'.
[21:34:39.841] src/providers/StoryProtocolProvider.tsx(3,8): error TS6133: 'React' is declared but its value is never read.
[21:34:39.841] src/providers/StoryProtocolProvider.tsx(3,86): error TS2305: Module '"react"' has no exported member 'FC'.
[21:34:39.841] src/providers/StoryProtocolProvider.tsx(35,7): error TS6133: 'formatAddress' is declared but its value is never read.
[21:34:39.841] src/providers/StoryProtocolProvider.tsx(43,52): error TS7031: Binding element 'children' implicitly has an 'any' type.
[21:34:39.841] src/providers/StoryProtocolProvider.tsx(100,6): error TS2786: 'StoryProtocolContext.Provider' cannot be used as a JSX component.
[21:34:39.841]   Its type 'ComponentType<{ value: StoryProtocolContextType; children?: ReactNode | undefined; }>' is not a valid JSX element type.
[21:34:39.841]     Type 'ComponentType<{ value: StoryProtocolContextType; children?: ReactNode | undefined; }>' is not assignable to type '(props: any, deprecatedLegacyContext?: any) => ReactNode'.
[21:34:39.841]       Type 'Element | null' is not assignable to type 'ReactNode'.
[21:34:39.841]         Type 'Element' is not assignable to type 'ReactNode'.
[21:34:39.841]           Property 'children' is missing in type 'Element' but required in type 'ReactPortal'.
[21:34:39.841] src/test-sdk.ts(7,24): error TS2339: Property 'default' does not exist on type 'typeof import("/vercel/path0/frontend/node_modules/@story-protocol/core-sdk/dist/story-protocol-core-sdk.cjs")'.
[21:34:39.841] src/test/setup.ts(2,20): error TS2307: Cannot find module 'vitest' or its corresponding type declarations.
[21:34:39.841] src/tests/DeBridge.test.ts(1,32): error TS6133: 'beforeAll' is declared but its value is never read.
[21:34:39.841] src/tests/DeBridge.test.ts(1,49): error TS2307: Cannot find module 'vitest' or its corresponding type declarations.
[21:34:39.841] src/tests/DeBridge.test.ts(3,1): error TS6133: 'useAuth' is declared but its value is never read.
[21:34:39.841] src/tests/DeBridge.test.ts(39,11): error TS2345: Argument of type 'string' is not assignable to parameter of type '`0x${string}`'.
[21:34:39.841] src/tests/DeBridge.test.ts(56,11): error TS2345: Argument of type 'string' is not assignable to parameter of type '`0x${string}`'.
[21:34:39.841] src/tests/DeBridge.test.ts(74,49): error TS2345: Argument of type 'number' is not assignable to parameter of type 'bigint'.
[21:34:39.841] src/tests/DeBridge.test.ts(86,26): error TS2345: Argument of type 'string' is not assignable to parameter of type '`0x${string}`'.
[21:34:39.841] src/theme.ts(1,10): error TS2305: Module '"@chakra-ui/react"' has no exported member 'extendTheme'.
[21:34:39.841] src/utils/ipfs.ts(53,47): error TS2339: Property 'metadataTemplate' does not exist on type '{ rpcUrl: any; chainId: number; ipfsGateway: string; supportedFileTypes: string[]; maxFileSize: number; metadata: { name: string; description: string; version: string; }; }'.
[21:34:39.885] Error: Command "npm run build" exited with 2
[21:34:40.936] 
[21:34:43.908] Exiting build container